Archive member included to satisfy reference by file (symbol)

../StdPeriphDriver\libISP583.a(ISP583.o)
                              ./Task/app_db.o (FLASH_EEPROM_CMD)
d:/软件工具/mounriver_studio_setup_v142/mounriver_studio/toolchain/risc-v embedded gcc/bin/../lib/gcc/riscv-none-embed/8.2.0/../../../../riscv-none-embed/lib/rv32imac/ilp32\libm.a(lib_a-s_cos.o)
                              ./Task/app_gps.o (cos)
d:/软件工具/mounriver_studio_setup_v142/mounriver_studio/toolchain/risc-v embedded gcc/bin/../lib/gcc/riscv-none-embed/8.2.0/../../../../riscv-none-embed/lib/rv32imac/ilp32\libm.a(lib_a-s_sin.o)
                              ./Task/app_gps.o (sin)
d:/软件工具/mounriver_studio_setup_v142/mounriver_studio/toolchain/risc-v embedded gcc/bin/../lib/gcc/riscv-none-embed/8.2.0/../../../../riscv-none-embed/lib/rv32imac/ilp32\libm.a(lib_a-w_asin.o)
                              ./Task/app_gps.o (asin)
d:/软件工具/mounriver_studio_setup_v142/mounriver_studio/toolchain/risc-v embedded gcc/bin/../lib/gcc/riscv-none-embed/8.2.0/../../../../riscv-none-embed/lib/rv32imac/ilp32\libm.a(lib_a-w_pow.o)
                              ./Task/app_gps.o (pow)
d:/软件工具/mounriver_studio_setup_v142/mounriver_studio/toolchain/risc-v embedded gcc/bin/../lib/gcc/riscv-none-embed/8.2.0/../../../../riscv-none-embed/lib/rv32imac/ilp32\libm.a(lib_a-w_sqrt.o)
                              ./Task/app_gps.o (sqrt)
d:/软件工具/mounriver_studio_setup_v142/mounriver_studio/toolchain/risc-v embedded gcc/bin/../lib/gcc/riscv-none-embed/8.2.0/../../../../riscv-none-embed/lib/rv32imac/ilp32\libm.a(lib_a-e_asin.o)
                              d:/软件工具/mounriver_studio_setup_v142/mounriver_studio/toolchain/risc-v embedded gcc/bin/../lib/gcc/riscv-none-embed/8.2.0/../../../../riscv-none-embed/lib/rv32imac/ilp32\libm.a(lib_a-w_asin.o) (__ieee754_asin)
d:/软件工具/mounriver_studio_setup_v142/mounriver_studio/toolchain/risc-v embedded gcc/bin/../lib/gcc/riscv-none-embed/8.2.0/../../../../riscv-none-embed/lib/rv32imac/ilp32\libm.a(lib_a-e_pow.o)
                              d:/软件工具/mounriver_studio_setup_v142/mounriver_studio/toolchain/risc-v embedded gcc/bin/../lib/gcc/riscv-none-embed/8.2.0/../../../../riscv-none-embed/lib/rv32imac/ilp32\libm.a(lib_a-w_pow.o) (__ieee754_pow)
d:/软件工具/mounriver_studio_setup_v142/mounriver_studio/toolchain/risc-v embedded gcc/bin/../lib/gcc/riscv-none-embed/8.2.0/../../../../riscv-none-embed/lib/rv32imac/ilp32\libm.a(lib_a-e_rem_pio2.o)
                              d:/软件工具/mounriver_studio_setup_v142/mounriver_studio/toolchain/risc-v embedded gcc/bin/../lib/gcc/riscv-none-embed/8.2.0/../../../../riscv-none-embed/lib/rv32imac/ilp32\libm.a(lib_a-s_cos.o) (__ieee754_rem_pio2)
d:/软件工具/mounriver_studio_setup_v142/mounriver_studio/toolchain/risc-v embedded gcc/bin/../lib/gcc/riscv-none-embed/8.2.0/../../../../riscv-none-embed/lib/rv32imac/ilp32\libm.a(lib_a-e_sqrt.o)
                              d:/软件工具/mounriver_studio_setup_v142/mounriver_studio/toolchain/risc-v embedded gcc/bin/../lib/gcc/riscv-none-embed/8.2.0/../../../../riscv-none-embed/lib/rv32imac/ilp32\libm.a(lib_a-w_sqrt.o) (__ieee754_sqrt)
d:/软件工具/mounriver_studio_setup_v142/mounriver_studio/toolchain/risc-v embedded gcc/bin/../lib/gcc/riscv-none-embed/8.2.0/../../../../riscv-none-embed/lib/rv32imac/ilp32\libm.a(lib_a-k_cos.o)
                              d:/软件工具/mounriver_studio_setup_v142/mounriver_studio/toolchain/risc-v embedded gcc/bin/../lib/gcc/riscv-none-embed/8.2.0/../../../../riscv-none-embed/lib/rv32imac/ilp32\libm.a(lib_a-s_cos.o) (__kernel_cos)
d:/软件工具/mounriver_studio_setup_v142/mounriver_studio/toolchain/risc-v embedded gcc/bin/../lib/gcc/riscv-none-embed/8.2.0/../../../../riscv-none-embed/lib/rv32imac/ilp32\libm.a(lib_a-k_rem_pio2.o)
                              d:/软件工具/mounriver_studio_setup_v142/mounriver_studio/toolchain/risc-v embedded gcc/bin/../lib/gcc/riscv-none-embed/8.2.0/../../../../riscv-none-embed/lib/rv32imac/ilp32\libm.a(lib_a-e_rem_pio2.o) (__kernel_rem_pio2)
d:/软件工具/mounriver_studio_setup_v142/mounriver_studio/toolchain/risc-v embedded gcc/bin/../lib/gcc/riscv-none-embed/8.2.0/../../../../riscv-none-embed/lib/rv32imac/ilp32\libm.a(lib_a-k_sin.o)
                              d:/软件工具/mounriver_studio_setup_v142/mounriver_studio/toolchain/risc-v embedded gcc/bin/../lib/gcc/riscv-none-embed/8.2.0/../../../../riscv-none-embed/lib/rv32imac/ilp32\libm.a(lib_a-s_cos.o) (__kernel_sin)
d:/软件工具/mounriver_studio_setup_v142/mounriver_studio/toolchain/risc-v embedded gcc/bin/../lib/gcc/riscv-none-embed/8.2.0/../../../../riscv-none-embed/lib/rv32imac/ilp32\libm.a(lib_a-s_fabs.o)
                              d:/软件工具/mounriver_studio_setup_v142/mounriver_studio/toolchain/risc-v embedded gcc/bin/../lib/gcc/riscv-none-embed/8.2.0/../../../../riscv-none-embed/lib/rv32imac/ilp32\libm.a(lib_a-w_asin.o) (fabs)
[...]
Memory Configuration

Name             Origin             Length             Attributes
FLASH            0x0000000000000000 0x0000000000064000 xr
RAM              0x0000000020000000 0x0000000000008000 xrw
*default*        0x0000000000000000 0xffffffffffffffff

Linker script and memory map

LOAD ./Task/aes.o
LOAD ./Task/app_atcmd.o
LOAD ./Task/app_db.o
LOAD ./Task/app_gps.o
LOAD ./Task/app_instructioncmd.o
LOAD ./Task/app_jt808.o
LOAD ./Task/app_kernal.o
LOAD ./Task/app_mir3da.o
LOAD ./Task/app_net.o
LOAD ./Task/app_param.o
LOAD ./Task/app_port.o
LOAD ./Task/app_protocol.o
LOAD ./Task/app_server.o
LOAD ./Task/app_socket.o
LOAD ./Task/app_sys.o
LOAD ./Task/app_task.o
LOAD ./StdPeriphDriver/CH58x_adc.o
LOAD ./StdPeriphDriver/CH58x_clk.o
LOAD ./StdPeriphDriver/CH58x_flash.o
LOAD ./StdPeriphDriver/CH58x_gpio.o
LOAD ./StdPeriphDriver/CH58x_i2c.o
LOAD ./StdPeriphDriver/CH58x_pwm.o
LOAD ./StdPeriphDriver/CH58x_pwr.o
LOAD ./StdPeriphDriver/CH58x_spi0.o
LOAD ./StdPeriphDriver/CH58x_spi1.o
LOAD ./StdPeriphDriver/CH58x_sys.o
LOAD ./StdPeriphDriver/CH58x_timer0.o
LOAD ./StdPeriphDriver/CH58x_timer1.o
LOAD ./StdPeriphDriver/CH58x_timer2.o
LOAD ./StdPeriphDriver/CH58x_timer3.o
LOAD ./StdPeriphDriver/CH58x_uart0.o
LOAD ./StdPeriphDriver/CH58x_uart1.o
LOAD ./StdPeriphDriver/CH58x_uart2.o
LOAD ./StdPeriphDriver/CH58x_uart3.o
LOAD ./StdPeriphDriver/CH58x_usb2dev.o
LOAD ./StdPeriphDriver/CH58x_usb2hostBase.o
LOAD ./StdPeriphDriver/CH58x_usb2hostClass.o
LOAD ./StdPeriphDriver/CH58x_usbdev.o
LOAD ./StdPeriphDriver/CH58x_usbhostBase.o
LOAD ./StdPeriphDriver/CH58x_usbhostClass.o
LOAD ./Startup/startup_CH583.o
LOAD ./RVMSIS/core_riscv.o
LOAD ./HAL/KEY.o
LOAD ./HAL/LED.o
LOAD ./HAL/MCU.o
LOAD ./HAL/RTC.o
LOAD ./HAL/SLEEP.o
LOAD ./APP/app_broadcaster.o
LOAD ./APP/app_central.o
LOAD ./APP/app_main.o
LOAD ./APP/app_peripheral.o
LOAD ../StdPeriphDriver\libISP583.a
LOAD d:/软件工具/mounriver_studio_setup_v142/mounriver_studio/toolchain/risc-v embedded gcc/bin/../lib/gcc/riscv-none-embed/8.2.0/../../../../riscv-none-embed/lib/rv32imac/ilp32\libm.a
LOAD R:\CODE\CHcode\CH582\TN09_Air700F\TN09_Air700F_app\LIB\libCH58xBLE.a
LOAD d:/软件工具/mounriver_studio_setup_v142/mounriver_studio/toolchain/risc-v embedded gcc/bin/../lib/gcc/riscv-none-embed/8.2.0/rv32imac/ilp32\libgcc.a
LOAD d:/软件工具/mounriver_studio_setup_v142/mounriver_studio/toolchain/risc-v embedded gcc/bin/../lib/gcc/riscv-none-embed/8.2.0/../../../../riscv-none-embed/lib/rv32imac/ilp32\libg_nano.a
LOAD d:/软件工具/mounriver_studio_setup_v142/mounriver_studio/toolchain/risc-v embedded gcc/bin/../lib/gcc/riscv-none-embed/8.2.0/../../../../riscv-none-embed/lib/rv32imac/ilp32\libc_nano.a
LOAD d:/软件工具/mounriver_studio_setup_v142/mounriver_studio/toolchain/risc-v embedded gcc/bin/../lib/gcc/riscv-none-embed/8.2.0/rv32imac/ilp32\libgcc.a
START GROUP
LOAD d:/软件工具/mounriver_studio_setup_v142/mounriver_studio/toolchain/risc-v embedded gcc/bin/../lib/gcc/riscv-none-embed/8.2.0/rv32imac/ilp32\libgcc.a
LOAD d:/软件工具/mounriver_studio_setup_v142/mounriver_studio/toolchain/risc-v embedded gcc/bin/../lib/gcc/riscv-none-embed/8.2.0/../../../../riscv-none-embed/lib/rv32imac/ilp32\libc_nano.a
LOAD d:/软件工具/mounriver_studio_setup_v142/mounriver_studio/toolchain/risc-v embedded gcc/bin/../lib/gcc/riscv-none-embed/8.2.0/../../../../riscv-none-embed/lib/rv32imac/ilp32\libnosys.a
END GROUP
START GROUP
LOAD d:/软件工具/mounriver_studio_setup_v142/mounriver_studio/toolchain/risc-v embedded gcc/bin/../lib/gcc/riscv-none-embed/8.2.0/rv32imac/ilp32\libgcc.a
LOAD d:/软件工具/mounriver_studio_setup_v142/mounriver_studio/toolchain/risc-v embedded gcc/bin/../lib/gcc/riscv-none-embed/8.2.0/../../../../riscv-none-embed/lib/rv32imac/ilp32\libc_nano.a
LOAD d:/软件工具/mounriver_studio_setup_v142/mounriver_studio/toolchain/risc-v embedded gcc/bin/../lib/gcc/riscv-none-embed/8.2.0/../../../../riscv-none-embed/lib/rv32imac/ilp32\libnosys.a
END GROUP

.init           0x0000000000000000        0x4
                0x0000000000000000                _sinit = .
                0x0000000000000000                . = ALIGN (0x4)
 *(SORT_NONE(.init))
 .init          0x0000000000000000        0x4 ./Startup/startup_CH583.o
                0x0000000000000000                _start
                0x0000000000000004                . = ALIGN (0x4)
                0x0000000000000004                _einit = .

.highcodelalign
                0x0000000000000004        0x0
                0x0000000000000004                . = ALIGN (0x4)
                0x0000000000000004                PROVIDE (_highcode_lma = .)

.highcode       0x0000000020000000     0x2634 load address 0x0000000000000004
                0x0000000020000000                . = ALIGN (0x4)
                0x0000000020000000                PROVIDE (_highcode_vma_start = .)
 *(.vector)
 .vector        0x0000000020000000       0x90 ./Startup/startup_CH583.o
 *(SORT_NONE(.vector_handler))
 .vector_handler
                0x0000000020000090       0x36 ./Startup/startup_CH583.o
                0x0000000020000090                NMI_Handler
                0x0000000020000094                Ecall_M_Mode_Handler
                0x0000000020000096                Ecall_U_Mode_Handler
                0x0000000020000098                Break_Point_Handler
                0x000000002000009a                SysTick_Handler
                0x000000002000009c                SW_Handler
                0x000000002000009e                TMR0_IRQHandler
                0x00000000200000a4                SPI0_IRQHandler
                0x00000000200000a6                BB_IRQHandler
                0x00000000200000a8                LLE_IRQHandler
                0x00000000200000aa                USB_IRQHandler
                0x00000000200000ac                USB2_IRQHandler
                0x00000000200000ae                TMR1_IRQHandler
                0x00000000200000b0                TMR2_IRQHandler
                0x00000000200000b8                ADC_IRQHandler
                0x00000000200000ba                I2C_IRQHandler
                0x00000000200000bc                PWMX_IRQHandler
                0x00000000200000be                TMR3_IRQHandler
                0x00000000200000c4                WDOG_BAT_IRQHandler
 *(.highcode)
 .highcode      0x00000000200000c6      0x284 ./Task/app_port.o
                0x00000000200000c6                UART0_IRQHandler
                0x000000002000015e                UART1_IRQHandler
                0x00000000200001f6                UART2_IRQHandler
                0x000000002000028e                UART3_IRQHandler
                0x0000000020000326                GPIOA_IRQHandler
                0x000000002000032a                GPIOB_IRQHandler
 .highcode      0x000000002000034a      0x334 ./StdPeriphDriver/CH58x_pwr.o
                0x000000002000034a                LowPower_Idle
                0x0000000020000388                LowPower_Halt
                0x0000000020000454                LowPower_Sleep
                0x0000000020000584                LowPower_Shutdown
 .highcode      0x000000002000067e      0x22c ./StdPeriphDriver/CH58x_sys.o
                0x000000002000067e                SetSysClock
                0x00000000200007f2                SYS_ResetExecute
                0x000000002000082e                HardFault_Handler
                0x0000000020000874                mDelayuS
                0x0000000020000882                mDelaymS
 .highcode      0x00000000200008aa       0x1a ./HAL/RTC.o
                0x00000000200008aa                RTC_IRQHandler
 .highcode      0x00000000200008c4        0x8 ./APP/app_main.o
                0x00000000200008c4                Main_Circulation
 .highcode      0x00000000200008cc      0x426 ../StdPeriphDriver\libISP583.a(ISP583.o)
                0x00000000200008cc                FLASH_ROM_BEG
                0x00000000200008de                FLASH_ROM_END
                0x00000000200008ec                FLASH_ROM_IN
                0x00000000200008fa                FLASH_ROM_OUT
                0x0000000020000908                FLASH_ROM_ADDR
                0x0000000020000950                FLASH_ROM_WAIT
                0x0000000020000988                FLASH_EEPROM_CMD
 .highcode      0x0000000020000cf2      0x44c R:\CODE\CHcode\CH582\TN09_Air700F\TN09_Air700F_app\LIB\libCH58xBLE.a(tmos.o)
                0x0000000020000cf2                tmos_memcpy
                0x0000000020000d12                tmos_memcpy_word
                0x0000000020000d2a                tmos_memset
                0x0000000020000d3c                tmos_strlen
                0x0000000020000d50                tmos_memdup
                0x0000000020000d82                tmos_memcmp
                0x0000000020000db0                tmos_revmemcpy
                0x0000000020000dcc                tmos_isbufset
                0x0000000020000dee                tmos_proces_system_time
                0x0000000020000f38                TMOS_SystemProcess
 .highcode      0x000000002000113e       0x4c R:\CODE\CHcode\CH582\TN09_Air700F\TN09_Air700F_app\LIB\libCH58xBLE.a(tmos_hw.o)
                0x0000000020001188                TMOS_TimerIRQHandler
 .highcode      0x000000002000118a      0x2d2 R:\CODE\CHcode\CH582\TN09_Air700F\TN09_Air700F_app\LIB\libCH58xBLE.a(ll_connect.o)
                0x000000002000118a                ll_connect_send_data
                0x00000000200012b2                ll_connect_recv_data
                0x0000000020001392                ll_connect_event_continue
 .highcode      0x000000002000145c      0x310 R:\CODE\CHcode\CH582\TN09_Air700F\TN09_Air700F_app\LIB\libCH58xBLE.a(ll_hop.o)
                0x000000002000145c                LL_HopGetChannel
                0x0000000020001502                LL_HopGetChannel2
 .highcode      0x000000002000176c       0xa4 R:\CODE\CHcode\CH582\TN09_Air700F\TN09_Air700F_app\LIB\libCH58xBLE.a(ll_scan.o)
                0x000000002000176c                ll_scan_duplicate_filter
 .highcode      0x0000000020001810       0x50 R:\CODE\CHcode\CH582\TN09_Air700F\TN09_Air700F_app\LIB\libCH58xBLE.a(ll_whitelist.o)
                0x0000000020001810                LL_WhitelistLookup
 .highcode      0x0000000020001860      0x1e0 R:\CODE\CHcode\CH582\TN09_Air700F\TN09_Air700F_app\LIB\libCH58xBLE.a(aes.o)
                0x0000000020001860                AES_DevAESEnc
 .highcode      0x0000000020001a40      0x15a R:\CODE\CHcode\CH582\TN09_Air700F\TN09_Air700F_app\LIB\libCH58xBLE.a(bb.o)
                0x0000000020001a40                BB_IRQLibHandler
                0x0000000020001b50                BB_IRQLibFunction
 .highcode      0x0000000020001b9a      0x3dc R:\CODE\CHcode\CH582\TN09_Air700F\TN09_Air700F_app\LIB\libCH58xBLE.a(ip.o)
                0x0000000020001b9a                ll_rx_wait_finish
                0x0000000020001bd8                ble_ll_chkcrc
                0x0000000020001c7a                ll_tx_wait_finish
                0x0000000020001d9e                BLE_CheckHoppingMap
 .highcode      0x0000000020001f76      0x23c R:\CODE\CHcode\CH582\TN09_Air700F\TN09_Air700F_app\LIB\libCH58xBLE.a(lle.o)
                0x0000000020001f76                LLE_IRQLibHandler
                0x0000000020002168                LLE_IRQLibFunction
 .highcode      0x00000000200021b2      0x1be R:\CODE\CHcode\CH582\TN09_Air700F\TN09_Air700F_app\LIB\libCH58xBLE.a(rf_fh.o)
                0x00000000200021b2                RF_HopGetChannel
                0x0000000020002220                RF_FrequencyHoppingGet
                0x00000000200022d6                RF_FrequencyHoppingChange
 .highcode      0x0000000020002370       0x30 R:\CODE\CHcode\CH582\TN09_Air700F\TN09_Air700F_app\LIB\libCH58xBLE.a(rfend.o)
                0x0000000020002370                RFEND_WaitTune
 .highcode      0x00000000200023a0      0x1ba R:\CODE\CHcode\CH582\TN09_Air700F\TN09_Air700F_app\LIB\libCH58xBLE.a(memory.o)
                0x00000000200023a0                tmos_memory_allocate
                0x0000000020002472                tmos_memory_free
 .highcode      0x000000002000255a       0xd8 R:\CODE\CHcode\CH582\TN09_Air700F\TN09_Air700F_app\LIB\libCH58xBLE.a(ll_resolvinglist.o)
                0x000000002000255a                LL_ResolvinglistPeerIdentifyAddressGetIrk
                0x00000000200025ae                LL_ResolvinglistPeerRpaAddressGetIrk
                0x00000000200025f0                LL_ResolvinglistLocalRpaAddressGetIrk
 *(.highcode.*)
                0x0000000020002634                . = ALIGN (0x4)
 *fill*         0x0000000020002632        0x2 
                0x0000000020002634                PROVIDE (_highcode_vma_end = .)

.text           0x0000000000002638    0x3e8c4
                0x0000000000002638                . = ALIGN (0x4)
 *(SORT_NONE(.handle_reset))
 .handle_reset  0x0000000000002638       0xb2 ./Startup/startup_CH583.o
                0x0000000000002638                handle_reset
 *(.text)
 .text          0x00000000000026ea       0xa8 d:/软件工具/mounriver_studio_setup_v142/mounriver_studio/toolchain/risc-v embedded gcc/bin/../lib/gcc/riscv-none-embed/8.2.0/../../../../riscv-none-embed/lib/rv32imac/ilp32\libg_nano.a(lib_a-memset.o)
                0x00000000000026ea                memset
 .text          0x0000000000002792      0x11e d:/软件工具/mounriver_studio_setup_v142/mounriver_studio/toolchain/risc-v embedded gcc/bin/../lib/gcc/riscv-none-embed/8.2.0/../../../../riscv-none-embed/lib/rv32imac/ilp32\libg_nano.a(lib_a-strcmp.o)
                0x0000000000002792                strcmp
 *(.text.*)
 .text.convertToIntArray
                0x00000000000028b0       0x2a ./Task/aes.o
 .text.splitIntToArray
                0x00000000000028da       0x22 ./Task/aes.o
 .text.leftLoop4int
                0x00000000000028fc       0x34 ./Task/aes.o
 .text.extendKey
                0x0000000000002930       0xf0 ./Task/aes.o
 .text.addRoundKey
                0x0000000000002a20       0x5e ./Task/aes.o
 .text.shiftRows
                0x0000000000002a7e       0x70 ./Task/aes.o
 .text.GFMul2   0x0000000000002aee       0x12 ./Task/aes.o
 .text.GFMul4   0x0000000000002b00        0xc ./Task/aes.o
 .text.convertArrayToStr
                0x0000000000002b0c       0x2c ./Task/aes.o
 .text.deSubBytes
                0x0000000000002b38       0x38 ./Task/aes.o
 .text.rightLoop4int
                0x0000000000002b70       0x44 ./Task/aes.o
 .text.deShiftRows
                0x0000000000002bb4       0x70 ./Task/aes.o
 .text.subBytes
                0x0000000000002c24       0x38 ./Task/aes.o
 .text.GFMul    0x0000000000002c5c       0x84 ./Task/aes.o
 .text.deMixColumns
                0x0000000000002ce0       0xba ./Task/aes.o
 .text.aes      0x0000000000002d9a      0x146 ./Task/aes.o
                0x0000000000002d9a                aes
 .text.deAes    0x0000000000002ee0      0x11c ./Task/aes.o
                0x0000000000002ee0                deAes
 .text.encryptData
                0x0000000000002ffc       0xb0 ./Task/aes.o
                0x0000000000002ffc                encryptData
 .text.dencryptData
                0x00000000000030ac       0x94 ./Task/aes.o
                0x00000000000030ac                dencryptData
 .text.atCmdIMEIParser
                0x0000000000003140       0x2c ./Task/app_atcmd.o
                0x0000000000003140                atCmdIMEIParser
 .text.atCmdParserFunction
                0x000000000000316c      0x5b8 ./Task/app_atcmd.o
                0x000000000000316c                atCmdParserFunction
 .text.dbInfoWrite
                0x0000000000003724       0x34 ./Task/app_db.o
 .text.dbSectionWrite
                0x0000000000003758      0x14a ./Task/app_db.o
 .text.dbInfoClear
                0x00000000000038a2       0x36 ./Task/app_db.o
                0x00000000000038a2                dbInfoClear
 .text.dbInfoRead
                0x00000000000038d8       0x42 ./Task/app_db.o
                0x00000000000038d8                dbInfoRead
 .text.dbUpload
                0x000000000000391a      0x120 ./Task/app_db.o
                0x000000000000391a                dbUpload
 .text.dbCircularWrite
                0x0000000000003a3a       0xb4 ./Task/app_db.o
                0x0000000000003a3a                dbCircularWrite
 .text.dbSaveRelease
                0x0000000000003aee       0x50 ./Task/app_db.o
                0x0000000000003aee                dbSaveRelease
 .text.dbSave   0x0000000000003b3e       0x60 ./Task/app_db.o
                0x0000000000003b3e                dbSave
 .text.dbCircularRead
                0x0000000000003b9e      0x10a ./Task/app_db.o
                0x0000000000003b9e                dbCircularRead
 .text.initLastPoint
                0x0000000000003ca8       0x38 ./Task/app_gps.o
 .text.charstrToHexValue
                0x0000000000003ce0       0xda ./Task/app_gps.o
                0x0000000000003ce0                charstrToHexValue
 .text.parse_GSA
                0x0000000000003dba       0x3a ./Task/app_gps.o
                0x0000000000003dba                parse_GSA
 .text.parse_GSV
                0x0000000000003df4      0x1fa ./Task/app_gps.o
                0x0000000000003df4                parse_GSV
 .text.parse_GGA
                0x0000000000003fee       0x4c ./Task/app_gps.o
                0x0000000000003fee                parse_GGA
 .text.latitude_to_double
                0x000000000000403a       0xbc ./Task/app_gps.o
                0x000000000000403a                latitude_to_double
 .text.longitude_to_double
                0x00000000000040f6       0xbc ./Task/app_gps.o
                0x00000000000040f6                longitude_to_double
 .text.changeUTCTimeToLocalTime
                0x00000000000041b2      0x17e ./Task/app_gps.o
                0x00000000000041b2                changeUTCTimeToLocalTime
 .text.updateLocalRTCTime
                0x0000000000004330       0x86 ./Task/app_gps.o
                0x0000000000004330                updateLocalRTCTime
 .text.showgpsinfo
                0x00000000000043b6      0x1b6 ./Task/app_gps.o
                0x00000000000043b6                showgpsinfo
 .text.parse_RMC
                0x000000000000456c      0x242 ./Task/app_gps.o
                0x000000000000456c                parse_RMC
 .text.parseGPS
                0x00000000000047ae      0x164 ./Task/app_gps.o
                0x00000000000047ae                parseGPS
 .text.nmeaParser
                0x0000000000004912       0x80 ./Task/app_gps.o
                0x0000000000004912                nmeaParser
 .text.getCurrentGPSInfo
                0x0000000000004992       0x16 ./Task/app_gps.o
                0x0000000000004992                getCurrentGPSInfo
 .text.getLastFixedGPSInfo
                0x00000000000049a8        0x6 ./Task/app_gps.o
                0x00000000000049a8                getLastFixedGPSInfo
 .text.gpsUploadPointToServer
                0x00000000000049ae      0x422 ./Task/app_gps.o
                0x00000000000049ae                gpsUploadPointToServer
 .text.serverChangeCallBack
                0x0000000000004dd0       0x38 ./Task/app_instructioncmd.o
 .text.sendMsgWithMode
                0x0000000000004e08       0x7c ./Task/app_instructioncmd.o
 .text.do123Instruction
                0x0000000000004e84       0x80 ./Task/app_instructioncmd.o
                0x0000000000004e84                do123Instruction
 .text.doAPNInstruction
                0x0000000000004f04       0xf4 ./Task/app_instructioncmd.o
                0x0000000000004f04                doAPNInstruction
 .text.doUPSInstruction
                0x0000000000004ff8       0xe8 ./Task/app_instructioncmd.o
                0x0000000000004ff8                doUPSInstruction
 .text.doLOWWInstruction
                0x00000000000050e0       0xaa ./Task/app_instructioncmd.o
                0x00000000000050e0                doLOWWInstruction
 .text.doLEDInstruction
                0x000000000000518a       0x7a ./Task/app_instructioncmd.o
                0x000000000000518a                doLEDInstruction
 .text.doPOITYPEInstruction
                0x0000000000005204       0xde ./Task/app_instructioncmd.o
                0x0000000000005204                doPOITYPEInstruction
 .text.doResetInstruction
                0x00000000000052e2       0x28 ./Task/app_instructioncmd.o
                0x00000000000052e2                doResetInstruction
 .text.doUTCInstruction
                0x000000000000530a       0xc4 ./Task/app_instructioncmd.o
                0x000000000000530a                doUTCInstruction
 .text.doDebugInstrucion
                0x00000000000053ce       0xcc ./Task/app_instructioncmd.o
                0x00000000000053ce                doDebugInstrucion
 .text.doACCCTLGNSSInstrucion
                0x000000000000549a       0x94 ./Task/app_instructioncmd.o
                0x000000000000549a                doACCCTLGNSSInstrucion
 .text.doAccdetmodeInstruction
                0x000000000000552e       0xac ./Task/app_instructioncmd.o
                0x000000000000552e                doAccdetmodeInstruction
 .text.doFenceInstrucion
                0x00000000000055da       0x5c ./Task/app_instructioncmd.o
                0x00000000000055da                doFenceInstrucion
 .text.doIccidInstrucion
                0x0000000000005636       0x2a ./Task/app_instructioncmd.o
                0x0000000000005636                doIccidInstrucion
 .text.doFactoryInstrucion
                0x0000000000005660       0x44 ./Task/app_instructioncmd.o
                0x0000000000005660                doFactoryInstrucion
 .text.doSetAgpsInstruction
                0x00000000000056a4       0xd2 ./Task/app_instructioncmd.o
                0x00000000000056a4                doSetAgpsInstruction
 .text.doTimerInstrucion
                0x0000000000005776       0xa4 ./Task/app_instructioncmd.o
                0x0000000000005776                doTimerInstrucion
 .text.doSOSInstruction
                0x000000000000581a      0x206 ./Task/app_instructioncmd.o
                0x000000000000581a                doSOSInstruction
 .text.doCenterInstruction
                0x0000000000005a20      0x19a ./Task/app_instructioncmd.o
                0x0000000000005a20                doCenterInstruction
 .text.doSosAlmInstruction
                0x0000000000005bba      0x104 ./Task/app_instructioncmd.o
                0x0000000000005bba                doSosAlmInstruction
 .text.instructionParser
                0x0000000000005cbe      0xd1a ./Task/app_instructioncmd.o
                0x0000000000005cbe                instructionParser
 .text.jt808GetSerial
                0x00000000000069d8       0x12 ./Task/app_jt808.o
 .text.jt808PackMessageTail
                0x00000000000069ea       0x54 ./Task/app_jt808.o
 .text.byteToBcd
                0x0000000000006a3e       0x1c ./Task/app_jt808.o
 .text.jt808gpsRestoreChange
                0x0000000000006a5a       0xee ./Task/app_jt808.o
 .text.jt808Escape
                0x0000000000006b48       0xea ./Task/app_jt808.o
 .text.jt808UpdateStatus.part.5
                0x0000000000006c32       0x10 ./Task/app_jt808.o
 .text.jt808PackGpsinfo
                0x0000000000006c42      0x1f2 ./Task/app_jt808.o
 .text.jt808PositionInfo.constprop.15
                0x0000000000006e34      0x1fe ./Task/app_jt808.o
 .text.jt808PackMessageHead.constprop.19
                0x0000000000007032       0x4a ./Task/app_jt808.o
 .text.jt808TerminalPosition.constprop.14
                0x000000000000707c       0xae ./Task/app_jt808.o
 .text.jt808CreateSn
                0x000000000000712a       0x56 ./Task/app_jt808.o
                0x000000000000712a                jt808CreateSn
 .text.jt808UpdateStatus
                0x0000000000007180       0x16 ./Task/app_jt808.o
                0x0000000000007180                jt808UpdateStatus
 .text.jt808RegisterTcpSend
                0x0000000000007196        0x6 ./Task/app_jt808.o
                0x0000000000007196                jt808RegisterTcpSend
 .text.jt808RegisterLoginInfo
                0x000000000000719c       0x64 ./Task/app_jt808.o
                0x000000000000719c                jt808RegisterLoginInfo
 .text.jt808RegisterManufactureId
                0x0000000000007200       0x16 ./Task/app_jt808.o
                0x0000000000007200                jt808RegisterManufactureId
 .text.jt808RegisterTerminalType
                0x0000000000007216       0x16 ./Task/app_jt808.o
                0x0000000000007216                jt808RegisterTerminalType
 .text.jt808RegisterTerminalId
                0x000000000000722c       0x16 ./Task/app_jt808.o
                0x000000000000722c                jt808RegisterTerminalId
 .text.jt808TcpSend
                0x0000000000007242       0x22 ./Task/app_jt808.o
                0x0000000000007242                jt808TcpSend
 .text.jt808BatchUpload.constprop.9
                0x0000000000007264      0x10c ./Task/app_jt808.o
 .text.jt808TranmissionData.constprop.10
                0x0000000000007370       0xca ./Task/app_jt808.o
 .text.jt808gpsRestoreDataSend
                0x000000000000743a       0x24 ./Task/app_jt808.o
                0x000000000000743a                jt808gpsRestoreDataSend
 .text.jt808SendToServer
                0x000000000000745e      0x4ae ./Task/app_jt808.o
                0x000000000000745e                jt808SendToServer
 .text.jt808ReceiveParser
                0x000000000000790c      0x39c ./Task/app_jt808.o
                0x000000000000790c                jt808ReceiveParser
 .text.systemTickInc
                0x0000000000007ca8        0xc ./Task/app_kernal.o
                0x0000000000007ca8                systemTickInc
 .text.startTimer
                0x0000000000007cb4      0x106 ./Task/app_kernal.o
                0x0000000000007cb4                startTimer
 .text.stopTimer
                0x0000000000007dba       0x76 ./Task/app_kernal.o
                0x0000000000007dba                stopTimer
 .text.kernalRun
                0x0000000000007e30       0xbe ./Task/app_kernal.o
                0x0000000000007e30                kernalRun
 .text.systemTaskSuspend
                0x0000000000007eee       0x2c ./Task/app_kernal.o
                0x0000000000007eee                systemTaskSuspend
 .text.systemTaskResume
                0x0000000000007f1a       0x2e ./Task/app_kernal.o
                0x0000000000007f1a                systemTaskResume
 .text.createSystemTask
                0x0000000000007f48        0xc ./Task/app_kernal.o
                0x0000000000007f48                createSystemTask
 .text.mir3da_register_read
                0x0000000000007f54       0x24 ./Task/app_mir3da.o
                0x0000000000007f54                mir3da_register_read
 .text.read_gsensor_id
                0x0000000000007f78       0x80 ./Task/app_mir3da.o
                0x0000000000007f78                read_gsensor_id
 .text.modulePressPowerKey
                0x0000000000007ff8       0x20 ./Task/app_net.o
 .text.modulePressPowerOffKey
                0x0000000000008018       0x20 ./Task/app_net.o
 .text.modulePressReleaseKey
                0x0000000000008038       0x32 ./Task/app_net.o
 .text.moduleInit
                0x000000000000806a       0x12 ./Task/app_net.o
 .text.modulePowerOn
                0x000000000000807c       0x74 ./Task/app_net.o
                0x000000000000807c                modulePowerOn
 .text.modulePressReleaseOffKey
                0x00000000000080f0       0x46 ./Task/app_net.o
 .text.changeProcess
                0x0000000000008136       0x18 ./Task/app_net.o
 .text.createNode
                0x000000000000814e       0xba ./Task/app_net.o
                0x000000000000814e                createNode
 .text.outputNode
                0x0000000000008208       0xf8 ./Task/app_net.o
                0x0000000000008208                outputNode
 .text.sendModuleCmd
                0x0000000000008300       0xea ./Task/app_net.o
                0x0000000000008300                sendModuleCmd
 .text.moduleExitFly
                0x00000000000083ea        0xe ./Task/app_net.o
 .text.qirdCmdSend
                0x00000000000083f8       0x32 ./Task/app_net.o
 .text.isModulePowerOn
                0x000000000000842a        0xc ./Task/app_net.o
                0x000000000000842a                isModulePowerOn
 .text.modulePowerOff
                0x0000000000008436       0x4c ./Task/app_net.o
                0x0000000000008436                modulePowerOff
 .text.moduleReset
                0x0000000000008482       0x3e ./Task/app_net.o
                0x0000000000008482                moduleReset
 .text.openSocket
                0x00000000000084c0       0x30 ./Task/app_net.o
                0x00000000000084c0                openSocket
 .text.closeSocket
                0x00000000000084f0       0x2c ./Task/app_net.o
                0x00000000000084f0                closeSocket
 .text.netConnectTask
                0x000000000000851c      0x40c ./Task/app_net.o
                0x000000000000851c                netConnectTask
 .text.cgattParser
                0x0000000000008928       0x52 ./Task/app_net.o
                0x0000000000008928                cgattParser
 .text.cbcParser
                0x000000000000897a       0x94 ./Task/app_net.o
                0x000000000000897a                cbcParser
 .text.cipstartRspParser
                0x0000000000008a0e      0x180 ./Task/app_net.o
                0x0000000000008a0e                cipstartRspParser
 .text.cipstartParser
                0x0000000000008b8e       0x42 ./Task/app_net.o
                0x0000000000008b8e                cipstartParser
 .text.ciprxgetParser
                0x0000000000008bd0      0x262 ./Task/app_net.o
                0x0000000000008bd0                ciprxgetParser
 .text.cipackParser
                0x0000000000008e32       0xa0 ./Task/app_net.o
                0x0000000000008e32                cipackParser
 .text.cipsendParser
                0x0000000000008ed2       0x38 ./Task/app_net.o
                0x0000000000008ed2                cipsendParser
 .text.cipstatusParser
                0x0000000000008f0a      0x114 ./Task/app_net.o
                0x0000000000008f0a                cipstatusParser
 .text.moduleRecvParser
                0x000000000000901e      0x8e0 ./Task/app_net.o
                0x000000000000901e                moduleRecvParser
 .text.netResetCsqSearch
                0x00000000000098fe        0xa ./Task/app_net.o
                0x00000000000098fe                netResetCsqSearch
 .text.socketSendData
                0x0000000000009908       0x66 ./Task/app_net.o
                0x0000000000009908                socketSendData
 .text.moduleSleepCtl
                0x000000000000996e        0x2 ./Task/app_net.o
                0x000000000000996e                moduleSleepCtl
 .text.moduleGetCsq
                0x0000000000009970        0x8 ./Task/app_net.o
                0x0000000000009970                moduleGetCsq
 .text.moduleGetLbs
                0x0000000000009978       0x24 ./Task/app_net.o
                0x0000000000009978                moduleGetLbs
 .text.moduleGetWifiScan
                0x000000000000999c       0x1a ./Task/app_net.o
                0x000000000000999c                moduleGetWifiScan
 .text.sendMessage
                0x00000000000099b6       0x54 ./Task/app_net.o
                0x00000000000099b6                sendMessage
 .text.deleteMessage
                0x0000000000009a0a        0xe ./Task/app_net.o
                0x0000000000009a0a                deleteMessage
 .text.querySendData
                0x0000000000009a18       0x24 ./Task/app_net.o
                0x0000000000009a18                querySendData
 .text.queryBatVoltage
                0x0000000000009a3c        0x2 ./Task/app_net.o
                0x0000000000009a3c                queryBatVoltage
 .text.getModuleRssi
                0x0000000000009a3e        0xa ./Task/app_net.o
                0x0000000000009a3e                getModuleRssi
 .text.getModuleIMSI
                0x0000000000009a48        0xa ./Task/app_net.o
                0x0000000000009a48                getModuleIMSI
 .text.getModuleIMEI
                0x0000000000009a52        0xa ./Task/app_net.o
                0x0000000000009a52                getModuleIMEI
 .text.getModuleICCID
                0x0000000000009a5c        0xa ./Task/app_net.o
                0x0000000000009a5c                getModuleICCID
 .text.getMCC   0x0000000000009a66        0xa ./Task/app_net.o
                0x0000000000009a66                getMCC
 .text.getMNC   0x0000000000009a70        0xa ./Task/app_net.o
                0x0000000000009a70                getMNC
 .text.getLac   0x0000000000009a7a        0xa ./Task/app_net.o
                0x0000000000009a7a                getLac
 .text.getCid   0x0000000000009a84        0xc ./Task/app_net.o
                0x0000000000009a84                getCid
 .text.getTcpNack
                0x0000000000009a90        0xc ./Task/app_net.o
                0x0000000000009a90                getTcpNack
 .text.isModuleRunNormal
                0x0000000000009a9c       0x10 ./Task/app_net.o
                0x0000000000009a9c                isModuleRunNormal
 .text.bootParamSaveAll
                0x0000000000009aac       0x40 ./Task/app_param.o
                0x0000000000009aac                bootParamSaveAll
 .text.bootParamGetAll
                0x0000000000009aec       0x18 ./Task/app_param.o
                0x0000000000009aec                bootParamGetAll
 .text.paramSaveAll
                0x0000000000009b04       0x36 ./Task/app_param.o
                0x0000000000009b04                paramSaveAll
 .text.paramGetAll
                0x0000000000009b3a       0x1a ./Task/app_param.o
                0x0000000000009b3a                paramGetAll
 .text.paramDefaultInit
                0x0000000000009b54      0x1f8 ./Task/app_param.o
                0x0000000000009b54                paramDefaultInit
 .text.paramInit
                0x0000000000009d4c       0x4e ./Task/app_param.o
                0x0000000000009d4c                paramInit
 .text.postUartRxData
                0x0000000000009d9a       0x86 ./Task/app_port.o
 .text.portUpdateAlarmTime
                0x0000000000009e20       0x28 ./Task/app_port.o
 .text.pushUartRxData
                0x0000000000009e48      0x11e ./Task/app_port.o
 .text.iicStart
                0x0000000000009f66       0x44 ./Task/app_port.o
 .text.iicStop  0x0000000000009faa       0x66 ./Task/app_port.o
 .text.pollUartData
                0x000000000000a010       0x38 ./Task/app_port.o
                0x000000000000a010                pollUartData
 .text.portUartCfg
                0x000000000000a048      0x3b2 ./Task/app_port.o
                0x000000000000a048                portUartCfg
 .text.portUartSend
                0x000000000000a3fa       0x1c ./Task/app_port.o
                0x000000000000a3fa                portUartSend
 .text.portModuleGpioCfg
                0x000000000000a416       0x4c ./Task/app_port.o
                0x000000000000a416                portModuleGpioCfg
 .text.portLedGpioCfg
                0x000000000000a462       0x24 ./Task/app_port.o
                0x000000000000a462                portLedGpioCfg
 .text.portGpioSetDefCfg
                0x000000000000a486       0x18 ./Task/app_port.o
                0x000000000000a486                portGpioSetDefCfg
 .text.portSysReset
                0x000000000000a49e       0x22 ./Task/app_port.o
                0x000000000000a49e                portSysReset
 .text.sdaReadInput
                0x000000000000a4c0       0x1e ./Task/app_port.o
                0x000000000000a4c0                sdaReadInput
 .text.iicSendOneByte
                0x000000000000a4de       0xec ./Task/app_port.o
 .text.iicReadOneByte
                0x000000000000a5ca      0x10c ./Task/app_port.o
 .text.iicReadData
                0x000000000000a6d6       0x78 ./Task/app_port.o
                0x000000000000a6d6                iicReadData
 .text.portGsensorCtl
                0x000000000000a74e        0x2 ./Task/app_port.o
                0x000000000000a74e                portGsensorCtl
 .text.portGetRtcDateTime
                0x000000000000a750       0x74 ./Task/app_port.o
                0x000000000000a750                portGetRtcDateTime
 .text.portUpdateRtcDateTime
                0x000000000000a7c4       0xfa ./Task/app_port.o
                0x000000000000a7c4                portUpdateRtcDateTime
 .text.portSetNextAlarmTime
                0x000000000000a8be      0x10a ./Task/app_port.o
                0x000000000000a8be                portSetNextAlarmTime
 .text.portAdcCfg
                0x000000000000a9c8        0xe ./Task/app_port.o
                0x000000000000a9c8                portAdcCfg
 .text.portGetAdcVol
                0x000000000000a9d6       0xae ./Task/app_port.o
                0x000000000000a9d6                portGetAdcVol
 .text.portSleepEn
                0x000000000000aa84        0x6 ./Task/app_port.o
                0x000000000000aa84                portSleepEn
 .text.portSleepDn
                0x000000000000aa8a        0x6 ./Task/app_port.o
                0x000000000000aa8a                portSleepDn
 .text.portWdtCfg
                0x000000000000aa90        0xe ./Task/app_port.o
                0x000000000000aa90                portWdtCfg
 .text.portWdtFeed
                0x000000000000aa9e        0xa ./Task/app_port.o
                0x000000000000aa9e                portWdtFeed
 .text.createProtocolTail_79
                0x000000000000aaa8       0x68 ./Task/app_protocol.o
 .text.sendTcpDataDebugShow
                0x000000000000ab10       0x7c ./Task/app_protocol.o
 .text.createProtocolTail
                0x000000000000ab8c       0x64 ./Task/app_protocol.o
 .text.createProtocol01
                0x000000000000abf0       0xd6 ./Task/app_protocol.o
                0x000000000000abf0                createProtocol01
 .text.createProtocol12
                0x000000000000acc6      0x37a ./Task/app_protocol.o
                0x000000000000acc6                createProtocol12
 .text.getBatteryLevel
                0x000000000000b040       0xa6 ./Task/app_protocol.o
                0x000000000000b040                getBatteryLevel
 .text.createProtocol13
                0x000000000000b0e6      0x114 ./Task/app_protocol.o
                0x000000000000b0e6                createProtocol13
 .text.createProtocol21
                0x000000000000b1fa       0x6e ./Task/app_protocol.o
                0x000000000000b1fa                createProtocol21
 .text.createProtocol16
                0x000000000000b268      0x2a0 ./Task/app_protocol.o
                0x000000000000b268                createProtocol16
 .text.createProtocol19
                0x000000000000b508       0xfc ./Task/app_protocol.o
                0x000000000000b508                createProtocol19
 .text.createProtocol8A
                0x000000000000b604       0x36 ./Task/app_protocol.o
                0x000000000000b604                createProtocol8A
 .text.createProtocolSerial
                0x000000000000b63a       0x16 ./Task/app_protocol.o
                0x000000000000b63a                createProtocolSerial
 .text.gpsRestoreDataSend
                0x000000000000b650      0x10a ./Task/app_protocol.o
                0x000000000000b650                gpsRestoreDataSend
 .text.createProtocol61
                0x000000000000b75a       0xb2 ./Task/app_protocol.o
                0x000000000000b75a                createProtocol61
 .text.createProtocol62
                0x000000000000b80c       0x8e ./Task/app_protocol.o
                0x000000000000b80c                createProtocol62
 .text.createProtocolF3
                0x000000000000b89a      0x10c ./Task/app_protocol.o
                0x000000000000b89a                createProtocolF3
 .text.createProtocolF1
                0x000000000000b9a6       0x70 ./Task/app_protocol.o
                0x000000000000b9a6                createProtocolF1
 .text.gpsRestoreSave
                0x000000000000ba16       0x50 ./Task/app_protocol.o
                0x000000000000ba16                gpsRestoreSave
 .text.gpsRestoreUpload
                0x000000000000ba66       0xd8 ./Task/app_protocol.o
                0x000000000000ba66                gpsRestoreUpload
 .text.protocolSend
                0x000000000000bb3e      0x212 ./Task/app_protocol.o
                0x000000000000bb3e                protocolSend
 .text.save123InstructionId
                0x000000000000bd50        0xc ./Task/app_protocol.o
                0x000000000000bd50                save123InstructionId
 .text.getInsid
                0x000000000000bd5c        0xc ./Task/app_protocol.o
                0x000000000000bd5c                getInsid
 .text.protocolRxParser
                0x000000000000bd68      0x164 ./Task/app_protocol.o
                0x000000000000bd68                protocolRxParser
 .text.protocolSnRegister
                0x000000000000becc       0x2e ./Task/app_protocol.o
                0x000000000000becc                protocolSnRegister
 .text.protocolInfoResiter
                0x000000000000befa       0x18 ./Task/app_protocol.o
                0x000000000000befa                protocolInfoResiter
 .text.hbtRspTimeOut
                0x000000000000bf12       0x38 ./Task/app_server.o
 .text.moduleRspTimeout
                0x000000000000bf4a        0xe ./Task/app_server.o
 .text.privateServerSocketRecv
                0x000000000000bf58       0xf4 ./Task/app_server.o
 .text.bleServerSocketRecv
                0x000000000000c04c        0xa ./Task/app_server.o
 .text.hiddenServerSocketRecv
                0x000000000000c056        0xa ./Task/app_server.o
 .text.jt808ServerSocketRecv
                0x000000000000c060        0x4 ./Task/app_server.o
 .text.jt808ServerSocketSend
                0x000000000000c064       0x10 ./Task/app_server.o
 .text.agpsSocketRecv
                0x000000000000c074       0x34 ./Task/app_server.o
 .text.moduleRspSuccess
                0x000000000000c0a8       0x30 ./Task/app_server.o
                0x000000000000c0a8                moduleRspSuccess
 .text.hbtRspSuccess
                0x000000000000c0d8       0x30 ./Task/app_server.o
                0x000000000000c0d8                hbtRspSuccess
 .text.privateServerReconnect
                0x000000000000c108       0x22 ./Task/app_server.o
                0x000000000000c108                privateServerReconnect
 .text.privateServerLoginSuccess
                0x000000000000c12a       0x30 ./Task/app_server.o
                0x000000000000c12a                privateServerLoginSuccess
 .text.privateServerConnTask
                0x000000000000c15a      0x2d2 ./Task/app_server.o
                0x000000000000c15a                privateServerConnTask
 .text.hiddenServerLoginSuccess
                0x000000000000c42c       0x16 ./Task/app_server.o
                0x000000000000c42c                hiddenServerLoginSuccess
 .text.hiddenServerCloseRequest
                0x000000000000c442       0x22 ./Task/app_server.o
                0x000000000000c442                hiddenServerCloseRequest
 .text.jt808ServerReconnect
                0x000000000000c464       0x22 ./Task/app_server.o
                0x000000000000c464                jt808ServerReconnect
 .text.jt808ServerAuthSuccess
                0x000000000000c486       0x2e ./Task/app_server.o
                0x000000000000c486                jt808ServerAuthSuccess
 .text.jt808ServerConnTask
                0x000000000000c4b4      0x352 ./Task/app_server.o
                0x000000000000c4b4                jt808ServerConnTask
 .text.bleSerLoginReady
                0x000000000000c806       0x12 ./Task/app_server.o
                0x000000000000c806                bleSerLoginReady
 .text.bleServerConnTask
                0x000000000000c818      0x1e4 ./Task/app_server.o
                0x000000000000c818                bleServerConnTask
 .text.agpsRequestClear
                0x000000000000c9fc       0x22 ./Task/app_server.o
                0x000000000000c9fc                agpsRequestClear
 .text.serverManageTask
                0x000000000000ca1e      0x310 ./Task/app_server.o
                0x000000000000ca1e                serverManageTask
 .text.primaryServerIsReady
                0x000000000000cd2e       0x50 ./Task/app_server.o
                0x000000000000cd2e                primaryServerIsReady
 .text.hiddenServerIsReady
                0x000000000000cd7e       0x2e ./Task/app_server.o
                0x000000000000cd7e                hiddenServerIsReady
 .text.socketListInit
                0x000000000000cdac       0x32 ./Task/app_socket.o
                0x000000000000cdac                socketListInit
 .text.socketAdd
                0x000000000000cdde       0x98 ./Task/app_socket.o
                0x000000000000cdde                socketAdd
 .text.socketDel
                0x000000000000ce76       0x66 ./Task/app_socket.o
                0x000000000000ce76                socketDel
 .text.socketDelAll
                0x000000000000cedc       0x38 ./Task/app_socket.o
                0x000000000000cedc                socketDelAll
 .text.socketGetUsedFlag
                0x000000000000cf14       0x22 ./Task/app_socket.o
                0x000000000000cf14                socketGetUsedFlag
 .text.socketGetConnStatus
                0x000000000000cf36       0x22 ./Task/app_socket.o
                0x000000000000cf36                socketGetConnStatus
 .text.socketSetConnState
                0x000000000000cf58       0x1e ./Task/app_socket.o
                0x000000000000cf58                socketSetConnState
 .text.socketRecv
                0x000000000000cf76       0x2a ./Task/app_socket.o
                0x000000000000cf76                socketRecv
 .text.socketSchedule
                0x000000000000cfa0      0x1c6 ./Task/app_socket.o
                0x000000000000cfa0                socketSchedule
 .text.asciiToHex
                0x000000000000d166       0x40 ./Task/app_sys.o
 .text.GetCrc16
                0x000000000000d1a6       0x3c ./Task/app_sys.o
                0x000000000000d1a6                GetCrc16
 .text.LogMessage
                0x000000000000d1e2       0xb2 ./Task/app_sys.o
                0x000000000000d1e2                LogMessage
 .text.LogMessageWL
                0x000000000000d294       0xb2 ./Task/app_sys.o
                0x000000000000d294                LogMessageWL
 .text.LogPrintf
                0x000000000000d346       0x6a ./Task/app_sys.o
                0x000000000000d346                LogPrintf
 .text.mycmdPatch
                0x000000000000d3b0       0x64 ./Task/app_sys.o
                0x000000000000d3b0                mycmdPatch
 .text.getCharIndex
                0x000000000000d414       0x1c ./Task/app_sys.o
                0x000000000000d414                getCharIndex
 .text.my_strpach
                0x000000000000d430       0x4c ./Task/app_sys.o
                0x000000000000d430                my_strpach
 .text.my_getstrindex
                0x000000000000d47c       0x70 ./Task/app_sys.o
                0x000000000000d47c                my_getstrindex
 .text.my_strstr
                0x000000000000d4ec       0x50 ./Task/app_sys.o
                0x000000000000d4ec                my_strstr
 .text.distinguishOK
                0x000000000000d53c       0x1a ./Task/app_sys.o
                0x000000000000d53c                distinguishOK
 .text.getCharIndexWithNum
                0x000000000000d556       0x2c ./Task/app_sys.o
                0x000000000000d556                getCharIndexWithNum
 .text.byteToHexString
                0x000000000000d582       0x48 ./Task/app_sys.o
                0x000000000000d582                byteToHexString
 .text.changeHexStringToByteArray
                0x000000000000d5ca       0x64 ./Task/app_sys.o
                0x000000000000d5ca                changeHexStringToByteArray
 .text.changeHexStringToByteArray_10in
                0x000000000000d62e       0x6c ./Task/app_sys.o
                0x000000000000d62e                changeHexStringToByteArray_10in
 .text.stringToItem
                0x000000000000d69a       0xc8 ./Task/app_sys.o
                0x000000000000d69a                stringToItem
 .text.strToUppper
                0x000000000000d762       0x2c ./Task/app_sys.o
                0x000000000000d762                strToUppper
 .text.updateRTCtimeRequest
                0x000000000000d78e       0x14 ./Task/app_sys.o
                0x000000000000d78e                updateRTCtimeRequest
 .text.byteArrayInvert
                0x000000000000d7a2       0x2a ./Task/app_sys.o
                0x000000000000d7a2                byteArrayInvert
 .text.stringToLowwer
                0x000000000000d7cc       0x30 ./Task/app_sys.o
                0x000000000000d7cc                stringToLowwer
 .text.sendLbs  0x000000000000d7fc       0x44 ./Task/app_task.o
 .text.doDebugRecvPoll
                0x000000000000d840       0x96 ./Task/app_task.o
                0x000000000000d840                doDebugRecvPoll
 .text.ledTask  0x000000000000d8d6       0xac ./Task/app_task.o
 .text.modeShutDownQuickly
                0x000000000000d982       0x52 ./Task/app_task.o
 .text.sysRunTimeCnt
                0x000000000000d9d4       0x32 ./Task/app_task.o
 .text.myTaskEventProcess
                0x000000000000da06      0x236 ./Task/app_task.o
 .text.getTerminalAccState
                0x000000000000dc3c        0xc ./Task/app_task.o
                0x000000000000dc3c                getTerminalAccState
 .text.terminalAccoff
                0x000000000000dc48       0x1a ./Task/app_task.o
                0x000000000000dc48                terminalAccoff
 .text.getTerminalChargeState
                0x000000000000dc62        0xc ./Task/app_task.o
                0x000000000000dc62                getTerminalChargeState
 .text.terminalAlarmSet
                0x000000000000dc6e       0x1a ./Task/app_task.o
                0x000000000000dc6e                terminalAlarmSet
 .text.ledStatusUpdate
                0x000000000000dc88       0x70 ./Task/app_task.o
                0x000000000000dc88                ledStatusUpdate
 .text.gpsRequestSet
                0x000000000000dcf8       0x2e ./Task/app_task.o
                0x000000000000dcf8                gpsRequestSet
 .text.gpsRequestClear
                0x000000000000dd26       0x32 ./Task/app_task.o
                0x000000000000dd26                gpsRequestClear
 .text.gpsRequestGet
                0x000000000000dd58        0xe ./Task/app_task.o
                0x000000000000dd58                gpsRequestGet
 .text.gpsInWait
                0x000000000000dd66       0x10 ./Task/app_task.o
                0x000000000000dd66                gpsInWait
 .text.alarmRequestSet
                0x000000000000dd76       0x32 ./Task/app_task.o
                0x000000000000dd76                alarmRequestSet
 .text.alarmRequestClear
                0x000000000000dda8       0x36 ./Task/app_task.o
                0x000000000000dda8                alarmRequestClear
 .text.alarmRequestTask
                0x000000000000ddde      0x1f4 ./Task/app_task.o
                0x000000000000ddde                alarmRequestTask
 .text.modeTryToStop
                0x000000000000dfd2       0x14 ./Task/app_task.o
                0x000000000000dfd2                modeTryToStop
 .text.bleScanCallBack
                0x000000000000dfe6       0xac ./Task/app_task.o
                0x000000000000dfe6                bleScanCallBack
 .text.bleConnCallBack
                0x000000000000e092       0x3a ./Task/app_task.o
                0x000000000000e092                bleConnCallBack
 .text.isModeRun
                0x000000000000e0cc       0x10 ./Task/app_task.o
                0x000000000000e0cc                isModeRun
 .text.lbsRequestSet
                0x000000000000e0dc       0x20 ./Task/app_task.o
                0x000000000000e0dc                lbsRequestSet
 .text.wifiRequestSet
                0x000000000000e0fc       0x20 ./Task/app_task.o
                0x000000000000e0fc                wifiRequestSet
 .text.wakeUpByInt
                0x000000000000e11c       0x20 ./Task/app_task.o
                0x000000000000e11c                wakeUpByInt
 .text.autoSleepTask
                0x000000000000e13c       0xdc ./Task/app_task.o
                0x000000000000e13c                autoSleepTask
 .text.taskRunInSecond
                0x000000000000e218      0x564 ./Task/app_task.o
                0x000000000000e218                taskRunInSecond
 .text.myTaskPreInit
                0x000000000000e77c       0x94 ./Task/app_task.o
                0x000000000000e77c                myTaskPreInit
 .text.myTaskInit
                0x000000000000e810       0x48 ./Task/app_task.o
                0x000000000000e810                myTaskInit
 .text.ADC_ExtSingleChSampInit
                0x000000000000e858       0x24 ./StdPeriphDriver/CH58x_adc.o
                0x000000000000e858                ADC_ExtSingleChSampInit
 .text.ADC_InterTSSampInit
                0x000000000000e87c       0x28 ./StdPeriphDriver/CH58x_adc.o
                0x000000000000e87c                ADC_InterTSSampInit
 .text.ADC_ExcutSingleConver
                0x000000000000e8a4       0x20 ./StdPeriphDriver/CH58x_adc.o
                0x000000000000e8a4                ADC_ExcutSingleConver
 .text.HSECFG_Current
                0x000000000000e8c4       0x2e ./StdPeriphDriver/CH58x_clk.o
                0x000000000000e8c4                HSECFG_Current
 .text.RTC_InitTime
                0x000000000000e8f2      0x18e ./StdPeriphDriver/CH58x_clk.o
                0x000000000000e8f2                RTC_InitTime
 .text.RTC_GetTime
                0x000000000000ea80      0x15c ./StdPeriphDriver/CH58x_clk.o
                0x000000000000ea80                RTC_GetTime
 .text.RTC_GetCycle32k
                0x000000000000ebdc       0x18 ./StdPeriphDriver/CH58x_clk.o
                0x000000000000ebdc                RTC_GetCycle32k
 .text.GPIOA_ModeCfg
                0x000000000000ebf4       0xa6 ./StdPeriphDriver/CH58x_gpio.o
                0x000000000000ebf4                GPIOA_ModeCfg
 .text.GPIOB_ModeCfg
                0x000000000000ec9a       0xa6 ./StdPeriphDriver/CH58x_gpio.o
                0x000000000000ec9a                GPIOB_ModeCfg
 .text.GPIOPinRemap
                0x000000000000ed40       0x1a ./StdPeriphDriver/CH58x_gpio.o
                0x000000000000ed40                GPIOPinRemap
 .text.GetSysClock
                0x000000000000ed5a       0x42 ./StdPeriphDriver/CH58x_sys.o
                0x000000000000ed5a                GetSysClock
 .text.SYS_DisableAllIrq
                0x000000000000ed9c       0x1c ./StdPeriphDriver/CH58x_sys.o
                0x000000000000ed9c                SYS_DisableAllIrq
 .text.SYS_RecoverIrq
                0x000000000000edb8       0x14 ./StdPeriphDriver/CH58x_sys.o
                0x000000000000edb8                SYS_RecoverIrq
 .text.SYS_GetSysTickCnt
                0x000000000000edcc        0xa ./StdPeriphDriver/CH58x_sys.o
                0x000000000000edcc                SYS_GetSysTickCnt
 .text.WWDG_ResetCfg
                0x000000000000edd6       0x38 ./StdPeriphDriver/CH58x_sys.o
                0x000000000000edd6                WWDG_ResetCfg
 .text._write   0x000000000000ee0e       0x28 ./StdPeriphDriver/CH58x_sys.o
                0x000000000000ee0e                _write
 .text.UART0_BaudRateCfg
                0x000000000000ee36       0x32 ./StdPeriphDriver/CH58x_uart0.o
                0x000000000000ee36                UART0_BaudRateCfg
 .text.UART0_DefInit
                0x000000000000ee68       0x34 ./StdPeriphDriver/CH58x_uart0.o
                0x000000000000ee68                UART0_DefInit
 .text.UART0_ByteTrigCfg
                0x000000000000ee9c       0x1a ./StdPeriphDriver/CH58x_uart0.o
                0x000000000000ee9c                UART0_ByteTrigCfg
 .text.UART0_INTCfg
                0x000000000000eeb6       0x2a ./StdPeriphDriver/CH58x_uart0.o
                0x000000000000eeb6                UART0_INTCfg
 .text.UART0_Reset
                0x000000000000eee0        0xe ./StdPeriphDriver/CH58x_uart0.o
                0x000000000000eee0                UART0_Reset
 .text.UART0_SendString
                0x000000000000eeee       0x3a ./StdPeriphDriver/CH58x_uart0.o
                0x000000000000eeee                UART0_SendString
 .text.UART0_RecvString
                0x000000000000ef28       0x2a ./StdPeriphDriver/CH58x_uart0.o
                0x000000000000ef28                UART0_RecvString
 .text.UART1_BaudRateCfg
                0x000000000000ef52       0x32 ./StdPeriphDriver/CH58x_uart1.o
                0x000000000000ef52                UART1_BaudRateCfg
 .text.UART1_DefInit
                0x000000000000ef84       0x34 ./StdPeriphDriver/CH58x_uart1.o
                0x000000000000ef84                UART1_DefInit
 .text.UART1_ByteTrigCfg
                0x000000000000efb8       0x1a ./StdPeriphDriver/CH58x_uart1.o
                0x000000000000efb8                UART1_ByteTrigCfg
 .text.UART1_INTCfg
                0x000000000000efd2       0x2a ./StdPeriphDriver/CH58x_uart1.o
                0x000000000000efd2                UART1_INTCfg
 .text.UART1_Reset
                0x000000000000effc        0xe ./StdPeriphDriver/CH58x_uart1.o
                0x000000000000effc                UART1_Reset
 .text.UART1_SendString
                0x000000000000f00a       0x3a ./StdPeriphDriver/CH58x_uart1.o
                0x000000000000f00a                UART1_SendString
 .text.UART1_RecvString
                0x000000000000f044       0x2a ./StdPeriphDriver/CH58x_uart1.o
                0x000000000000f044                UART1_RecvString
 .text.UART2_BaudRateCfg
                0x000000000000f06e       0x32 ./StdPeriphDriver/CH58x_uart2.o
                0x000000000000f06e                UART2_BaudRateCfg
 .text.UART2_DefInit
                0x000000000000f0a0       0x34 ./StdPeriphDriver/CH58x_uart2.o
                0x000000000000f0a0                UART2_DefInit
 .text.UART2_ByteTrigCfg
                0x000000000000f0d4       0x1a ./StdPeriphDriver/CH58x_uart2.o
                0x000000000000f0d4                UART2_ByteTrigCfg
 .text.UART2_INTCfg
                0x000000000000f0ee       0x2a ./StdPeriphDriver/CH58x_uart2.o
                0x000000000000f0ee                UART2_INTCfg
 .text.UART2_Reset
                0x000000000000f118        0xe ./StdPeriphDriver/CH58x_uart2.o
                0x000000000000f118                UART2_Reset
 .text.UART2_SendString
                0x000000000000f126       0x3a ./StdPeriphDriver/CH58x_uart2.o
                0x000000000000f126                UART2_SendString
 .text.UART2_RecvString
                0x000000000000f160       0x2a ./StdPeriphDriver/CH58x_uart2.o
                0x000000000000f160                UART2_RecvString
 .text.UART3_BaudRateCfg
                0x000000000000f18a       0x32 ./StdPeriphDriver/CH58x_uart3.o
                0x000000000000f18a                UART3_BaudRateCfg
 .text.UART3_DefInit
                0x000000000000f1bc       0x34 ./StdPeriphDriver/CH58x_uart3.o
                0x000000000000f1bc                UART3_DefInit
 .text.UART3_ByteTrigCfg
                0x000000000000f1f0       0x1a ./StdPeriphDriver/CH58x_uart3.o
                0x000000000000f1f0                UART3_ByteTrigCfg
 .text.UART3_INTCfg
                0x000000000000f20a       0x2a ./StdPeriphDriver/CH58x_uart3.o
                0x000000000000f20a                UART3_INTCfg
 .text.UART3_Reset
                0x000000000000f234        0xe ./StdPeriphDriver/CH58x_uart3.o
                0x000000000000f234                UART3_Reset
 .text.UART3_SendString
                0x000000000000f242       0x3a ./StdPeriphDriver/CH58x_uart3.o
                0x000000000000f242                UART3_SendString
 .text.UART3_RecvString
                0x000000000000f27c       0x2a ./StdPeriphDriver/CH58x_uart3.o
                0x000000000000f27c                UART3_RecvString
 .text.Lib_Read_Flash
                0x000000000000f2a6       0x1c ./HAL/MCU.o
                0x000000000000f2a6                Lib_Read_Flash
 .text.Lib_Write_Flash
                0x000000000000f2c2       0x40 ./HAL/MCU.o
                0x000000000000f2c2                Lib_Write_Flash
 .text.HAL_GetInterTempValue
                0x000000000000f302       0x72 ./HAL/MCU.o
                0x000000000000f302                HAL_GetInterTempValue
 .text.HAL_ProcessEvent
                0x000000000000f374       0x84 ./HAL/MCU.o
                0x000000000000f374                HAL_ProcessEvent
 .text.CH58X_BLEInit
                0x000000000000f3f8      0x130 ./HAL/MCU.o
                0x000000000000f3f8                CH58X_BLEInit
 .text.HAL_Init
                0x000000000000f528       0x3a ./HAL/MCU.o
                0x000000000000f528                HAL_Init
 .text.RTC_SetTignTime
                0x000000000000f562       0x28 ./HAL/RTC.o
                0x000000000000f562                RTC_SetTignTime
 .text.HAL_TimeInit
                0x000000000000f58a       0x2e ./HAL/RTC.o
                0x000000000000f58a                HAL_TimeInit
 .text.sleepSetState
                0x000000000000f5b8        0x6 ./HAL/SLEEP.o
                0x000000000000f5b8                sleepSetState
 .text.CH58X_LowPower
                0x000000000000f5be       0xa4 ./HAL/SLEEP.o
                0x000000000000f5be                CH58X_LowPower
 .text.HAL_SleepInit
                0x000000000000f662       0x4e ./HAL/SLEEP.o
                0x000000000000f662                HAL_SleepInit
 .text.appCentralRssiReadCallBack
                0x000000000000f6b0       0x12 ./APP/app_central.o
 .text.appCentralHciDataLenChangeCallBack
                0x000000000000f6c2       0x14 ./APP/app_central.o
 .text.doGattMsgEvent
                0x000000000000f6d6      0x4b8 ./APP/app_central.o
 .text.appCentralInit
                0x000000000000fb8e       0xa2 ./APP/app_central.o
                0x000000000000fb8e                appCentralInit
 .text.centralStartDisc
                0x000000000000fc30       0x2c ./APP/app_central.o
                0x000000000000fc30                centralStartDisc
 .text.centralEstablish
                0x000000000000fc5c       0x24 ./APP/app_central.o
                0x000000000000fc5c                centralEstablish
 .text.centralTerminate
                0x000000000000fc80       0x24 ./APP/app_central.o
                0x000000000000fc80                centralTerminate
 .text.centralWrite
                0x000000000000fca4       0x84 ./APP/app_central.o
                0x000000000000fca4                centralWrite
 .text.centralSendData
                0x000000000000fd28       0x10 ./APP/app_central.o
                0x000000000000fd28                centralSendData
 .text.appCentralTaskEventProcess.part.0
                0x000000000000fd38      0x1de ./APP/app_central.o
 .text.appCentralTaskEventProcess
                0x000000000000ff16       0x86 ./APP/app_central.o
 .text.scanListAdd
                0x000000000000ff9c       0xe8 ./APP/app_central.o
                0x000000000000ff9c                scanListAdd
 .text.scanListDisplay
                0x0000000000010084       0x7c ./APP/app_central.o
                0x0000000000010084                scanListDisplay
 .text.appCentralGapRoleEventCallBack
                0x0000000000010100      0x2a4 ./APP/app_central.o
 .text.startup.main
                0x00000000000103a4       0x20 ./APP/app_main.o
                0x00000000000103a4                main
 .text.appSendNotifyData
                0x00000000000103c4       0x98 ./APP/app_peripheral.o
                0x00000000000103c4                appSendNotifyData
 .text.cos      0x000000000001045c       0x92 d:/软件工具/mounriver_studio_setup_v142/mounriver_studio/toolchain/risc-v embedded gcc/bin/../lib/gcc/riscv-none-embed/8.2.0/../../../../riscv-none-embed/lib/rv32imac/ilp32\libm.a(lib_a-s_cos.o)
                0x000000000001045c                cos
 .text.sin      0x00000000000104ee       0x94 d:/软件工具/mounriver_studio_setup_v142/mounriver_studio/toolchain/risc-v embedded gcc/bin/../lib/gcc/riscv-none-embed/8.2.0/../../../../riscv-none-embed/lib/rv32imac/ilp32\libm.a(lib_a-s_sin.o)
                0x00000000000104ee                sin
 .text.asin     0x0000000000010582       0xbe d:/软件工具/mounriver_studio_setup_v142/mounriver_studio/toolchain/risc-v embedded gcc/bin/../lib/gcc/riscv-none-embed/8.2.0/../../../../riscv-none-embed/lib/rv32imac/ilp32\libm.a(lib_a-w_asin.o)
                0x0000000000010582                asin
 .text.pow      0x0000000000010640      0x326 d:/软件工具/mounriver_studio_setup_v142/mounriver_studio/toolchain/risc-v embedded gcc/bin/../lib/gcc/riscv-none-embed/8.2.0/../../../../riscv-none-embed/lib/rv32imac/ilp32\libm.a(lib_a-w_pow.o)
                0x0000000000010640                pow
 .text.sqrt     0x0000000000010966       0xba d:/软件工具/mounriver_studio_setup_v142/mounriver_studio/toolchain/risc-v embedded gcc/bin/../lib/gcc/riscv-none-embed/8.2.0/../../../../riscv-none-embed/lib/rv32imac/ilp32\libm.a(lib_a-w_sqrt.o)
                0x0000000000010966                sqrt
 .text.__ieee754_asin
                0x0000000000010a20      0x468 d:/软件工具/mounriver_studio_setup_v142/mounriver_studio/toolchain/risc-v embedded gcc/bin/../lib/gcc/riscv-none-embed/8.2.0/../../../../riscv-none-embed/lib/rv32imac/ilp32\libm.a(lib_a-e_asin.o)
                0x0000000000010a20                __ieee754_asin
 .text.__ieee754_pow
                0x0000000000010e88      0xad8 d:/软件工具/mounriver_studio_setup_v142/mounriver_studio/toolchain/risc-v embedded gcc/bin/../lib/gcc/riscv-none-embed/8.2.0/../../../../riscv-none-embed/lib/rv32imac/ilp32\libm.a(lib_a-e_pow.o)
                0x0000000000010e88                __ieee754_pow
 .text.__ieee754_rem_pio2
                0x0000000000011960      0x466 d:/软件工具/mounriver_studio_setup_v142/mounriver_studio/toolchain/risc-v embedded gcc/bin/../lib/gcc/riscv-none-embed/8.2.0/../../../../riscv-none-embed/lib/rv32imac/ilp32\libm.a(lib_a-e_rem_pio2.o)
                0x0000000000011960                __ieee754_rem_pio2
 .text.__ieee754_sqrt
                0x0000000000011dc6      0x1d6 d:/软件工具/mounriver_studio_setup_v142/mounriver_studio/toolchain/risc-v embedded gcc/bin/../lib/gcc/riscv-none-embed/8.2.0/../../../../riscv-none-embed/lib/rv32imac/ilp32\libm.a(lib_a-e_sqrt.o)
                0x0000000000011dc6                __ieee754_sqrt
 .text.__kernel_cos
                0x0000000000011f9c      0x2b8 d:/软件工具/mounriver_studio_setup_v142/mounriver_studio/toolchain/risc-v embedded gcc/bin/../lib/gcc/riscv-none-embed/8.2.0/../../../../riscv-none-embed/lib/rv32imac/ilp32\libm.a(lib_a-k_cos.o)
                0x0000000000011f9c                __kernel_cos
 .text.__kernel_rem_pio2
                0x0000000000012254      0x952 d:/软件工具/mounriver_studio_setup_v142/mounriver_studio/toolchain/risc-v embedded gcc/bin/../lib/gcc/riscv-none-embed/8.2.0/../../../../riscv-none-embed/lib/rv32imac/ilp32\libm.a(lib_a-k_rem_pio2.o)
                0x0000000000012254                __kernel_rem_pio2
 .text.__kernel_sin
                0x0000000000012ba6      0x19a d:/软件工具/mounriver_studio_setup_v142/mounriver_studio/toolchain/risc-v embedded gcc/bin/../lib/gcc/riscv-none-embed/8.2.0/../../../../riscv-none-embed/lib/rv32imac/ilp32\libm.a(lib_a-k_sin.o)
                0x0000000000012ba6                __kernel_sin
 .text.fabs     0x0000000000012d40        0x6 d:/软件工具/mounriver_studio_setup_v142/mounriver_studio/toolchain/risc-v embedded gcc/bin/../lib/gcc/riscv-none-embed/8.2.0/../../../../riscv-none-embed/lib/rv32imac/ilp32\libm.a(lib_a-s_fabs.o)
                0x0000000000012d40                fabs
 .text.finite   0x0000000000012d46        0xe d:/软件工具/mounriver_studio_setup_v142/mounriver_studio/toolchain/risc-v embedded gcc/bin/../lib/gcc/riscv-none-embed/8.2.0/../../../../riscv-none-embed/lib/rv32imac/ilp32\libm.a(lib_a-s_finite.o)
                0x0000000000012d46                finite
 .text.floor    0x0000000000012d54      0x158 d:/软件工具/mounriver_studio_setup_v142/mounriver_studio/toolchain/risc-v embedded gcc/bin/../lib/gcc/riscv-none-embed/8.2.0/../../../../riscv-none-embed/lib/rv32imac/ilp32\libm.a(lib_a-s_floor.o)
                0x0000000000012d54                floor
 .text.matherr  0x0000000000012eac        0x4 d:/软件工具/mounriver_studio_setup_v142/mounriver_studio/toolchain/risc-v embedded gcc/bin/../lib/gcc/riscv-none-embed/8.2.0/../../../../riscv-none-embed/lib/rv32imac/ilp32\libm.a(lib_a-s_matherr.o)
                0x0000000000012eac                matherr
 .text.nan      0x0000000000012eb0        0xe d:/软件工具/mounriver_studio_setup_v142/mounriver_studio/toolchain/risc-v embedded gcc/bin/../lib/gcc/riscv-none-embed/8.2.0/../../../../riscv-none-embed/lib/rv32imac/ilp32\libm.a(lib_a-s_nan.o)
                0x0000000000012eb0                nan
 .text.rint     0x0000000000012ebe      0x18c d:/软件工具/mounriver_studio_setup_v142/mounriver_studio/toolchain/risc-v embedded gcc/bin/../lib/gcc/riscv-none-embed/8.2.0/../../../../riscv-none-embed/lib/rv32imac/ilp32\libm.a(lib_a-s_rint.o)
                0x0000000000012ebe                rint
 .text.scalbn   0x000000000001304a      0x140 d:/软件工具/mounriver_studio_setup_v142/mounriver_studio/toolchain/risc-v embedded gcc/bin/../lib/gcc/riscv-none-embed/8.2.0/../../../../riscv-none-embed/lib/rv32imac/ilp32\libm.a(lib_a-s_scalbn.o)
                0x000000000001304a                scalbn
 .text.copysign
                0x000000000001318a       0x16 d:/软件工具/mounriver_studio_setup_v142/mounriver_studio/toolchain/risc-v embedded gcc/bin/../lib/gcc/riscv-none-embed/8.2.0/../../../../riscv-none-embed/lib/rv32imac/ilp32\libm.a(lib_a-s_copysign.o)
                0x000000000001318a                copysign
 .text.tmos_msg_enqueue
                0x00000000000131a0       0x1e R:\CODE\CHcode\CH582\TN09_Air700F\TN09_Air700F_app\LIB\libCH58xBLE.a(message.o)
                0x00000000000131a0                tmos_msg_enqueue
 .text.tmos_msg_deallocate
                0x00000000000131be       0x2c R:\CODE\CHcode\CH582\TN09_Air700F\TN09_Air700F_app\LIB\libCH58xBLE.a(message.o)
                0x00000000000131be                tmos_msg_deallocate
 .text.tmos_msg_allocate
                0x00000000000131ea       0x46 R:\CODE\CHcode\CH582\TN09_Air700F\TN09_Air700F_app\LIB\libCH58xBLE.a(message.o)
                0x00000000000131ea                tmos_msg_allocate
 .text.tmos_msg_receive
                0x0000000000013230       0x72 R:\CODE\CHcode\CH582\TN09_Air700F\TN09_Air700F_app\LIB\libCH58xBLE.a(message.o)
                0x0000000000013230                tmos_msg_receive
 .text.tmos_msg_send
                0x00000000000132a2       0x66 R:\CODE\CHcode\CH582\TN09_Air700F\TN09_Air700F_app\LIB\libCH58xBLE.a(message.o)
                0x00000000000132a2                tmos_msg_send
 .text.tmos_msg_init
                0x0000000000013308        0xa R:\CODE\CHcode\CH582\TN09_Air700F\TN09_Air700F_app\LIB\libCH58xBLE.a(message.o)
                0x0000000000013308                tmos_msg_init
 .text.tmosFindTask
                0x0000000000013312       0x24 R:\CODE\CHcode\CH582\TN09_Air700F\TN09_Air700F_app\LIB\libCH58xBLE.a(tmos.o)
 .text.TMOS_CB_PeriodicProcessEvent
                0x0000000000013336       0x86 R:\CODE\CHcode\CH582\TN09_Air700F\TN09_Air700F_app\LIB\libCH58xBLE.a(tmos.o)
                0x0000000000013336                TMOS_CB_PeriodicProcessEvent
 .text.TMOS_CB_ProcessEvent
                0x00000000000133bc       0x84 R:\CODE\CHcode\CH582\TN09_Air700F\TN09_Air700F_app\LIB\libCH58xBLE.a(tmos.o)
                0x00000000000133bc                TMOS_CB_ProcessEvent
 .text.tmos_rand
                0x0000000000013440       0x52 R:\CODE\CHcode\CH582\TN09_Air700F\TN09_Air700F_app\LIB\libCH58xBLE.a(tmos.o)
                0x0000000000013440                tmos_rand
 .text.tmos_proces_sleep
                0x0000000000013492      0x132 R:\CODE\CHcode\CH582\TN09_Air700F\TN09_Air700F_app\LIB\libCH58xBLE.a(tmos.o)
                0x0000000000013492                tmos_proces_sleep
 .text.tmos_start_periodic_callback_task
                0x00000000000135c4       0xfc R:\CODE\CHcode\CH582\TN09_Air700F\TN09_Air700F_app\LIB\libCH58xBLE.a(tmos.o)
                0x00000000000135c4                tmos_start_periodic_callback_task
 .text.tmos_set_event
                0x00000000000136c0       0x2e R:\CODE\CHcode\CH582\TN09_Air700F\TN09_Air700F_app\LIB\libCH58xBLE.a(tmos.o)
                0x00000000000136c0                tmos_set_event
 .text.tmos_clear_event
                0x00000000000136ee       0x32 R:\CODE\CHcode\CH582\TN09_Air700F\TN09_Air700F_app\LIB\libCH58xBLE.a(tmos.o)
                0x00000000000136ee                tmos_clear_event
 .text.tmos_update_callback_timer
                0x0000000000013720       0xc4 R:\CODE\CHcode\CH582\TN09_Air700F\TN09_Air700F_app\LIB\libCH58xBLE.a(tmos.o)
                0x0000000000013720                tmos_update_callback_timer
 .text.tmos_start_task
                0x00000000000137e4      0x120 R:\CODE\CHcode\CH582\TN09_Air700F\TN09_Air700F_app\LIB\libCH58xBLE.a(tmos.o)
                0x00000000000137e4                tmos_start_task
 .text.tmos_start_callback_task
                0x0000000000013904       0x9a R:\CODE\CHcode\CH582\TN09_Air700F\TN09_Air700F_app\LIB\libCH58xBLE.a(tmos.o)
                0x0000000000013904                tmos_start_callback_task
 .text.tmos_start_reload_task
                0x000000000001399e       0x58 R:\CODE\CHcode\CH582\TN09_Air700F\TN09_Air700F_app\LIB\libCH58xBLE.a(tmos.o)
                0x000000000001399e                tmos_start_reload_task
 .text.tmos_stop_task
                0x00000000000139f6       0x52 R:\CODE\CHcode\CH582\TN09_Air700F\TN09_Air700F_app\LIB\libCH58xBLE.a(tmos.o)
                0x00000000000139f6                tmos_stop_task
 .text.tmos_stop_callback_task
                0x0000000000013a48       0x5c R:\CODE\CHcode\CH582\TN09_Air700F\TN09_Air700F_app\LIB\libCH58xBLE.a(tmos.o)
                0x0000000000013a48                tmos_stop_callback_task
 .text.tmos_get_task_timer
                0x0000000000013aa4       0x6c R:\CODE\CHcode\CH582\TN09_Air700F\TN09_Air700F_app\LIB\libCH58xBLE.a(tmos.o)
                0x0000000000013aa4                tmos_get_task_timer
 .text.TMOS_TimerRegister
                0x0000000000013b10       0x1e R:\CODE\CHcode\CH582\TN09_Air700F\TN09_Air700F_app\LIB\libCH58xBLE.a(tmos.o)
                0x0000000000013b10                TMOS_TimerRegister
 .text.TMOS_ProcessRegister
                0x0000000000013b2e       0x16 R:\CODE\CHcode\CH582\TN09_Air700F\TN09_Air700F_app\LIB\libCH58xBLE.a(tmos.o)
                0x0000000000013b2e                TMOS_ProcessRegister
 .text.TMOS_Init
                0x0000000000013b44      0x12e R:\CODE\CHcode\CH582\TN09_Air700F\TN09_Air700F_app\LIB\libCH58xBLE.a(tmos.o)
                0x0000000000013b44                TMOS_Init
 .text.TMOS_ProcessEventRegister
                0x0000000000013c72       0x3c R:\CODE\CHcode\CH582\TN09_Air700F\TN09_Air700F_app\LIB\libCH58xBLE.a(tmos.o)
                0x0000000000013c72                TMOS_ProcessEventRegister
 .text.BLE_LibInit
                0x0000000000013cae      0x174 R:\CODE\CHcode\CH582\TN09_Air700F\TN09_Air700F_app\LIB\libCH58xBLE.a(tmos.o)
                0x0000000000013cae                BLE_LibInit
 .text.clockGetTickValve
                0x0000000000013e22       0x70 R:\CODE\CHcode\CH582\TN09_Air700F\TN09_Air700F_app\LIB\libCH58xBLE.a(tmos_hw.o)
 .text.ll_get_sca_divisor
                0x0000000000013e92       0x40 R:\CODE\CHcode\CH582\TN09_Air700F\TN09_Air700F_app\LIB\libCH58xBLE.a(tmos_hw.o)
                0x0000000000013e92                ll_get_sca_divisor
 .text.ll_get_sca_own
                0x0000000000013ed2       0x46 R:\CODE\CHcode\CH582\TN09_Air700F\TN09_Air700F_app\LIB\libCH58xBLE.a(tmos_hw.o)
                0x0000000000013ed2                ll_get_sca_own
 .text.ble_ll_common_rand8
                0x0000000000013f18       0x24 R:\CODE\CHcode\CH582\TN09_Air700F\TN09_Air700F_app\LIB\libCH58xBLE.a(tmos_hw.o)
                0x0000000000013f18                ble_ll_common_rand8
 .text.ble_ll_common_rand16
                0x0000000000013f3c       0x24 R:\CODE\CHcode\CH582\TN09_Air700F\TN09_Air700F_app\LIB\libCH58xBLE.a(tmos_hw.o)
                0x0000000000013f3c                ble_ll_common_rand16
 .text.ble_ll_common_rand32
                0x0000000000013f60       0x20 R:\CODE\CHcode\CH582\TN09_Air700F\TN09_Air700F_app\LIB\libCH58xBLE.a(tmos_hw.o)
                0x0000000000013f60                ble_ll_common_rand32
 .text.TMOS_TempSample
                0x0000000000013f80       0x62 R:\CODE\CHcode\CH582\TN09_Air700F\TN09_Air700F_app\LIB\libCH58xBLE.a(tmos_hw.o)
                0x0000000000013f80                TMOS_TempSample
 .text.TMOS_TimerInit
                0x0000000000013fe2       0xca R:\CODE\CHcode\CH582\TN09_Air700F\TN09_Air700F_app\LIB\libCH58xBLE.a(tmos_hw.o)
                0x0000000000013fe2                TMOS_TimerInit
 .text.tmos_snv_init
                0x00000000000140ac       0xc0 R:\CODE\CHcode\CH582\TN09_Air700F\TN09_Air700F_app\LIB\libCH58xBLE.a(tmos_snv.o)
                0x00000000000140ac                tmos_snv_init
 .text.tmos_snv_clear
                0x000000000001416c       0xb2 R:\CODE\CHcode\CH582\TN09_Air700F\TN09_Air700F_app\LIB\libCH58xBLE.a(tmos_snv.o)
                0x000000000001416c                tmos_snv_clear
 .text.tmos_snv_read
                0x000000000001421e      0x292 R:\CODE\CHcode\CH582\TN09_Air700F\TN09_Air700F_app\LIB\libCH58xBLE.a(tmos_snv.o)
                0x000000000001421e                tmos_snv_read
 .text.tmos_snv_notify
                0x00000000000144b0       0x5a R:\CODE\CHcode\CH582\TN09_Air700F\TN09_Air700F_app\LIB\libCH58xBLE.a(tmos_snv.o)
                0x00000000000144b0                tmos_snv_notify
 .text.tmos_snv_write
                0x000000000001450a      0x2ce R:\CODE\CHcode\CH582\TN09_Air700F\TN09_Air700F_app\LIB\libCH58xBLE.a(tmos_snv.o)
                0x000000000001450a                tmos_snv_write
 .text.tmos_snv_compact
                0x00000000000147d8        0x4 R:\CODE\CHcode\CH582\TN09_Air700F\TN09_Air700F_app\LIB\libCH58xBLE.a(tmos_snv.o)
                0x00000000000147d8                tmos_snv_compact
 .text.disconnectNext
                0x00000000000147dc       0x22 R:\CODE\CHcode\CH582\TN09_Air700F\TN09_Air700F_app\LIB\libCH58xBLE.a(gap.o)
 .text.GAP_ParamInit
                0x00000000000147fe      0x160 R:\CODE\CHcode\CH582\TN09_Air700F\TN09_Air700F_app\LIB\libCH58xBLE.a(gap.o)
                0x00000000000147fe                GAP_ParamInit
 .text.sendTerminateEvent
                0x000000000001495e       0x58 R:\CODE\CHcode\CH582\TN09_Air700F\TN09_Air700F_app\LIB\libCH58xBLE.a(gap.o)
                0x000000000001495e                sendTerminateEvent
 .text.gapRegisterCentral
                0x00000000000149b6        0x6 R:\CODE\CHcode\CH582\TN09_Air700F\TN09_Air700F_app\LIB\libCH58xBLE.a(gap.o)
                0x00000000000149b6                gapRegisterCentral
 .text.gapRegisterCentralConn
                0x00000000000149bc        0x6 R:\CODE\CHcode\CH582\TN09_Air700F\TN09_Air700F_app\LIB\libCH58xBLE.a(gap.o)
                0x00000000000149bc                gapRegisterCentralConn
 .text.gapRegisterPeripheral
                0x00000000000149c2        0x6 R:\CODE\CHcode\CH582\TN09_Air700F\TN09_Air700F_app\LIB\libCH58xBLE.a(gap.o)
                0x00000000000149c2                gapRegisterPeripheral
 .text.gapRegisterPeripheralConn
                0x00000000000149c8        0x6 R:\CODE\CHcode\CH582\TN09_Air700F\TN09_Air700F_app\LIB\libCH58xBLE.a(gap.o)
                0x00000000000149c8                gapRegisterPeripheralConn
 .text.smGenerateRandBuf
                0x00000000000149ce       0x56 R:\CODE\CHcode\CH582\TN09_Air700F\TN09_Air700F_app\LIB\libCH58xBLE.a(gap.o)
                0x00000000000149ce                smGenerateRandBuf
 .text.gapL2capConnParamUpdateReq
                0x0000000000014a24       0x36 R:\CODE\CHcode\CH582\TN09_Air700F\TN09_Air700F_app\LIB\libCH58xBLE.a(gap.o)
                0x0000000000014a24                gapL2capConnParamUpdateReq
 .text.gapValidADType
                0x0000000000014a5a       0x16 R:\CODE\CHcode\CH582\TN09_Air700F\TN09_Air700F_app\LIB\libCH58xBLE.a(gap.o)
                0x0000000000014a5a                gapValidADType
 .text.gapFindADType
                0x0000000000014a70       0x94 R:\CODE\CHcode\CH582\TN09_Air700F\TN09_Air700F_app\LIB\libCH58xBLE.a(gap.o)
                0x0000000000014a70                gapFindADType
 .text.GAP_SecParamsInit
                0x0000000000014b04       0xae R:\CODE\CHcode\CH582\TN09_Air700F\TN09_Air700F_app\LIB\libCH58xBLE.a(gap.o)
                0x0000000000014b04                GAP_SecParamsInit
 .text.GAP_ParamsInit
                0x0000000000014bb2       0x50 R:\CODE\CHcode\CH582\TN09_Air700F\TN09_Air700F_app\LIB\libCH58xBLE.a(gap.o)
                0x0000000000014bb2                GAP_ParamsInit
 .text.gapAddAddrAdj
                0x0000000000014c02       0x48 R:\CODE\CHcode\CH582\TN09_Air700F\TN09_Air700F_app\LIB\libCH58xBLE.a(gap.o)
                0x0000000000014c02                gapAddAddrAdj
 .text.gapDetermineAddrType
                0x0000000000014c4a       0x28 R:\CODE\CHcode\CH582\TN09_Air700F\TN09_Air700F_app\LIB\libCH58xBLE.a(gap.o)
                0x0000000000014c4a                gapDetermineAddrType
 .text.gapFreeAuthLink
                0x0000000000014c72       0x4a R:\CODE\CHcode\CH582\TN09_Air700F\TN09_Air700F_app\LIB\libCH58xBLE.a(gap.o)
                0x0000000000014c72                gapFreeAuthLink
 .text.gapGetDevAddress
                0x0000000000014cbc       0x24 R:\CODE\CHcode\CH582\TN09_Air700F\TN09_Air700F_app\LIB\libCH58xBLE.a(gap.o)
                0x0000000000014cbc                gapGetDevAddress
 .text.gapGetDevAddressMode
                0x0000000000014ce0        0xa R:\CODE\CHcode\CH582\TN09_Air700F\TN09_Air700F_app\LIB\libCH58xBLE.a(gap.o)
                0x0000000000014ce0                gapGetDevAddressMode
 .text.gapGetIRK
                0x0000000000014cea        0xc R:\CODE\CHcode\CH582\TN09_Air700F\TN09_Air700F_app\LIB\libCH58xBLE.a(gap.o)
                0x0000000000014cea                gapGetIRK
 .text.gapGetSRK
                0x0000000000014cf6        0xc R:\CODE\CHcode\CH582\TN09_Air700F\TN09_Air700F_app\LIB\libCH58xBLE.a(gap.o)
                0x0000000000014cf6                gapGetSRK
 .text.gapGetSignCounter
                0x0000000000014d02        0xe R:\CODE\CHcode\CH582\TN09_Air700F\TN09_Air700F_app\LIB\libCH58xBLE.a(gap.o)
                0x0000000000014d02                gapGetSignCounter
 .text.gapIncSignCounter
                0x0000000000014d10       0x28 R:\CODE\CHcode\CH582\TN09_Air700F\TN09_Air700F_app\LIB\libCH58xBLE.a(gap.o)
                0x0000000000014d10                gapIncSignCounter
 .text.gapProcessConnEvt
                0x0000000000014d38       0x48 R:\CODE\CHcode\CH582\TN09_Air700F\TN09_Air700F_app\LIB\libCH58xBLE.a(gap.o)
                0x0000000000014d38                gapProcessConnEvt
 .text.gapProcessDisconnectCompleteEvt
                0x0000000000014d80       0xaa R:\CODE\CHcode\CH582\TN09_Air700F\TN09_Air700F_app\LIB\libCH58xBLE.a(gap.o)
                0x0000000000014d80                gapProcessDisconnectCompleteEvt
 .text.sendAuthEvent
                0x0000000000014e2a      0x120 R:\CODE\CHcode\CH582\TN09_Air700F\TN09_Air700F_app\LIB\libCH58xBLE.a(gap.o)
                0x0000000000014e2a                sendAuthEvent
 .text.gapSendBondCompleteEvent
                0x0000000000014f4a       0x74 R:\CODE\CHcode\CH582\TN09_Air700F\TN09_Air700F_app\LIB\libCH58xBLE.a(gap.o)
                0x0000000000014f4a                gapSendBondCompleteEvent
 .text.gapSendPairingReqEvent
                0x0000000000014fbe       0x96 R:\CODE\CHcode\CH582\TN09_Air700F\TN09_Air700F_app\LIB\libCH58xBLE.a(gap.o)
                0x0000000000014fbe                gapSendPairingReqEvent
 .text.gapSendSlaveSecurityReqEvent
                0x0000000000015054       0x68 R:\CODE\CHcode\CH582\TN09_Air700F\TN09_Air700F_app\LIB\libCH58xBLE.a(gap.o)
                0x0000000000015054                gapSendSlaveSecurityReqEvent
 .text.gapSendDeviceInitDoneEvent
                0x00000000000150bc       0x88 R:\CODE\CHcode\CH582\TN09_Air700F\TN09_Air700F_app\LIB\libCH58xBLE.a(gap.o)
                0x00000000000150bc                gapSendDeviceInitDoneEvent
 .text.gapSendLinkUpdateEvent
                0x0000000000015144       0xb2 R:\CODE\CHcode\CH582\TN09_Air700F\TN09_Air700F_app\LIB\libCH58xBLE.a(gap.o)
                0x0000000000015144                gapSendLinkUpdateEvent
 .text.gapSendPhyUpdateEvent
                0x00000000000151f6       0x58 R:\CODE\CHcode\CH582\TN09_Air700F\TN09_Air700F_app\LIB\libCH58xBLE.a(gap.o)
                0x00000000000151f6                gapSendPhyUpdateEvent
 .text.gapSendEstLinkEvent
                0x000000000001524e       0xbc R:\CODE\CHcode\CH582\TN09_Air700F\TN09_Air700F_app\LIB\libCH58xBLE.a(gap.o)
                0x000000000001524e                gapSendEstLinkEvent
 .text.gapProcessNewAddr
                0x000000000001530a       0x3e R:\CODE\CHcode\CH582\TN09_Air700F\TN09_Air700F_app\LIB\libCH58xBLE.a(gap.o)
                0x000000000001530a                gapProcessNewAddr
 .text.gapProcessRandomAddrComplete
                0x0000000000015348       0xb6 R:\CODE\CHcode\CH582\TN09_Air700F\TN09_Air700F_app\LIB\libCH58xBLE.a(gap.o)
                0x0000000000015348                gapProcessRandomAddrComplete
 .text.GAP_Authenticate
                0x00000000000153fe       0xde R:\CODE\CHcode\CH582\TN09_Air700F\TN09_Air700F_app\LIB\libCH58xBLE.a(gap.o)
                0x00000000000153fe                GAP_Authenticate
 .text.GAP_Bond
                0x00000000000154dc       0xaa R:\CODE\CHcode\CH582\TN09_Air700F\TN09_Air700F_app\LIB\libCH58xBLE.a(gap.o)
                0x00000000000154dc                GAP_Bond
 .text.GAP_GetParamValue
                0x0000000000015586       0x20 R:\CODE\CHcode\CH582\TN09_Air700F\TN09_Air700F_app\LIB\libCH58xBLE.a(gap.o)
                0x0000000000015586                GAP_GetParamValue
 .text.GAP_PasscodeUpdate
                0x00000000000155a6       0x54 R:\CODE\CHcode\CH582\TN09_Air700F\TN09_Air700F_app\LIB\libCH58xBLE.a(gap.o)
                0x00000000000155a6                GAP_PasscodeUpdate
 .text.GAP_RegisterForMsgs
                0x00000000000155fa        0xa R:\CODE\CHcode\CH582\TN09_Air700F\TN09_Air700F_app\LIB\libCH58xBLE.a(gap.o)
                0x00000000000155fa                GAP_RegisterForMsgs
 .text.GAP_ResolvePrivateAddr
                0x0000000000015604        0x4 R:\CODE\CHcode\CH582\TN09_Air700F\TN09_Air700F_app\LIB\libCH58xBLE.a(gap.o)
                0x0000000000015604                GAP_ResolvePrivateAddr
 .text.gapPairingCompleteCB
                0x0000000000015608      0x18c R:\CODE\CHcode\CH582\TN09_Air700F\TN09_Air700F_app\LIB\libCH58xBLE.a(gap.o)
                0x0000000000015608                gapPairingCompleteCB
 .text.gapPasskeyNeededCB
                0x0000000000015794       0x8e R:\CODE\CHcode\CH582\TN09_Air700F\TN09_Air700F_app\LIB\libCH58xBLE.a(gap.o)
                0x0000000000015794                gapPasskeyNeededCB
 .text.gapOobNeededCB
                0x0000000000015822       0xa6 R:\CODE\CHcode\CH582\TN09_Air700F\TN09_Air700F_app\LIB\libCH58xBLE.a(gap.o)
                0x0000000000015822                gapOobNeededCB
 .text.gapFreeEstLink
                0x00000000000158c8       0x20 R:\CODE\CHcode\CH582\TN09_Air700F\TN09_Air700F_app\LIB\libCH58xBLE.a(gap.o)
                0x00000000000158c8                gapFreeEstLink
 .text.gapUpdateConnSignCounter
                0x00000000000158e8       0x7a R:\CODE\CHcode\CH582\TN09_Air700F\TN09_Air700F_app\LIB\libCH58xBLE.a(gap.o)
                0x00000000000158e8                gapUpdateConnSignCounter
 .text.GAP_SendSlaveSecurityRequest
                0x0000000000015962       0x4a R:\CODE\CHcode\CH582\TN09_Air700F\TN09_Air700F_app\LIB\libCH58xBLE.a(gap.o)
                0x0000000000015962                GAP_SendSlaveSecurityRequest
 .text.GAP_Signable
                0x00000000000159ac       0x6a R:\CODE\CHcode\CH582\TN09_Air700F\TN09_Air700F_app\LIB\libCH58xBLE.a(gap.o)
                0x00000000000159ac                GAP_Signable
 .text.GAP_TerminateAuth
                0x0000000000015a16       0x2a R:\CODE\CHcode\CH582\TN09_Air700F\TN09_Air700F_app\LIB\libCH58xBLE.a(gap.o)
                0x0000000000015a16                GAP_TerminateAuth
 .text.GAP_NumActiveConnections
                0x0000000000015a40        0x4 R:\CODE\CHcode\CH582\TN09_Air700F\TN09_Air700F_app\LIB\libCH58xBLE.a(gap.o)
                0x0000000000015a40                GAP_NumActiveConnections
 .text.GAP_TerminateLinkReq
                0x0000000000015a44       0x8e R:\CODE\CHcode\CH582\TN09_Air700F\TN09_Air700F_app\LIB\libCH58xBLE.a(gap.o)
                0x0000000000015a44                GAP_TerminateLinkReq
 .text.GAP_SetParamValue
                0x0000000000015ad2       0x6c R:\CODE\CHcode\CH582\TN09_Air700F\TN09_Air700F_app\LIB\libCH58xBLE.a(gap.o)
                0x0000000000015ad2                GAP_SetParamValue
 .text.GAP_Init
                0x0000000000015b3e       0x48 R:\CODE\CHcode\CH582\TN09_Air700F\TN09_Air700F_app\LIB\libCH58xBLE.a(gap.o)
                0x0000000000015b3e                GAP_Init
 .text.GAP_ProcessEvent
                0x0000000000015b86      0x664 R:\CODE\CHcode\CH582\TN09_Air700F\TN09_Air700F_app\LIB\libCH58xBLE.a(gap.o)
                0x0000000000015b86                GAP_ProcessEvent
 .text.gapSendScanEnable
                0x00000000000161ea       0x3a R:\CODE\CHcode\CH582\TN09_Air700F\TN09_Air700F_app\LIB\libCH58xBLE.a(gap_central.o)
 .text.gapCentProcessConnEvt
                0x0000000000016224      0x168 R:\CODE\CHcode\CH582\TN09_Air700F\TN09_Air700F_app\LIB\libCH58xBLE.a(gap_central.o)
                0x0000000000016224                gapCentProcessConnEvt
 .text.gapProcessScanningPeriodicAdvEvt
                0x000000000001638c       0xa0 R:\CODE\CHcode\CH582\TN09_Air700F\TN09_Air700F_app\LIB\libCH58xBLE.a(gap_central.o)
                0x000000000001638c                gapProcessScanningPeriodicAdvEvt
 .text.gapCancelLinkReq
                0x000000000001642c       0x38 R:\CODE\CHcode\CH582\TN09_Air700F\TN09_Air700F_app\LIB\libCH58xBLE.a(gap_central.o)
                0x000000000001642c                gapCancelLinkReq
 .text.gapProcessAdvertDevInfo
                0x0000000000016464      0x242 R:\CODE\CHcode\CH582\TN09_Air700F\TN09_Air700F_app\LIB\libCH58xBLE.a(gap_central.o)
                0x0000000000016464                gapProcessAdvertDevInfo
 .text.gapProcessExtAdvertDevInfo
                0x00000000000166a6      0x260 R:\CODE\CHcode\CH582\TN09_Air700F\TN09_Air700F_app\LIB\libCH58xBLE.a(gap_central.o)
                0x00000000000166a6                gapProcessExtAdvertDevInfo
 .text.gapProcessPeriodicAdvertisingSyncEstablishedEvt
                0x0000000000016906       0xae R:\CODE\CHcode\CH582\TN09_Air700F\TN09_Air700F_app\LIB\libCH58xBLE.a(gap_central.o)
                0x0000000000016906                gapProcessPeriodicAdvertisingSyncEstablishedEvt
 .text.gapProcessPeriodicAdvertisingSyncLostEvt
                0x00000000000169b4       0x56 R:\CODE\CHcode\CH582\TN09_Air700F\TN09_Air700F_app\LIB\libCH58xBLE.a(gap_central.o)
                0x00000000000169b4                gapProcessPeriodicAdvertisingSyncLostEvt
 .text.gapFreeScanRecs
                0x0000000000016a0a       0xa6 R:\CODE\CHcode\CH582\TN09_Air700F\TN09_Air700F_app\LIB\libCH58xBLE.a(gap_central.o)
                0x0000000000016a0a                gapFreeScanRecs
 .text.gapSendDevDiscEvent
                0x0000000000016ab0      0x126 R:\CODE\CHcode\CH582\TN09_Air700F\TN09_Air700F_app\LIB\libCH58xBLE.a(gap_central.o)
                0x0000000000016ab0                gapSendDevDiscEvent
 .text.gapSetScanParamStatus
                0x0000000000016bd6       0x58 R:\CODE\CHcode\CH582\TN09_Air700F\TN09_Air700F_app\LIB\libCH58xBLE.a(gap_central.o)
 .text.gapCentProcessHCICmdEvt
                0x0000000000016c2e       0x3e R:\CODE\CHcode\CH582\TN09_Air700F\TN09_Air700F_app\LIB\libCH58xBLE.a(gap_central.o)
                0x0000000000016c2e                gapCentProcessHCICmdEvt
 .text.gapProcessScanningEvt
                0x0000000000016c6c      0x110 R:\CODE\CHcode\CH582\TN09_Air700F\TN09_Air700F_app\LIB\libCH58xBLE.a(gap_central.o)
                0x0000000000016c6c                gapProcessScanningEvt
 .text.gapProcessScanningDirectEvt
                0x0000000000016d7c       0xfe R:\CODE\CHcode\CH582\TN09_Air700F\TN09_Air700F_app\LIB\libCH58xBLE.a(gap_central.o)
                0x0000000000016d7c                gapProcessScanningDirectEvt
 .text.gapProcessScanningExtAdvEvt
                0x0000000000016e7a      0x26a R:\CODE\CHcode\CH582\TN09_Air700F\TN09_Air700F_app\LIB\libCH58xBLE.a(gap_central.o)
                0x0000000000016e7a                gapProcessScanningExtAdvEvt
 .text.GAP_DeviceDiscoveryRequest
                0x00000000000170e4      0x120 R:\CODE\CHcode\CH582\TN09_Air700F\TN09_Air700F_app\LIB\libCH58xBLE.a(gap_central.o)
                0x00000000000170e4                GAP_DeviceDiscoveryRequest
 .text.GAP_EstablishLinkReq
                0x0000000000017204      0x28c R:\CODE\CHcode\CH582\TN09_Air700F\TN09_Air700F_app\LIB\libCH58xBLE.a(gap_central.o)
                0x0000000000017204                GAP_EstablishLinkReq
 .text.GAP_CentConnRegister
                0x0000000000017490       0x1a R:\CODE\CHcode\CH582\TN09_Air700F\TN09_Air700F_app\LIB\libCH58xBLE.a(gap_central.o)
                0x0000000000017490                GAP_CentConnRegister
 .text.GAP_CentralParamInit
                0x00000000000174aa       0x6e R:\CODE\CHcode\CH582\TN09_Air700F\TN09_Air700F_app\LIB\libCH58xBLE.a(gap_central.o)
                0x00000000000174aa                GAP_CentralParamInit
 .text.GAP_CentDevMgrInit
                0x0000000000017518       0x9c R:\CODE\CHcode\CH582\TN09_Air700F\TN09_Air700F_app\LIB\libCH58xBLE.a(gap_central.o)
                0x0000000000017518                GAP_CentDevMgrInit
 .text.gapFreeAdvertState