Archive member included to satisfy reference by file (symbol)

../StdPeriphDriver\libISP583.a(ISP583.o)
                              ./Task/app_db.o (FLASH_EEPROM_CMD)
d:/软件工具/mounriver_studio_setup_v142/mounriver_studio/toolchain/risc-v embedded gcc/bin/../lib/gcc/riscv-none-embed/8.2.0/../../../../riscv-none-embed/lib/rv32imac/ilp32\libm.a(lib_a-s_cos.o)
                              ./Task/app_gps.o (cos)
d:/软件工具/mounriver_studio_setup_v142/mounriver_studio/toolchain/risc-v embedded gcc/bin/../lib/gcc/riscv-none-embed/8.2.0/../../../../riscv-none-embed/lib/rv32imac/ilp32\libm.a(lib_a-s_sin.o)
                              ./Task/app_gps.o (sin)
d:/软件工具/mounriver_studio_setup_v142/mounriver_studio/toolchain/risc-v embedded gcc/bin/../lib/gcc/riscv-none-embed/8.2.0/../../../../riscv-none-embed/lib/rv32imac/ilp32\libm.a(lib_a-w_asin.o)
                              ./Task/app_gps.o (asin)
d:/软件工具/mounriver_studio_setup_v142/mounriver_studio/toolchain/risc-v embedded gcc/bin/../lib/gcc/riscv-none-embed/8.2.0/../../../../riscv-none-embed/lib/rv32imac/ilp32\libm.a(lib_a-w_pow.o)
                              ./Task/app_gps.o (pow)
d:/软件工具/mounriver_studio_setup_v142/mounriver_studio/toolchain/risc-v embedded gcc/bin/../lib/gcc/riscv-none-embed/8.2.0/../../../../riscv-none-embed/lib/rv32imac/ilp32\libm.a(lib_a-w_sqrt.o)
                              ./Task/app_gps.o (sqrt)
d:/软件工具/mounriver_studio_setup_v142/mounriver_studio/toolchain/risc-v embedded gcc/bin/../lib/gcc/riscv-none-embed/8.2.0/../../../../riscv-none-embed/lib/rv32imac/ilp32\libm.a(lib_a-e_asin.o)
                              d:/软件工具/mounriver_studio_setup_v142/mounriver_studio/toolchain/risc-v embedded gcc/bin/../lib/gcc/riscv-none-embed/8.2.0/../../../../riscv-none-embed/lib/rv32imac/ilp32\libm.a(lib_a-w_asin.o) (__ieee754_asin)
d:/软件工具/mounriver_studio_setup_v142/mounriver_studio/toolchain/risc-v embedded gcc/bin/../lib/gcc/riscv-none-embed/8.2.0/../../../../riscv-none-embed/lib/rv32imac/ilp32\libm.a(lib_a-e_pow.o)
                              d:/软件工具/mounriver_studio_setup_v142/mounriver_studio/toolchain/risc-v embedded gcc/bin/../lib/gcc/riscv-none-embed/8.2.0/../../../../riscv-none-embed/lib/rv32imac/ilp32\libm.a(lib_a-w_pow.o) (__ieee754_pow)
d:/软件工具/mounriver_studio_setup_v142/mounriver_studio/toolchain/risc-v embedded gcc/bin/../lib/gcc/riscv-none-embed/8.2.0/../../../../riscv-none-embed/lib/rv32imac/ilp32\libm.a(lib_a-e_rem_pio2.o)
                              d:/软件工具/mounriver_studio_setup_v142/mounriver_studio/toolchain/risc-v embedded gcc/bin/../lib/gcc/riscv-none-embed/8.2.0/../../../../riscv-none-embed/lib/rv32imac/ilp32\libm.a(lib_a-s_cos.o) (__ieee754_rem_pio2)
d:/软件工具/mounriver_studio_setup_v142/mounriver_studio/toolchain/risc-v embedded gcc/bin/../lib/gcc/riscv-none-embed/8.2.0/../../../../riscv-none-embed/lib/rv32imac/ilp32\libm.a(lib_a-e_sqrt.o)
                              d:/软件工具/mounriver_studio_setup_v142/mounriver_studio/toolchain/risc-v embedded gcc/bin/../lib/gcc/riscv-none-embed/8.2.0/../../../../riscv-none-embed/lib/rv32imac/ilp32\libm.a(lib_a-w_sqrt.o) (__ieee754_sqrt)
d:/软件工具/mounriver_studio_setup_v142/mounriver_studio/toolchain/risc-v embedded gcc/bin/../lib/gcc/riscv-none-embed/8.2.0/../../../../riscv-none-embed/lib/rv32imac/ilp32\libm.a(lib_a-k_cos.o)
                              d:/软件工具/mounriver_studio_setup_v142/mounriver_studio/toolchain/risc-v embedded gcc/bin/../lib/gcc/riscv-none-embed/8.2.0/../../../../riscv-none-embed/lib/rv32imac/ilp32\libm.a(lib_a-s_cos.o) (__kernel_cos)
d:/软件工具/mounriver_studio_setup_v142/mounriver_studio/toolchain/risc-v embedded gcc/bin/../lib/gcc/riscv-none-embed/8.2.0/../../../../riscv-none-embed/lib/rv32imac/ilp32\libm.a(lib_a-k_rem_pio2.o)
                              d:/软件工具/mounriver_studio_setup_v142/mounriver_studio/toolchain/risc-v embedded gcc/bin/../lib/gcc/riscv-none-embed/8.2.0/../../../../riscv-none-embed/lib/rv32imac/ilp32\libm.a(lib_a-e_rem_pio2.o) (__kernel_rem_pio2)
d:/软件工具/mounriver_studio_setup_v142/mounriver_studio/toolchain/risc-v embedded gcc/bin/../lib/gcc/riscv-none-embed/8.2.0/../../../../riscv-none-embed/lib/rv32imac/ilp32\libm.a(lib_a-k_sin.o)
                              d:/软件工具/mounriver_studio_setup_v142/mounriver_studio/toolchain/risc-v embedded gcc/bin/../lib/gcc/riscv-none-embed/8.2.0/../../../../riscv-none-embed/lib/rv32imac/ilp32\libm.a(lib_a-s_cos.o) (__kernel_sin)
d:/软件工具/mounriver_studio_setup_v142/mounriver_studio/toolchain/risc-v embedded gcc/bin/../lib/gcc/riscv-none-embed/8.2.0/../../../../riscv-none-embed/lib/rv32imac/ilp32\libm.a(lib_a-s_fabs.o)
                              d:/软件工具/mounriver_studio_setup_v142/mounriver_studio/toolchain/risc-v embedded gcc/bin/../lib/gcc/riscv-none-embed/8.2.0/../../../../riscv-none-embed/lib/rv32imac/ilp32\libm.a(lib_a-w_asin.o) (fabs)
[...]
Memory Configuration

Name             Origin             Length             Attributes
FLASH            0x000000000000c000 0x0000000000064000 xr
RAM              0x0000000020000000 0x0000000000008000 xrw
*default*        0x0000000000000000 0xffffffffffffffff

Linker script and memory map

LOAD ./Task/aes.o
LOAD ./Task/app_atcmd.o
LOAD ./Task/app_db.o
LOAD ./Task/app_gps.o
LOAD ./Task/app_instructioncmd.o
LOAD ./Task/app_jt808.o
LOAD ./Task/app_kernal.o
LOAD ./Task/app_mir3da.o
LOAD ./Task/app_net.o
LOAD ./Task/app_param.o
LOAD ./Task/app_port.o
LOAD ./Task/app_protocol.o
LOAD ./Task/app_server.o
LOAD ./Task/app_socket.o
LOAD ./Task/app_sys.o
LOAD ./Task/app_task.o
LOAD ./StdPeriphDriver/CH58x_adc.o
LOAD ./StdPeriphDriver/CH58x_clk.o
LOAD ./StdPeriphDriver/CH58x_flash.o
LOAD ./StdPeriphDriver/CH58x_gpio.o
LOAD ./StdPeriphDriver/CH58x_i2c.o
LOAD ./StdPeriphDriver/CH58x_pwm.o
LOAD ./StdPeriphDriver/CH58x_pwr.o
LOAD ./StdPeriphDriver/CH58x_spi0.o
LOAD ./StdPeriphDriver/CH58x_spi1.o
LOAD ./StdPeriphDriver/CH58x_sys.o
LOAD ./StdPeriphDriver/CH58x_timer0.o
LOAD ./StdPeriphDriver/CH58x_timer1.o
LOAD ./StdPeriphDriver/CH58x_timer2.o
LOAD ./StdPeriphDriver/CH58x_timer3.o
LOAD ./StdPeriphDriver/CH58x_uart0.o
LOAD ./StdPeriphDriver/CH58x_uart1.o
LOAD ./StdPeriphDriver/CH58x_uart2.o
LOAD ./StdPeriphDriver/CH58x_uart3.o
LOAD ./StdPeriphDriver/CH58x_usb2dev.o
LOAD ./StdPeriphDriver/CH58x_usb2hostBase.o
LOAD ./StdPeriphDriver/CH58x_usb2hostClass.o
LOAD ./StdPeriphDriver/CH58x_usbdev.o
LOAD ./StdPeriphDriver/CH58x_usbhostBase.o
LOAD ./StdPeriphDriver/CH58x_usbhostClass.o
LOAD ./Startup/startup_CH583.o
LOAD ./RVMSIS/core_riscv.o
LOAD ./HAL/KEY.o
LOAD ./HAL/LED.o
LOAD ./HAL/MCU.o
LOAD ./HAL/RTC.o
LOAD ./HAL/SLEEP.o
LOAD ./APP/app_broadcaster.o
LOAD ./APP/app_central.o
LOAD ./APP/app_main.o
LOAD ./APP/app_peripheral.o
LOAD ../StdPeriphDriver\libISP583.a
LOAD d:/软件工具/mounriver_studio_setup_v142/mounriver_studio/toolchain/risc-v embedded gcc/bin/../lib/gcc/riscv-none-embed/8.2.0/../../../../riscv-none-embed/lib/rv32imac/ilp32\libm.a
LOAD R:\CODE\CHcode\CH582\TN09_Air700F\TN09_Air700F_app\LIB\libCH58xBLE.a
LOAD d:/软件工具/mounriver_studio_setup_v142/mounriver_studio/toolchain/risc-v embedded gcc/bin/../lib/gcc/riscv-none-embed/8.2.0/rv32imac/ilp32\libgcc.a
LOAD d:/软件工具/mounriver_studio_setup_v142/mounriver_studio/toolchain/risc-v embedded gcc/bin/../lib/gcc/riscv-none-embed/8.2.0/../../../../riscv-none-embed/lib/rv32imac/ilp32\libg_nano.a
LOAD d:/软件工具/mounriver_studio_setup_v142/mounriver_studio/toolchain/risc-v embedded gcc/bin/../lib/gcc/riscv-none-embed/8.2.0/../../../../riscv-none-embed/lib/rv32imac/ilp32\libc_nano.a
LOAD d:/软件工具/mounriver_studio_setup_v142/mounriver_studio/toolchain/risc-v embedded gcc/bin/../lib/gcc/riscv-none-embed/8.2.0/rv32imac/ilp32\libgcc.a
START GROUP
LOAD d:/软件工具/mounriver_studio_setup_v142/mounriver_studio/toolchain/risc-v embedded gcc/bin/../lib/gcc/riscv-none-embed/8.2.0/rv32imac/ilp32\libgcc.a
LOAD d:/软件工具/mounriver_studio_setup_v142/mounriver_studio/toolchain/risc-v embedded gcc/bin/../lib/gcc/riscv-none-embed/8.2.0/../../../../riscv-none-embed/lib/rv32imac/ilp32\libc_nano.a
LOAD d:/软件工具/mounriver_studio_setup_v142/mounriver_studio/toolchain/risc-v embedded gcc/bin/../lib/gcc/riscv-none-embed/8.2.0/../../../../riscv-none-embed/lib/rv32imac/ilp32\libnosys.a
END GROUP
START GROUP
LOAD d:/软件工具/mounriver_studio_setup_v142/mounriver_studio/toolchain/risc-v embedded gcc/bin/../lib/gcc/riscv-none-embed/8.2.0/rv32imac/ilp32\libgcc.a
LOAD d:/软件工具/mounriver_studio_setup_v142/mounriver_studio/toolchain/risc-v embedded gcc/bin/../lib/gcc/riscv-none-embed/8.2.0/../../../../riscv-none-embed/lib/rv32imac/ilp32\libc_nano.a
LOAD d:/软件工具/mounriver_studio_setup_v142/mounriver_studio/toolchain/risc-v embedded gcc/bin/../lib/gcc/riscv-none-embed/8.2.0/../../../../riscv-none-embed/lib/rv32imac/ilp32\libnosys.a
END GROUP

.init           0x000000000000c000        0x4
                0x000000000000c000                _sinit = .
                0x000000000000c000                . = ALIGN (0x4)
 *(SORT_NONE(.init))
 .init          0x000000000000c000        0x4 ./Startup/startup_CH583.o
                0x000000000000c000                _start
                0x000000000000c004                . = ALIGN (0x4)
                0x000000000000c004                _einit = .

.highcodelalign
                0x000000000000c004        0x0
                0x000000000000c004                . = ALIGN (0x4)
                0x000000000000c004                PROVIDE (_highcode_lma = .)

.highcode       0x0000000020000000     0x2634 load address 0x000000000000c004
                0x0000000020000000                . = ALIGN (0x4)
                0x0000000020000000                PROVIDE (_highcode_vma_start = .)
 *(.vector)
 .vector        0x0000000020000000       0x90 ./Startup/startup_CH583.o
 *(SORT_NONE(.vector_handler))
 .vector_handler
                0x0000000020000090       0x36 ./Startup/startup_CH583.o
                0x0000000020000090                NMI_Handler
                0x0000000020000094                Ecall_M_Mode_Handler
                0x0000000020000096                Ecall_U_Mode_Handler
                0x0000000020000098                Break_Point_Handler
                0x000000002000009a                SysTick_Handler
                0x000000002000009c                SW_Handler
                0x000000002000009e                TMR0_IRQHandler
                0x00000000200000a4                SPI0_IRQHandler
                0x00000000200000a6                BB_IRQHandler
                0x00000000200000a8                LLE_IRQHandler
                0x00000000200000aa                USB_IRQHandler
                0x00000000200000ac                USB2_IRQHandler
                0x00000000200000ae                TMR1_IRQHandler
                0x00000000200000b0                TMR2_IRQHandler
                0x00000000200000b8                ADC_IRQHandler
                0x00000000200000ba                I2C_IRQHandler
                0x00000000200000bc                PWMX_IRQHandler
                0x00000000200000be                TMR3_IRQHandler
                0x00000000200000c4                WDOG_BAT_IRQHandler
 *(.highcode)
 .highcode      0x00000000200000c6      0x284 ./Task/app_port.o
                0x00000000200000c6                UART0_IRQHandler
                0x000000002000015e                UART1_IRQHandler
                0x00000000200001f6                UART2_IRQHandler
                0x000000002000028e                UART3_IRQHandler
                0x0000000020000326                GPIOA_IRQHandler
                0x000000002000032a                GPIOB_IRQHandler
 .highcode      0x000000002000034a      0x334 ./StdPeriphDriver/CH58x_pwr.o
                0x000000002000034a                LowPower_Idle
                0x0000000020000388                LowPower_Halt
                0x0000000020000454                LowPower_Sleep
                0x0000000020000584                LowPower_Shutdown
 .highcode      0x000000002000067e      0x22c ./StdPeriphDriver/CH58x_sys.o
                0x000000002000067e                SetSysClock
                0x00000000200007f2                SYS_ResetExecute
                0x000000002000082e                HardFault_Handler
                0x0000000020000874                mDelayuS
                0x0000000020000882                mDelaymS
 .highcode      0x00000000200008aa       0x1a ./HAL/RTC.o
                0x00000000200008aa                RTC_IRQHandler
 .highcode      0x00000000200008c4        0x8 ./APP/app_main.o
                0x00000000200008c4                Main_Circulation
 .highcode      0x00000000200008cc      0x426 ../StdPeriphDriver\libISP583.a(ISP583.o)
                0x00000000200008cc                FLASH_ROM_BEG
                0x00000000200008de                FLASH_ROM_END
                0x00000000200008ec                FLASH_ROM_IN
                0x00000000200008fa                FLASH_ROM_OUT
                0x0000000020000908                FLASH_ROM_ADDR
                0x0000000020000950                FLASH_ROM_WAIT
                0x0000000020000988                FLASH_EEPROM_CMD
 .highcode      0x0000000020000cf2      0x44c R:\CODE\CHcode\CH582\TN09_Air700F\TN09_Air700F_app\LIB\libCH58xBLE.a(tmos.o)
                0x0000000020000cf2                tmos_memcpy
                0x0000000020000d12                tmos_memcpy_word
                0x0000000020000d2a                tmos_memset
                0x0000000020000d3c                tmos_strlen
                0x0000000020000d50                tmos_memdup
                0x0000000020000d82                tmos_memcmp
                0x0000000020000db0                tmos_revmemcpy
                0x0000000020000dcc                tmos_isbufset
                0x0000000020000dee                tmos_proces_system_time
                0x0000000020000f38                TMOS_SystemProcess
 .highcode      0x000000002000113e       0x4c R:\CODE\CHcode\CH582\TN09_Air700F\TN09_Air700F_app\LIB\libCH58xBLE.a(tmos_hw.o)
                0x0000000020001188                TMOS_TimerIRQHandler
 .highcode      0x000000002000118a      0x2d2 R:\CODE\CHcode\CH582\TN09_Air700F\TN09_Air700F_app\LIB\libCH58xBLE.a(ll_connect.o)
                0x000000002000118a                ll_connect_send_data
                0x00000000200012b2                ll_connect_recv_data
                0x0000000020001392                ll_connect_event_continue
 .highcode      0x000000002000145c      0x310 R:\CODE\CHcode\CH582\TN09_Air700F\TN09_Air700F_app\LIB\libCH58xBLE.a(ll_hop.o)
                0x000000002000145c                LL_HopGetChannel
                0x0000000020001502                LL_HopGetChannel2
 .highcode      0x000000002000176c       0xa4 R:\CODE\CHcode\CH582\TN09_Air700F\TN09_Air700F_app\LIB\libCH58xBLE.a(ll_scan.o)
                0x000000002000176c                ll_scan_duplicate_filter
 .highcode      0x0000000020001810       0x50 R:\CODE\CHcode\CH582\TN09_Air700F\TN09_Air700F_app\LIB\libCH58xBLE.a(ll_whitelist.o)
                0x0000000020001810                LL_WhitelistLookup
 .highcode      0x0000000020001860      0x1e0 R:\CODE\CHcode\CH582\TN09_Air700F\TN09_Air700F_app\LIB\libCH58xBLE.a(aes.o)
                0x0000000020001860                AES_DevAESEnc
 .highcode      0x0000000020001a40      0x15a R:\CODE\CHcode\CH582\TN09_Air700F\TN09_Air700F_app\LIB\libCH58xBLE.a(bb.o)
                0x0000000020001a40                BB_IRQLibHandler
                0x0000000020001b50                BB_IRQLibFunction
 .highcode      0x0000000020001b9a      0x3dc R:\CODE\CHcode\CH582\TN09_Air700F\TN09_Air700F_app\LIB\libCH58xBLE.a(ip.o)
                0x0000000020001b9a                ll_rx_wait_finish
                0x0000000020001bd8                ble_ll_chkcrc
                0x0000000020001c7a                ll_tx_wait_finish
                0x0000000020001d9e                BLE_CheckHoppingMap
 .highcode      0x0000000020001f76      0x23c R:\CODE\CHcode\CH582\TN09_Air700F\TN09_Air700F_app\LIB\libCH58xBLE.a(lle.o)
                0x0000000020001f76                LLE_IRQLibHandler
                0x0000000020002168                LLE_IRQLibFunction
 .highcode      0x00000000200021b2      0x1be R:\CODE\CHcode\CH582\TN09_Air700F\TN09_Air700F_app\LIB\libCH58xBLE.a(rf_fh.o)
                0x00000000200021b2                RF_HopGetChannel
                0x0000000020002220                RF_FrequencyHoppingGet
                0x00000000200022d6                RF_FrequencyHoppingChange
 .highcode      0x0000000020002370       0x30 R:\CODE\CHcode\CH582\TN09_Air700F\TN09_Air700F_app\LIB\libCH58xBLE.a(rfend.o)
                0x0000000020002370                RFEND_WaitTune
 .highcode      0x00000000200023a0      0x1ba R:\CODE\CHcode\CH582\TN09_Air700F\TN09_Air700F_app\LIB\libCH58xBLE.a(memory.o)
                0x00000000200023a0                tmos_memory_allocate
                0x0000000020002472                tmos_memory_free
 .highcode      0x000000002000255a       0xd8 R:\CODE\CHcode\CH582\TN09_Air700F\TN09_Air700F_app\LIB\libCH58xBLE.a(ll_resolvinglist.o)
                0x000000002000255a                LL_ResolvinglistPeerIdentifyAddressGetIrk
                0x00000000200025ae                LL_ResolvinglistPeerRpaAddressGetIrk
                0x00000000200025f0                LL_ResolvinglistLocalRpaAddressGetIrk
 *(.highcode.*)
                0x0000000020002634                . = ALIGN (0x4)
 *fill*         0x0000000020002632        0x2 
                0x0000000020002634                PROVIDE (_highcode_vma_end = .)

.text           0x000000000000e638    0x3febc
                0x000000000000e638                . = ALIGN (0x4)
 *(SORT_NONE(.handle_reset))
 .handle_reset  0x000000000000e638       0xb6 ./Startup/startup_CH583.o
                0x000000000000e638                handle_reset
 *(.text)
 .text          0x000000000000e6ee       0xa8 d:/软件工具/mounriver_studio_setup_v142/mounriver_studio/toolchain/risc-v embedded gcc/bin/../lib/gcc/riscv-none-embed/8.2.0/../../../../riscv-none-embed/lib/rv32imac/ilp32\libg_nano.a(lib_a-memset.o)
                0x000000000000e6ee                memset
 .text          0x000000000000e796      0x11e d:/软件工具/mounriver_studio_setup_v142/mounriver_studio/toolchain/risc-v embedded gcc/bin/../lib/gcc/riscv-none-embed/8.2.0/../../../../riscv-none-embed/lib/rv32imac/ilp32\libg_nano.a(lib_a-strcmp.o)
                0x000000000000e796                strcmp
 *(.text.*)
 .text.convertToIntArray
                0x000000000000e8b4       0x2a ./Task/aes.o
 .text.splitIntToArray
                0x000000000000e8de       0x22 ./Task/aes.o
 .text.leftLoop4int
                0x000000000000e900       0x34 ./Task/aes.o
 .text.extendKey
                0x000000000000e934       0xf0 ./Task/aes.o
 .text.addRoundKey
                0x000000000000ea24       0x5e ./Task/aes.o
 .text.shiftRows
                0x000000000000ea82       0x70 ./Task/aes.o
 .text.GFMul2   0x000000000000eaf2       0x12 ./Task/aes.o
 .text.GFMul4   0x000000000000eb04        0xc ./Task/aes.o
 .text.convertArrayToStr
                0x000000000000eb10       0x2c ./Task/aes.o
 .text.deSubBytes
                0x000000000000eb3c       0x38 ./Task/aes.o
 .text.rightLoop4int
                0x000000000000eb74       0x44 ./Task/aes.o
 .text.deShiftRows
                0x000000000000ebb8       0x70 ./Task/aes.o
 .text.subBytes
                0x000000000000ec28       0x38 ./Task/aes.o
 .text.GFMul    0x000000000000ec60       0x84 ./Task/aes.o
 .text.deMixColumns
                0x000000000000ece4       0xba ./Task/aes.o
 .text.aes      0x000000000000ed9e      0x146 ./Task/aes.o
                0x000000000000ed9e                aes
 .text.deAes    0x000000000000eee4      0x11c ./Task/aes.o
                0x000000000000eee4                deAes
 .text.encryptData
                0x000000000000f000       0xb0 ./Task/aes.o
                0x000000000000f000                encryptData
 .text.dencryptData
                0x000000000000f0b0       0x94 ./Task/aes.o
                0x000000000000f0b0                dencryptData
 .text.atCmdIMEIParser
                0x000000000000f144       0x2c ./Task/app_atcmd.o
                0x000000000000f144                atCmdIMEIParser
 .text.atCmdParserFunction
                0x000000000000f170      0x5fc ./Task/app_atcmd.o
                0x000000000000f170                atCmdParserFunction
 .text.dbInfoWrite
                0x000000000000f76c       0x34 ./Task/app_db.o
 .text.dbSectionWrite
                0x000000000000f7a0      0x14a ./Task/app_db.o
 .text.dbInfoClear
                0x000000000000f8ea       0x36 ./Task/app_db.o
                0x000000000000f8ea                dbInfoClear
 .text.dbInfoRead
                0x000000000000f920       0x42 ./Task/app_db.o
                0x000000000000f920                dbInfoRead
 .text.dbUpload
                0x000000000000f962      0x120 ./Task/app_db.o
                0x000000000000f962                dbUpload
 .text.dbCircularWrite
                0x000000000000fa82       0xb4 ./Task/app_db.o
                0x000000000000fa82                dbCircularWrite
 .text.dbSaveRelease
                0x000000000000fb36       0x50 ./Task/app_db.o
                0x000000000000fb36                dbSaveRelease
 .text.dbSave   0x000000000000fb86       0x60 ./Task/app_db.o
                0x000000000000fb86                dbSave
 .text.dbCircularRead
                0x000000000000fbe6      0x10a ./Task/app_db.o
                0x000000000000fbe6                dbCircularRead
 .text.initLastPoint
                0x000000000000fcf0       0x38 ./Task/app_gps.o
 .text.charstrToHexValue
                0x000000000000fd28       0xda ./Task/app_gps.o
                0x000000000000fd28                charstrToHexValue
 .text.parse_GSA
                0x000000000000fe02       0x3a ./Task/app_gps.o
                0x000000000000fe02                parse_GSA
 .text.parse_GSV
                0x000000000000fe3c      0x1fa ./Task/app_gps.o
                0x000000000000fe3c                parse_GSV
 .text.parse_GGA
                0x0000000000010036       0x4c ./Task/app_gps.o
                0x0000000000010036                parse_GGA
 .text.latitude_to_double
                0x0000000000010082       0xbc ./Task/app_gps.o
                0x0000000000010082                latitude_to_double
 .text.longitude_to_double
                0x000000000001013e       0xbc ./Task/app_gps.o
                0x000000000001013e                longitude_to_double
 .text.changeUTCTimeToLocalTime
                0x00000000000101fa      0x17e ./Task/app_gps.o
                0x00000000000101fa                changeUTCTimeToLocalTime
 .text.updateLocalRTCTime
                0x0000000000010378       0x86 ./Task/app_gps.o
                0x0000000000010378                updateLocalRTCTime
 .text.showgpsinfo
                0x00000000000103fe      0x1b6 ./Task/app_gps.o
                0x00000000000103fe                showgpsinfo
 .text.parse_RMC
                0x00000000000105b4      0x242 ./Task/app_gps.o
                0x00000000000105b4                parse_RMC
 .text.parseGPS
                0x00000000000107f6      0x164 ./Task/app_gps.o
                0x00000000000107f6                parseGPS
 .text.nmeaParser
                0x000000000001095a       0x80 ./Task/app_gps.o
                0x000000000001095a                nmeaParser
 .text.getCurrentGPSInfo
                0x00000000000109da       0x16 ./Task/app_gps.o
                0x00000000000109da                getCurrentGPSInfo
 .text.getLastFixedGPSInfo
                0x00000000000109f0        0x6 ./Task/app_gps.o
                0x00000000000109f0                getLastFixedGPSInfo
 .text.gpsUploadPointToServer
                0x00000000000109f6      0x422 ./Task/app_gps.o
                0x00000000000109f6                gpsUploadPointToServer
 .text.sendMsgWithMode
                0x0000000000010e18       0xce ./Task/app_instructioncmd.o
 .text.serverChangeCallBack
                0x0000000000010ee6       0x10 ./Task/app_instructioncmd.o
 .text.do123Instruction
                0x0000000000010ef6       0x80 ./Task/app_instructioncmd.o
                0x0000000000010ef6                do123Instruction
 .text.doAPNInstruction
                0x0000000000010f76       0xf4 ./Task/app_instructioncmd.o
                0x0000000000010f76                doAPNInstruction
 .text.doUPSInstruction
                0x000000000001106a       0xf8 ./Task/app_instructioncmd.o
                0x000000000001106a                doUPSInstruction
 .text.doLOWWInstruction
                0x0000000000011162       0xaa ./Task/app_instructioncmd.o
                0x0000000000011162                doLOWWInstruction
 .text.doLEDInstruction
                0x000000000001120c       0x7a ./Task/app_instructioncmd.o
                0x000000000001120c                doLEDInstruction
 .text.doPOITYPEInstruction
                0x0000000000011286       0xde ./Task/app_instructioncmd.o
                0x0000000000011286                doPOITYPEInstruction
 .text.doResetInstruction
                0x0000000000011364       0x38 ./Task/app_instructioncmd.o
                0x0000000000011364                doResetInstruction
 .text.doUTCInstruction
                0x000000000001139c       0xc4 ./Task/app_instructioncmd.o
                0x000000000001139c                doUTCInstruction
 .text.doDebugInstrucion
                0x0000000000011460       0xcc ./Task/app_instructioncmd.o
                0x0000000000011460                doDebugInstrucion
 .text.doACCCTLGNSSInstrucion
                0x000000000001152c       0x94 ./Task/app_instructioncmd.o
                0x000000000001152c                doACCCTLGNSSInstrucion
 .text.doAccdetmodeInstruction
                0x00000000000115c0       0xac ./Task/app_instructioncmd.o
                0x00000000000115c0                doAccdetmodeInstruction
 .text.doFenceInstrucion
                0x000000000001166c       0x5c ./Task/app_instructioncmd.o
                0x000000000001166c                doFenceInstrucion
 .text.doIccidInstrucion
                0x00000000000116c8       0x2a ./Task/app_instructioncmd.o
                0x00000000000116c8                doIccidInstrucion
 .text.doFactoryInstrucion
                0x00000000000116f2       0x44 ./Task/app_instructioncmd.o
                0x00000000000116f2                doFactoryInstrucion
 .text.doSetAgpsInstruction
                0x0000000000011736       0xd2 ./Task/app_instructioncmd.o
                0x0000000000011736                doSetAgpsInstruction
 .text.doTimerInstrucion
                0x0000000000011808       0xa4 ./Task/app_instructioncmd.o
                0x0000000000011808                doTimerInstrucion
 .text.doSOSInstruction
                0x00000000000118ac      0x206 ./Task/app_instructioncmd.o
                0x00000000000118ac                doSOSInstruction
 .text.doCenterInstruction
                0x0000000000011ab2      0x19a ./Task/app_instructioncmd.o
                0x0000000000011ab2                doCenterInstruction
 .text.doSosAlmInstruction
                0x0000000000011c4c      0x104 ./Task/app_instructioncmd.o
                0x0000000000011c4c                doSosAlmInstruction
 .text.instructionParser
                0x0000000000011d50      0xd4a ./Task/app_instructioncmd.o
                0x0000000000011d50                instructionParser
 .text.jt808GetSerial
                0x0000000000012a9a       0x12 ./Task/app_jt808.o
 .text.jt808PackMessageTail
                0x0000000000012aac       0x54 ./Task/app_jt808.o
 .text.byteToBcd
                0x0000000000012b00       0x1c ./Task/app_jt808.o
 .text.jt808gpsRestoreChange
                0x0000000000012b1c       0xee ./Task/app_jt808.o
 .text.jt808Escape
                0x0000000000012c0a       0xfc ./Task/app_jt808.o
 .text.jt808UpdateStatus.part.3
                0x0000000000012d06       0x10 ./Task/app_jt808.o
 .text.jt808PackGpsinfo
                0x0000000000012d16      0x1f2 ./Task/app_jt808.o
 .text.jt808PositionInfo.constprop.13
                0x0000000000012f08      0x1fe ./Task/app_jt808.o
 .text.jt808PackMessageHead.constprop.17
                0x0000000000013106       0x4a ./Task/app_jt808.o
 .text.jt808TerminalPosition.constprop.12
                0x0000000000013150      0x3d0 ./Task/app_jt808.o
 .text.jt808CreateSn
                0x0000000000013520       0x56 ./Task/app_jt808.o
                0x0000000000013520                jt808CreateSn
 .text.jt808UpdateStatus
                0x0000000000013576       0x16 ./Task/app_jt808.o
                0x0000000000013576                jt808UpdateStatus
 .text.jt808UpdateWifiinfo
                0x000000000001358c       0x64 ./Task/app_jt808.o
                0x000000000001358c                jt808UpdateWifiinfo
 .text.jt808RegisterTcpSend
                0x00000000000135f0        0x6 ./Task/app_jt808.o
                0x00000000000135f0                jt808RegisterTcpSend
 .text.jt808RegisterLoginInfo
                0x00000000000135f6       0x64 ./Task/app_jt808.o
                0x00000000000135f6                jt808RegisterLoginInfo
 .text.jt808RegisterManufactureId
                0x000000000001365a       0x16 ./Task/app_jt808.o
                0x000000000001365a                jt808RegisterManufactureId
 .text.jt808RegisterTerminalType
                0x0000000000013670       0x16 ./Task/app_jt808.o
                0x0000000000013670                jt808RegisterTerminalType
 .text.jt808RegisterTerminalId
                0x0000000000013686       0x16 ./Task/app_jt808.o
                0x0000000000013686                jt808RegisterTerminalId
 .text.jt808TcpSend
                0x000000000001369c       0x22 ./Task/app_jt808.o
                0x000000000001369c                jt808TcpSend
 .text.jt808BatchUpload.constprop.7
                0x00000000000136be      0x10c ./Task/app_jt808.o
 .text.jt808TranmissionData.constprop.8
                0x00000000000137ca       0xca ./Task/app_jt808.o
 .text.jt808gpsRestoreDataSend
                0x0000000000013894       0x24 ./Task/app_jt808.o
                0x0000000000013894                jt808gpsRestoreDataSend
 .text.jt808SendToServer
                0x00000000000138b8      0x4ae ./Task/app_jt808.o
                0x00000000000138b8                jt808SendToServer
 .text.jt808MessageSend
                0x0000000000013d66       0x1a ./Task/app_jt808.o
                0x0000000000013d66                jt808MessageSend
 .text.jt808ReceiveParser
                0x0000000000013d80      0x3d0 ./Task/app_jt808.o
                0x0000000000013d80                jt808ReceiveParser
 .text.systemTickInc
                0x0000000000014150        0xc ./Task/app_kernal.o
                0x0000000000014150                systemTickInc
 .text.startTimer
                0x000000000001415c      0x106 ./Task/app_kernal.o
                0x000000000001415c                startTimer
 .text.stopTimer
                0x0000000000014262       0x76 ./Task/app_kernal.o
                0x0000000000014262                stopTimer
 .text.kernalRun
                0x00000000000142d8       0xbe ./Task/app_kernal.o
                0x00000000000142d8                kernalRun
 .text.systemTaskSuspend
                0x0000000000014396       0x2c ./Task/app_kernal.o
                0x0000000000014396                systemTaskSuspend
 .text.systemTaskResume
                0x00000000000143c2       0x2e ./Task/app_kernal.o
                0x00000000000143c2                systemTaskResume
 .text.createSystemTask
                0x00000000000143f0        0xc ./Task/app_kernal.o
                0x00000000000143f0                createSystemTask
 .text.mir3da_register_read
                0x00000000000143fc       0x24 ./Task/app_mir3da.o
                0x00000000000143fc                mir3da_register_read
 .text.read_gsensor_id
                0x0000000000014420       0x80 ./Task/app_mir3da.o
                0x0000000000014420                read_gsensor_id
 .text.modulePressPowerKey
                0x00000000000144a0       0x20 ./Task/app_net.o
 .text.modulePressPowerOffKey
                0x00000000000144c0       0x20 ./Task/app_net.o
 .text.modulePressReleaseKey
                0x00000000000144e0       0x32 ./Task/app_net.o
 .text.moduleInit
                0x0000000000014512       0x12 ./Task/app_net.o
 .text.modulePowerOn
                0x0000000000014524       0x78 ./Task/app_net.o
                0x0000000000014524                modulePowerOn
 .text.modulePressReleaseOffKey
                0x000000000001459c       0x46 ./Task/app_net.o
 .text.changeProcess
                0x00000000000145e2       0x18 ./Task/app_net.o
 .text.createNode
                0x00000000000145fa       0xba ./Task/app_net.o
                0x00000000000145fa                createNode
 .text.sendModuleCmd
                0x00000000000146b4       0xea ./Task/app_net.o
                0x00000000000146b4                sendModuleCmd
 .text.moduleExitFly
                0x000000000001479e        0xe ./Task/app_net.o
 .text.qirdCmdSend
                0x00000000000147ac       0x32 ./Task/app_net.o
 .text.isModulePowerOn
                0x00000000000147de        0xc ./Task/app_net.o
                0x00000000000147de                isModulePowerOn
 .text.modulePowerOff
                0x00000000000147ea       0x4c ./Task/app_net.o
                0x00000000000147ea                modulePowerOff
 .text.moduleReset
                0x0000000000014836       0x3e ./Task/app_net.o
                0x0000000000014836                moduleReset
 .text.openSocket
                0x0000000000014874       0x30 ./Task/app_net.o
                0x0000000000014874                openSocket
 .text.closeSocket
                0x00000000000148a4       0x2c ./Task/app_net.o
                0x00000000000148a4                closeSocket
 .text.netConnectTask
                0x00000000000148d0      0x476 ./Task/app_net.o
                0x00000000000148d0                netConnectTask
 .text.cgattParser
                0x0000000000014d46       0x52 ./Task/app_net.o
                0x0000000000014d46                cgattParser
 .text.cbcParser
                0x0000000000014d98       0x94 ./Task/app_net.o
                0x0000000000014d98                cbcParser
 .text.cmtParser
                0x0000000000014e2c      0x102 ./Task/app_net.o
                0x0000000000014e2c                cmtParser
 .text.cipstartRspParser
                0x0000000000014f2e      0x180 ./Task/app_net.o
                0x0000000000014f2e                cipstartRspParser
 .text.cipstartParser
                0x00000000000150ae       0x42 ./Task/app_net.o
                0x00000000000150ae                cipstartParser
 .text.ciprxgetParser
                0x00000000000150f0      0x262 ./Task/app_net.o
                0x00000000000150f0                ciprxgetParser
 .text.cipackParser
                0x0000000000015352       0xa0 ./Task/app_net.o
                0x0000000000015352                cipackParser
 .text.cipsendParser
                0x00000000000153f2       0x38 ./Task/app_net.o
                0x00000000000153f2                cipsendParser
 .text.cipstatusParser
                0x000000000001542a      0x114 ./Task/app_net.o
                0x000000000001542a                cipstatusParser
 .text.qicloseParser
                0x000000000001553e       0x4e ./Task/app_net.o
                0x000000000001553e                qicloseParser
 .text.moduleRecvParser
                0x000000000001558c      0xdba ./Task/app_net.o
                0x000000000001558c                moduleRecvParser
 .text.netResetCsqSearch
                0x0000000000016346        0xe ./Task/app_net.o
                0x0000000000016346                netResetCsqSearch
 .text.socketSendData
                0x0000000000016354       0x66 ./Task/app_net.o
                0x0000000000016354                socketSendData
 .text.moduleSleepCtl
                0x00000000000163ba       0x60 ./Task/app_net.o
                0x00000000000163ba                moduleSleepCtl
 .text.outputNode
                0x000000000001641a      0x158 ./Task/app_net.o
                0x000000000001641a                outputNode
 .text.moduleGetCsq
                0x0000000000016572        0x8 ./Task/app_net.o
                0x0000000000016572                moduleGetCsq
 .text.moduleGetLbs
                0x000000000001657a       0x24 ./Task/app_net.o
                0x000000000001657a                moduleGetLbs
 .text.moduleGetWifiScan
                0x000000000001659e       0x1a ./Task/app_net.o
                0x000000000001659e                moduleGetWifiScan
 .text.sendMessage
                0x00000000000165b8       0x54 ./Task/app_net.o
                0x00000000000165b8                sendMessage
 .text.deleteMessage
                0x000000000001660c        0xe ./Task/app_net.o
                0x000000000001660c                deleteMessage
 .text.querySendData
                0x000000000001661a       0x24 ./Task/app_net.o
                0x000000000001661a                querySendData
 .text.queryBatVoltage
                0x000000000001663e        0x2 ./Task/app_net.o
                0x000000000001663e                queryBatVoltage
 .text.getModuleRssi
                0x0000000000016640        0xa ./Task/app_net.o
                0x0000000000016640                getModuleRssi
 .text.getModuleIMSI
                0x000000000001664a        0xa ./Task/app_net.o
                0x000000000001664a                getModuleIMSI
 .text.getModuleIMEI
                0x0000000000016654        0xa ./Task/app_net.o
                0x0000000000016654                getModuleIMEI
 .text.getModuleICCID
                0x000000000001665e        0xa ./Task/app_net.o
                0x000000000001665e                getModuleICCID
 .text.getMCC   0x0000000000016668        0xa ./Task/app_net.o
                0x0000000000016668                getMCC
 .text.getMNC   0x0000000000016672        0xa ./Task/app_net.o
                0x0000000000016672                getMNC
 .text.getLac   0x000000000001667c        0xa ./Task/app_net.o
                0x000000000001667c                getLac
 .text.getCid   0x0000000000016686        0xc ./Task/app_net.o
                0x0000000000016686                getCid
 .text.getTcpNack
                0x0000000000016692        0xc ./Task/app_net.o
                0x0000000000016692                getTcpNack
 .text.isModuleRunNormal
                0x000000000001669e       0x10 ./Task/app_net.o
                0x000000000001669e                isModuleRunNormal
 .text.bootParamSaveAll
                0x00000000000166ae       0x40 ./Task/app_param.o
                0x00000000000166ae                bootParamSaveAll
 .text.bootParamGetAll
                0x00000000000166ee       0x18 ./Task/app_param.o
                0x00000000000166ee                bootParamGetAll
 .text.paramSaveAll
                0x0000000000016706       0x36 ./Task/app_param.o
                0x0000000000016706                paramSaveAll
 .text.paramGetAll
                0x000000000001673c       0x1a ./Task/app_param.o
                0x000000000001673c                paramGetAll
 .text.dynamicParamSaveAll
                0x0000000000016756       0x3c ./Task/app_param.o
                0x0000000000016756                dynamicParamSaveAll
 .text.dynamicParamGetAll
                0x0000000000016792       0x1c ./Task/app_param.o
                0x0000000000016792                dynamicParamGetAll
 .text.paramDefaultInit
                0x00000000000167ae      0x200 ./Task/app_param.o
                0x00000000000167ae                paramDefaultInit
 .text.paramInit
                0x00000000000169ae       0x52 ./Task/app_param.o
                0x00000000000169ae                paramInit
 .text.postUartRxData
                0x0000000000016a00       0x86 ./Task/app_port.o
 .text.portUpdateAlarmTime
                0x0000000000016a86       0x28 ./Task/app_port.o
 .text.pushUartRxData
                0x0000000000016aae      0x11e ./Task/app_port.o
 .text.iicStart
                0x0000000000016bcc       0x44 ./Task/app_port.o
 .text.iicStop  0x0000000000016c10       0x66 ./Task/app_port.o
 .text.pollUartData
                0x0000000000016c76       0x38 ./Task/app_port.o
                0x0000000000016c76                pollUartData
 .text.portUartCfg
                0x0000000000016cae      0x3b2 ./Task/app_port.o
                0x0000000000016cae                portUartCfg
 .text.portUartSend
                0x0000000000017060       0x1c ./Task/app_port.o
                0x0000000000017060                portUartSend
 .text.portModuleGpioCfg
                0x000000000001707c       0x4c ./Task/app_port.o
                0x000000000001707c                portModuleGpioCfg
 .text.portLedGpioCfg
                0x00000000000170c8       0x24 ./Task/app_port.o
                0x00000000000170c8                portLedGpioCfg
 .text.portGpioSetDefCfg
                0x00000000000170ec       0x18 ./Task/app_port.o
                0x00000000000170ec                portGpioSetDefCfg
 .text.portSysReset
                0x0000000000017104       0x22 ./Task/app_port.o
                0x0000000000017104                portSysReset
 .text.sdaReadInput
                0x0000000000017126       0x1e ./Task/app_port.o
                0x0000000000017126                sdaReadInput
 .text.iicSendOneByte
                0x0000000000017144       0xec ./Task/app_port.o
 .text.iicReadOneByte
                0x0000000000017230      0x10c ./Task/app_port.o
 .text.iicReadData
                0x000000000001733c       0x78 ./Task/app_port.o
                0x000000000001733c                iicReadData
 .text.portGsensorCtl
                0x00000000000173b4        0x2 ./Task/app_port.o
                0x00000000000173b4                portGsensorCtl
 .text.portGetTimestamp
                0x00000000000173b6       0x50 ./Task/app_port.o
                0x00000000000173b6                portGetTimestamp
 .text.portConvertTimestampToTime
                0x0000000000017406      0x114 ./Task/app_port.o
                0x0000000000017406                portConvertTimestampToTime
 .text.portConvertTimeToTimestamp
                0x000000000001751a       0xea ./Task/app_port.o
                0x000000000001751a                portConvertTimeToTimestamp
 .text.portSetTimestamp
                0x0000000000017604       0x58 ./Task/app_port.o
                0x0000000000017604                portSetTimestamp
 .text.portGetRtcDateTime
                0x000000000001765c       0x62 ./Task/app_port.o
                0x000000000001765c                portGetRtcDateTime
 .text.portUpdateRtcOffset
                0x00000000000176be       0xf8 ./Task/app_port.o
                0x00000000000176be                portUpdateRtcOffset
 .text.portSetNextAlarmTime
                0x00000000000177b6      0x10a ./Task/app_port.o
                0x00000000000177b6                portSetNextAlarmTime
 .text.portAdcCfg
                0x00000000000178c0        0xe ./Task/app_port.o
                0x00000000000178c0                portAdcCfg
 .text.portGetAdcVol
                0x00000000000178ce       0xae ./Task/app_port.o
                0x00000000000178ce                portGetAdcVol
 .text.portSleepEn
                0x000000000001797c        0x6 ./Task/app_port.o
                0x000000000001797c                portSleepEn
 .text.portSleepDn
                0x0000000000017982        0x6 ./Task/app_port.o
                0x0000000000017982                portSleepDn
 .text.portWdtCfg
                0x0000000000017988        0xe ./Task/app_port.o
                0x0000000000017988                portWdtCfg
 .text.portWdtFeed
                0x0000000000017996        0xa ./Task/app_port.o
                0x0000000000017996                portWdtFeed
 .text.createProtocolTail_79
                0x00000000000179a0       0x68 ./Task/app_protocol.o
 .text.sendTcpDataDebugShow
                0x0000000000017a08       0x7c ./Task/app_protocol.o
 .text.createProtocolTail
                0x0000000000017a84       0x64 ./Task/app_protocol.o
 .text.createProtocol01
                0x0000000000017ae8       0xd6 ./Task/app_protocol.o
                0x0000000000017ae8                createProtocol01
 .text.createProtocol12
                0x0000000000017bbe      0x37a ./Task/app_protocol.o
                0x0000000000017bbe                createProtocol12
 .text.getBatteryLevel
                0x0000000000017f38       0xa6 ./Task/app_protocol.o
                0x0000000000017f38                getBatteryLevel
 .text.createProtocol13
                0x0000000000017fde      0x114 ./Task/app_protocol.o
                0x0000000000017fde                createProtocol13
 .text.createProtocol21
                0x00000000000180f2       0x6e ./Task/app_protocol.o
                0x00000000000180f2                createProtocol21
 .text.createProtocol16
                0x0000000000018160      0x2a0 ./Task/app_protocol.o
                0x0000000000018160                createProtocol16
 .text.createProtocol19
                0x0000000000018400       0xfc ./Task/app_protocol.o
                0x0000000000018400                createProtocol19
 .text.createProtocol8A
                0x00000000000184fc       0x36 ./Task/app_protocol.o
                0x00000000000184fc                createProtocol8A
 .text.createProtocolSerial
                0x0000000000018532       0x16 ./Task/app_protocol.o
                0x0000000000018532                createProtocolSerial
 .text.gpsRestoreDataSend
                0x0000000000018548      0x10a ./Task/app_protocol.o
                0x0000000000018548                gpsRestoreDataSend
 .text.createProtocol61
                0x0000000000018652       0xb2 ./Task/app_protocol.o
                0x0000000000018652                createProtocol61
 .text.createProtocol62
                0x0000000000018704       0x8e ./Task/app_protocol.o
                0x0000000000018704                createProtocol62
 .text.createProtocolF3
                0x0000000000018792      0x10c ./Task/app_protocol.o
                0x0000000000018792                createProtocolF3
 .text.createProtocolF1
                0x000000000001889e       0x70 ./Task/app_protocol.o
                0x000000000001889e                createProtocolF1
 .text.gpsRestoreSave
                0x000000000001890e       0x50 ./Task/app_protocol.o
                0x000000000001890e                gpsRestoreSave
 .text.gpsRestoreUpload
                0x000000000001895e       0xd8 ./Task/app_protocol.o
                0x000000000001895e                gpsRestoreUpload
 .text.protocolSend
                0x0000000000018a36      0x212 ./Task/app_protocol.o
                0x0000000000018a36                protocolSend
 .text.save123InstructionId
                0x0000000000018c48        0xc ./Task/app_protocol.o
                0x0000000000018c48                save123InstructionId
 .text.getInsid
                0x0000000000018c54        0xc ./Task/app_protocol.o
                0x0000000000018c54                getInsid
 .text.protocolRxParser
                0x0000000000018c60      0x164 ./Task/app_protocol.o
                0x0000000000018c60                protocolRxParser
 .text.protocolSnRegister
                0x0000000000018dc4       0x2e ./Task/app_protocol.o
                0x0000000000018dc4                protocolSnRegister
 .text.protocolInfoResiter
                0x0000000000018df2       0x18 ./Task/app_protocol.o
                0x0000000000018df2                protocolInfoResiter
 .text.moduleRspTimeout
                0x0000000000018e0a        0xa ./Task/app_server.o
 .text.hbtRspTimeOut
                0x0000000000018e14       0x24 ./Task/app_server.o
 .text.privateServerSocketRecv
                0x0000000000018e38       0xf4 ./Task/app_server.o
 .text.bleServerSocketRecv
                0x0000000000018f2c        0xa ./Task/app_server.o
 .text.hiddenServerSocketRecv
                0x0000000000018f36        0xa ./Task/app_server.o
 .text.jt808ServerSocketRecv
                0x0000000000018f40        0x4 ./Task/app_server.o
 .text.jt808ServerSocketSend
                0x0000000000018f44       0x10 ./Task/app_server.o
 .text.agpsSocketRecv
                0x0000000000018f54       0x34 ./Task/app_server.o
 .text.moduleRspSuccess
                0x0000000000018f88       0x28 ./Task/app_server.o
                0x0000000000018f88                moduleRspSuccess
 .text.hbtRspSuccess
                0x0000000000018fb0       0x30 ./Task/app_server.o
                0x0000000000018fb0                hbtRspSuccess
 .text.privateServerReconnect
                0x0000000000018fe0       0x1c ./Task/app_server.o
                0x0000000000018fe0                privateServerReconnect
 .text.privateServerLoginSuccess
                0x0000000000018ffc       0x2a ./Task/app_server.o
                0x0000000000018ffc                privateServerLoginSuccess
 .text.privateServerConnTask
                0x0000000000019026      0x308 ./Task/app_server.o
                0x0000000000019026                privateServerConnTask
 .text.hiddenServerLoginSuccess
                0x000000000001932e       0x16 ./Task/app_server.o
                0x000000000001932e                hiddenServerLoginSuccess
 .text.hiddenServerCloseRequest
                0x0000000000019344       0x22 ./Task/app_server.o
                0x0000000000019344                hiddenServerCloseRequest
 .text.jt808ServerReconnect
                0x0000000000019366       0x1c ./Task/app_server.o
                0x0000000000019366                jt808ServerReconnect
 .text.jt808ServerAuthSuccess
                0x0000000000019382       0x1c ./Task/app_server.o
                0x0000000000019382                jt808ServerAuthSuccess
 .text.jt808ServerConnTask
                0x000000000001939e      0x37e ./Task/app_server.o
                0x000000000001939e                jt808ServerConnTask
 .text.bleSerLoginReady
                0x000000000001971c       0x12 ./Task/app_server.o
                0x000000000001971c                bleSerLoginReady
 .text.bleServerConnTask
                0x000000000001972e      0x1e4 ./Task/app_server.o
                0x000000000001972e                bleServerConnTask
 .text.agpsRequestClear
                0x0000000000019912       0x22 ./Task/app_server.o
                0x0000000000019912                agpsRequestClear
 .text.serverManageTask
                0x0000000000019934      0x308 ./Task/app_server.o
                0x0000000000019934                serverManageTask
 .text.primaryServerIsReady
                0x0000000000019c3c       0x50 ./Task/app_server.o
                0x0000000000019c3c                primaryServerIsReady
 .text.hiddenServerIsReady
                0x0000000000019c8c       0x2e ./Task/app_server.o
                0x0000000000019c8c                hiddenServerIsReady
 .text.socketListInit
                0x0000000000019cba       0x32 ./Task/app_socket.o
                0x0000000000019cba                socketListInit
 .text.socketAdd
                0x0000000000019cec       0x98 ./Task/app_socket.o
                0x0000000000019cec                socketAdd
 .text.socketDel
                0x0000000000019d84       0x66 ./Task/app_socket.o
                0x0000000000019d84                socketDel
 .text.socketDelAll
                0x0000000000019dea       0x38 ./Task/app_socket.o
                0x0000000000019dea                socketDelAll
 .text.socketGetUsedFlag
                0x0000000000019e22       0x22 ./Task/app_socket.o
                0x0000000000019e22                socketGetUsedFlag
 .text.socketGetConnStatus
                0x0000000000019e44       0x22 ./Task/app_socket.o
                0x0000000000019e44                socketGetConnStatus
 .text.socketSetConnState
                0x0000000000019e66       0x1e ./Task/app_socket.o
                0x0000000000019e66                socketSetConnState
 .text.socketRecv
                0x0000000000019e84       0x2a ./Task/app_socket.o
                0x0000000000019e84                socketRecv
 .text.socketSchedule
                0x0000000000019eae      0x1c6 ./Task/app_socket.o
                0x0000000000019eae                socketSchedule
 .text.asciiToHex
                0x000000000001a074       0x40 ./Task/app_sys.o
 .text.GetCrc16
                0x000000000001a0b4       0x3c ./Task/app_sys.o
                0x000000000001a0b4                GetCrc16
 .text.LogMessage
                0x000000000001a0f0       0xb2 ./Task/app_sys.o
                0x000000000001a0f0                LogMessage
 .text.LogMessageWL
                0x000000000001a1a2       0xb2 ./Task/app_sys.o
                0x000000000001a1a2                LogMessageWL
 .text.LogPrintf
                0x000000000001a254       0x6a ./Task/app_sys.o
                0x000000000001a254                LogPrintf
 .text.mycmdPatch
                0x000000000001a2be       0x64 ./Task/app_sys.o
                0x000000000001a2be                mycmdPatch
 .text.getCharIndex
                0x000000000001a322       0x1c ./Task/app_sys.o
                0x000000000001a322                getCharIndex
 .text.my_strpach
                0x000000000001a33e       0x4c ./Task/app_sys.o
                0x000000000001a33e                my_strpach
 .text.my_getstrindex
                0x000000000001a38a       0x70 ./Task/app_sys.o
                0x000000000001a38a                my_getstrindex
 .text.my_strstr
                0x000000000001a3fa       0x50 ./Task/app_sys.o
                0x000000000001a3fa                my_strstr
 .text.distinguishOK
                0x000000000001a44a       0x1a ./Task/app_sys.o
                0x000000000001a44a                distinguishOK
 .text.getCharIndexWithNum
                0x000000000001a464       0x2c ./Task/app_sys.o
                0x000000000001a464                getCharIndexWithNum
 .text.byteToHexString
                0x000000000001a490       0x48 ./Task/app_sys.o
                0x000000000001a490                byteToHexString
 .text.changeHexStringToByteArray
                0x000000000001a4d8       0x64 ./Task/app_sys.o
                0x000000000001a4d8                changeHexStringToByteArray
 .text.changeHexStringToByteArray_10in
                0x000000000001a53c       0x6c ./Task/app_sys.o
                0x000000000001a53c                changeHexStringToByteArray_10in
 .text.stringToItem
                0x000000000001a5a8       0xc8 ./Task/app_sys.o
                0x000000000001a5a8                stringToItem
 .text.strToUppper
                0x000000000001a670       0x2c ./Task/app_sys.o
                0x000000000001a670                strToUppper
 .text.updateRTCtimeRequest
                0x000000000001a69c       0x14 ./Task/app_sys.o
                0x000000000001a69c                updateRTCtimeRequest
 .text.byteArrayInvert
                0x000000000001a6b0       0x2a ./Task/app_sys.o
                0x000000000001a6b0                byteArrayInvert
 .text.stringToLowwer
                0x000000000001a6da       0x30 ./Task/app_sys.o
                0x000000000001a6da                stringToLowwer
 .text.sendLbs  0x000000000001a70a       0x5e ./Task/app_task.o
 .text.doDebugRecvPoll
                0x000000000001a768       0x96 ./Task/app_task.o
                0x000000000001a768                doDebugRecvPoll
 .text.ledTask  0x000000000001a7fe       0xac ./Task/app_task.o
 .text.modeShutDownQuickly
                0x000000000001a8aa       0x56 ./Task/app_task.o
 .text.sysRunTimeCnt
                0x000000000001a900       0x32 ./Task/app_task.o
 .text.getTerminalAccState
                0x000000000001a932        0xc ./Task/app_task.o
                0x000000000001a932                getTerminalAccState
 .text.terminalAccoff
                0x000000000001a93e       0x1a ./Task/app_task.o
                0x000000000001a93e                terminalAccoff
 .text.getTerminalChargeState
                0x000000000001a958        0xc ./Task/app_task.o
                0x000000000001a958                getTerminalChargeState
 .text.terminalAlarmSet
                0x000000000001a964       0x1a ./Task/app_task.o
                0x000000000001a964                terminalAlarmSet
 .text.ledStatusUpdate
                0x000000000001a97e       0x70 ./Task/app_task.o
                0x000000000001a97e                ledStatusUpdate
 .text.gpsRequestSet
                0x000000000001a9ee        0x2 ./Task/app_task.o
                0x000000000001a9ee                gpsRequestSet
 .text.gpsRequestClear
                0x000000000001a9f0       0x32 ./Task/app_task.o
                0x000000000001a9f0                gpsRequestClear
 .text.gpsRequestGet
                0x000000000001aa22        0xe ./Task/app_task.o
                0x000000000001aa22                gpsRequestGet
 .text.gpsInWait
                0x000000000001aa30       0x10 ./Task/app_task.o
                0x000000000001aa30                gpsInWait
 .text.alarmRequestSet
                0x000000000001aa40       0x32 ./Task/app_task.o
                0x000000000001aa40                alarmRequestSet
 .text.alarmRequestClear
                0x000000000001aa72       0x36 ./Task/app_task.o
                0x000000000001aa72                alarmRequestClear
 .text.alarmRequestTask
                0x000000000001aaa8      0x1f4 ./Task/app_task.o
                0x000000000001aaa8                alarmRequestTask
 .text.modeTryToStop
                0x000000000001ac9c       0x2e ./Task/app_task.o
                0x000000000001ac9c                modeTryToStop
 .text.modeTryToDone
                0x000000000001acca       0x2e ./Task/app_task.o
                0x000000000001acca                modeTryToDone
 .text.bleScanCallBack
                0x000000000001acf8       0xac ./Task/app_task.o
                0x000000000001acf8                bleScanCallBack
 .text.bleConnCallBack
                0x000000000001ada4       0x36 ./Task/app_task.o
                0x000000000001ada4                bleConnCallBack
 .text.isModeRun
                0x000000000001adda       0x10 ./Task/app_task.o
                0x000000000001adda                isModeRun
 .text.isModeDone
                0x000000000001adea       0x10 ./Task/app_task.o
                0x000000000001adea                isModeDone
 .text.volCheckRequest
                0x000000000001adfa       0x22 ./Task/app_task.o
                0x000000000001adfa                volCheckRequest
 .text.SysBatDetection
                0x000000000001ae1c      0x10a ./Task/app_task.o
                0x000000000001ae1c                SysBatDetection
 .text.lbsRequestSet
                0x000000000001af26       0x20 ./Task/app_task.o
                0x000000000001af26                lbsRequestSet
 .text.wifiRequestSet
                0x000000000001af46       0x20 ./Task/app_task.o
                0x000000000001af46                wifiRequestSet
 .text.myTaskEventProcess
                0x000000000001af66      0x2e6 ./Task/app_task.o
 .text.wakeUpByInt
                0x000000000001b24c       0x20 ./Task/app_task.o
                0x000000000001b24c                wakeUpByInt
 .text.autoSleepTask
                0x000000000001b26c       0xdc ./Task/app_task.o
                0x000000000001b26c                autoSleepTask
 .text.taskRunInSecond
                0x000000000001b348      0x608 ./Task/app_task.o
                0x000000000001b348                taskRunInSecond
 .text.myTaskPreInit
                0x000000000001b950       0xa0 ./Task/app_task.o
                0x000000000001b950                myTaskPreInit
 .text.myTaskInit
                0x000000000001b9f0       0x48 ./Task/app_task.o
                0x000000000001b9f0                myTaskInit
 .text.ADC_ExtSingleChSampInit
                0x000000000001ba38       0x24 ./StdPeriphDriver/CH58x_adc.o
                0x000000000001ba38                ADC_ExtSingleChSampInit
 .text.ADC_InterTSSampInit
                0x000000000001ba5c       0x28 ./StdPeriphDriver/CH58x_adc.o
                0x000000000001ba5c                ADC_InterTSSampInit
 .text.ADC_ExcutSingleConver
                0x000000000001ba84       0x20 ./StdPeriphDriver/CH58x_adc.o
                0x000000000001ba84                ADC_ExcutSingleConver
 .text.HSECFG_Current
                0x000000000001baa4       0x2e ./StdPeriphDriver/CH58x_clk.o
                0x000000000001baa4                HSECFG_Current
 .text.RTC_GetCycle32k
                0x000000000001bad2       0x18 ./StdPeriphDriver/CH58x_clk.o
                0x000000000001bad2                RTC_GetCycle32k
 .text.Calibration_LSI
                0x000000000001baea      0x4e2 ./StdPeriphDriver/CH58x_clk.o
                0x000000000001baea                Calibration_LSI
 .text.GPIOA_ModeCfg
                0x000000000001bfcc       0xa6 ./StdPeriphDriver/CH58x_gpio.o
                0x000000000001bfcc                GPIOA_ModeCfg
 .text.GPIOB_ModeCfg
                0x000000000001c072       0xa6 ./StdPeriphDriver/CH58x_gpio.o
                0x000000000001c072                GPIOB_ModeCfg
 .text.GPIOPinRemap
                0x000000000001c118       0x1a ./StdPeriphDriver/CH58x_gpio.o
                0x000000000001c118                GPIOPinRemap
 .text.GetSysClock
                0x000000000001c132       0x42 ./StdPeriphDriver/CH58x_sys.o
                0x000000000001c132                GetSysClock
 .text.SYS_DisableAllIrq
                0x000000000001c174       0x1c ./StdPeriphDriver/CH58x_sys.o
                0x000000000001c174                SYS_DisableAllIrq
 .text.SYS_RecoverIrq
                0x000000000001c190       0x14 ./StdPeriphDriver/CH58x_sys.o
                0x000000000001c190                SYS_RecoverIrq
 .text.SYS_GetSysTickCnt
                0x000000000001c1a4        0xa ./StdPeriphDriver/CH58x_sys.o
                0x000000000001c1a4                SYS_GetSysTickCnt
 .text.WWDG_ResetCfg
                0x000000000001c1ae       0x38 ./StdPeriphDriver/CH58x_sys.o
                0x000000000001c1ae                WWDG_ResetCfg
 .text._write   0x000000000001c1e6       0x28 ./StdPeriphDriver/CH58x_sys.o
                0x000000000001c1e6                _write
 .text.UART0_BaudRateCfg
                0x000000000001c20e       0x32 ./StdPeriphDriver/CH58x_uart0.o
                0x000000000001c20e                UART0_BaudRateCfg
 .text.UART0_DefInit
                0x000000000001c240       0x34 ./StdPeriphDriver/CH58x_uart0.o
                0x000000000001c240                UART0_DefInit
 .text.UART0_ByteTrigCfg
                0x000000000001c274       0x1a ./StdPeriphDriver/CH58x_uart0.o
                0x000000000001c274                UART0_ByteTrigCfg
 .text.UART0_INTCfg
                0x000000000001c28e       0x2a ./StdPeriphDriver/CH58x_uart0.o
                0x000000000001c28e                UART0_INTCfg
 .text.UART0_Reset
                0x000000000001c2b8        0xe ./StdPeriphDriver/CH58x_uart0.o
                0x000000000001c2b8                UART0_Reset
 .text.UART0_SendString
                0x000000000001c2c6       0x3a ./StdPeriphDriver/CH58x_uart0.o
                0x000000000001c2c6                UART0_SendString
 .text.UART0_RecvString
                0x000000000001c300       0x2a ./StdPeriphDriver/CH58x_uart0.o
                0x000000000001c300                UART0_RecvString
 .text.UART1_BaudRateCfg
                0x000000000001c32a       0x32 ./StdPeriphDriver/CH58x_uart1.o
                0x000000000001c32a                UART1_BaudRateCfg
 .text.UART1_DefInit
                0x000000000001c35c       0x34 ./StdPeriphDriver/CH58x_uart1.o
                0x000000000001c35c                UART1_DefInit
 .text.UART1_ByteTrigCfg
                0x000000000001c390       0x1a ./StdPeriphDriver/CH58x_uart1.o
                0x000000000001c390                UART1_ByteTrigCfg
 .text.UART1_INTCfg
                0x000000000001c3aa       0x2a ./StdPeriphDriver/CH58x_uart1.o
                0x000000000001c3aa                UART1_INTCfg
 .text.UART1_Reset
                0x000000000001c3d4        0xe ./StdPeriphDriver/CH58x_uart1.o
                0x000000000001c3d4                UART1_Reset
 .text.UART1_SendString
                0x000000000001c3e2       0x3a ./StdPeriphDriver/CH58x_uart1.o
                0x000000000001c3e2                UART1_SendString
 .text.UART1_RecvString
                0x000000000001c41c       0x2a ./StdPeriphDriver/CH58x_uart1.o
                0x000000000001c41c                UART1_RecvString
 .text.UART2_BaudRateCfg
                0x000000000001c446       0x32 ./StdPeriphDriver/CH58x_uart2.o
                0x000000000001c446                UART2_BaudRateCfg
 .text.UART2_DefInit
                0x000000000001c478       0x34 ./StdPeriphDriver/CH58x_uart2.o
                0x000000000001c478                UART2_DefInit
 .text.UART2_ByteTrigCfg
                0x000000000001c4ac       0x1a ./StdPeriphDriver/CH58x_uart2.o
                0x000000000001c4ac                UART2_ByteTrigCfg
 .text.UART2_INTCfg
                0x000000000001c4c6       0x2a ./StdPeriphDriver/CH58x_uart2.o
                0x000000000001c4c6                UART2_INTCfg
 .text.UART2_Reset
                0x000000000001c4f0        0xe ./StdPeriphDriver/CH58x_uart2.o
                0x000000000001c4f0                UART2_Reset
 .text.UART2_SendString
                0x000000000001c4fe       0x3a ./StdPeriphDriver/CH58x_uart2.o
                0x000000000001c4fe                UART2_SendString
 .text.UART2_RecvString
                0x000000000001c538       0x2a ./StdPeriphDriver/CH58x_uart2.o
                0x000000000001c538                UART2_RecvString
 .text.UART3_BaudRateCfg
                0x000000000001c562       0x32 ./StdPeriphDriver/CH58x_uart3.o
                0x000000000001c562                UART3_BaudRateCfg
 .text.UART3_DefInit
                0x000000000001c594       0x34 ./StdPeriphDriver/CH58x_uart3.o
                0x000000000001c594                UART3_DefInit
 .text.UART3_ByteTrigCfg
                0x000000000001c5c8       0x1a ./StdPeriphDriver/CH58x_uart3.o
                0x000000000001c5c8                UART3_ByteTrigCfg
 .text.UART3_INTCfg
                0x000000000001c5e2       0x2a ./StdPeriphDriver/CH58x_uart3.o
                0x000000000001c5e2                UART3_INTCfg
 .text.UART3_Reset
                0x000000000001c60c        0xe ./StdPeriphDriver/CH58x_uart3.o
                0x000000000001c60c                UART3_Reset
 .text.UART3_SendString
                0x000000000001c61a       0x3a ./StdPeriphDriver/CH58x_uart3.o
                0x000000000001c61a                UART3_SendString
 .text.UART3_RecvString
                0x000000000001c654       0x2a ./StdPeriphDriver/CH58x_uart3.o
                0x000000000001c654                UART3_RecvString
 .text.Lib_Calibration_LSI
                0x000000000001c67e        0x6 ./HAL/MCU.o
                0x000000000001c67e                Lib_Calibration_LSI
 .text.Lib_Read_Flash
                0x000000000001c684       0x1c ./HAL/MCU.o
                0x000000000001c684                Lib_Read_Flash
 .text.Lib_Write_Flash
                0x000000000001c6a0       0x40 ./HAL/MCU.o
                0x000000000001c6a0                Lib_Write_Flash
 .text.HAL_GetInterTempValue
                0x000000000001c6e0       0x72 ./HAL/MCU.o
                0x000000000001c6e0                HAL_GetInterTempValue
 .text.HAL_ProcessEvent
                0x000000000001c752       0x88 ./HAL/MCU.o
                0x000000000001c752                HAL_ProcessEvent
 .text.CH58X_BLEInit
                0x000000000001c7da      0x134 ./HAL/MCU.o
                0x000000000001c7da                CH58X_BLEInit
 .text.HAL_Init
                0x000000000001c90e       0x3a ./HAL/MCU.o
                0x000000000001c90e                HAL_Init
 .text.RTC_SetTignTime
                0x000000000001c948       0x28 ./HAL/RTC.o
                0x000000000001c948                RTC_SetTignTime
 .text.HAL_TimeInit
                0x000000000001c970       0x52 ./HAL/RTC.o
                0x000000000001c970                HAL_TimeInit
 .text.sleepSetState
                0x000000000001c9c2        0x6 ./HAL/SLEEP.o
                0x000000000001c9c2                sleepSetState
 .text.CH58X_LowPower
                0x000000000001c9c8       0xa4 ./HAL/SLEEP.o
                0x000000000001c9c8                CH58X_LowPower
 .text.HAL_SleepInit
                0x000000000001ca6c       0x4e ./HAL/SLEEP.o
                0x000000000001ca6c                HAL_SleepInit
 .text.appCentralRssiReadCallBack
                0x000000000001caba       0x12 ./APP/app_central.o
 .text.appCentralHciDataLenChangeCallBack
                0x000000000001cacc       0x14 ./APP/app_central.o
 .text.doGattMsgEvent
                0x000000000001cae0      0x504 ./APP/app_central.o
 .text.appCentralInit
                0x000000000001cfe4       0xa2 ./APP/app_central.o
                0x000000000001cfe4                appCentralInit
 .text.centralStartDisc
                0x000000000001d086       0x2c ./APP/app_central.o
                0x000000000001d086                centralStartDisc
 .text.centralEstablish
                0x000000000001d0b2       0x24 ./APP/app_central.o
                0x000000000001d0b2                centralEstablish
 .text.centralTerminate
                0x000000000001d0d6       0x24 ./APP/app_central.o
                0x000000000001d0d6                centralTerminate
 .text.centralWrite
                0x000000000001d0fa       0x84 ./APP/app_central.o
                0x000000000001d0fa                centralWrite
 .text.centralSendData
                0x000000000001d17e       0x10 ./APP/app_central.o
                0x000000000001d17e                centralSendData
 .text.appCentralTaskEventProcess.part.0
                0x000000000001d18e      0x1de ./APP/app_central.o
 .text.appCentralTaskEventProcess
                0x000000000001d36c       0x86 ./APP/app_central.o
 .text.scanListAdd
                0x000000000001d3f2       0xe8 ./APP/app_central.o
                0x000000000001d3f2                scanListAdd
 .text.scanListDisplay
                0x000000000001d4da       0x7c ./APP/app_central.o
                0x000000000001d4da                scanListDisplay
 .text.appCentralGapRoleEventCallBack
                0x000000000001d556      0x2a4 ./APP/app_central.o
 .text.startup.main
                0x000000000001d7fa       0x20 ./APP/app_main.o
                0x000000000001d7fa                main
 .text.appSendNotifyData
                0x000000000001d81a       0x98 ./APP/app_peripheral.o
                0x000000000001d81a                appSendNotifyData
 .text.cos      0x000000000001d8b2       0x92 d:/软件工具/mounriver_studio_setup_v142/mounriver_studio/toolchain/risc-v embedded gcc/bin/../lib/gcc/riscv-none-embed/8.2.0/../../../../riscv-none-embed/lib/rv32imac/ilp32\libm.a(lib_a-s_cos.o)
                0x000000000001d8b2                cos
 .text.sin      0x000000000001d944       0x94 d:/软件工具/mounriver_studio_setup_v142/mounriver_studio/toolchain/risc-v embedded gcc/bin/../lib/gcc/riscv-none-embed/8.2.0/../../../../riscv-none-embed/lib/rv32imac/ilp32\libm.a(lib_a-s_sin.o)
                0x000000000001d944                sin
 .text.asin     0x000000000001d9d8       0xbe d:/软件工具/mounriver_studio_setup_v142/mounriver_studio/toolchain/risc-v embedded gcc/bin/../lib/gcc/riscv-none-embed/8.2.0/../../../../riscv-none-embed/lib/rv32imac/ilp32\libm.a(lib_a-w_asin.o)
                0x000000000001d9d8                asin
 .text.pow      0x000000000001da96      0x326 d:/软件工具/mounriver_studio_setup_v142/mounriver_studio/toolchain/risc-v embedded gcc/bin/../lib/gcc/riscv-none-embed/8.2.0/../../../../riscv-none-embed/lib/rv32imac/ilp32\libm.a(lib_a-w_pow.o)
                0x000000000001da96                pow
 .text.sqrt     0x000000000001ddbc       0xba d:/软件工具/mounriver_studio_setup_v142/mounriver_studio/toolchain/risc-v embedded gcc/bin/../lib/gcc/riscv-none-embed/8.2.0/../../../../riscv-none-embed/lib/rv32imac/ilp32\libm.a(lib_a-w_sqrt.o)
                0x000000000001ddbc                sqrt
 .text.__ieee754_asin
                0x000000000001de76      0x468 d:/软件工具/mounriver_studio_setup_v142/mounriver_studio/toolchain/risc-v embedded gcc/bin/../lib/gcc/riscv-none-embed/8.2.0/../../../../riscv-none-embed/lib/rv32imac/ilp32\libm.a(lib_a-e_asin.o)
                0x000000000001de76                __ieee754_asin
 .text.__ieee754_pow
                0x000000000001e2de      0xad8 d:/软件工具/mounriver_studio_setup_v142/mounriver_studio/toolchain/risc-v embedded gcc/bin/../lib/gcc/riscv-none-embed/8.2.0/../../../../riscv-none-embed/lib/rv32imac/ilp32\libm.a(lib_a-e_pow.o)
                0x000000000001e2de                __ieee754_pow
 .text.__ieee754_rem_pio2
                0x000000000001edb6      0x466 d:/软件工具/mounriver_studio_setup_v142/mounriver_studio/toolchain/risc-v embedded gcc/bin/../lib/gcc/riscv-none-embed/8.2.0/../../../../riscv-none-embed/lib/rv32imac/ilp32\libm.a(lib_a-e_rem_pio2.o)
                0x000000000001edb6                __ieee754_rem_pio2
 .text.__ieee754_sqrt
                0x000000000001f21c      0x1d6 d:/软件工具/mounriver_studio_setup_v142/mounriver_studio/toolchain/risc-v embedded gcc/bin/../lib/gcc/riscv-none-embed/8.2.0/../../../../riscv-none-embed/lib/rv32imac/ilp32\libm.a(lib_a-e_sqrt.o)
                0x000000000001f21c                __ieee754_sqrt
 .text.__kernel_cos
                0x000000000001f3f2      0x2b8 d:/软件工具/mounriver_studio_setup_v142/mounriver_studio/toolchain/risc-v embedded gcc/bin/../lib/gcc/riscv-none-embed/8.2.0/../../../../riscv-none-embed/lib/rv32imac/ilp32\libm.a(lib_a-k_cos.o)
                0x000000000001f3f2                __kernel_cos
 .text.__kernel_rem_pio2
                0x000000000001f6aa      0x952 d:/软件工具/mounriver_studio_setup_v142/mounriver_studio/toolchain/risc-v embedded gcc/bin/../lib/gcc/riscv-none-embed/8.2.0/../../../../riscv-none-embed/lib/rv32imac/ilp32\libm.a(lib_a-k_rem_pio2.o)
                0x000000000001f6aa                __kernel_rem_pio2
 .text.__kernel_sin
                0x000000000001fffc      0x19a d:/软件工具/mounriver_studio_setup_v142/mounriver_studio/toolchain/risc-v embedded gcc/bin/../lib/gcc/riscv-none-embed/8.2.0/../../../../riscv-none-embed/lib/rv32imac/ilp32\libm.a(lib_a-k_sin.o)
                0x000000000001fffc                __kernel_sin
 .text.fabs     0x0000000000020196        0x6 d:/软件工具/mounriver_studio_setup_v142/mounriver_studio/toolchain/risc-v embedded gcc/bin/../lib/gcc/riscv-none-embed/8.2.0/../../../../riscv-none-embed/lib/rv32imac/ilp32\libm.a(lib_a-s_fabs.o)
                0x0000000000020196                fabs
 .text.finite   0x000000000002019c        0xe d:/软件工具/mounriver_studio_setup_v142/mounriver_studio/toolchain/risc-v embedded gcc/bin/../lib/gcc/riscv-none-embed/8.2.0/../../../../riscv-none-embed/lib/rv32imac/ilp32\libm.a(lib_a-s_finite.o)
                0x000000000002019c                finite
 .text.floor    0x00000000000201aa      0x158 d:/软件工具/mounriver_studio_setup_v142/mounriver_studio/toolchain/risc-v embedded gcc/bin/../lib/gcc/riscv-none-embed/8.2.0/../../../../riscv-none-embed/lib/rv32imac/ilp32\libm.a(lib_a-s_floor.o)
                0x00000000000201aa                floor
 .text.matherr  0x0000000000020302        0x4 d:/软件工具/mounriver_studio_setup_v142/mounriver_studio/toolchain/risc-v embedded gcc/bin/../lib/gcc/riscv-none-embed/8.2.0/../../../../riscv-none-embed/lib/rv32imac/ilp32\libm.a(lib_a-s_matherr.o)
                0x0000000000020302                matherr
 .text.nan      0x0000000000020306        0xe d:/软件工具/mounriver_studio_setup_v142/mounriver_studio/toolchain/risc-v embedded gcc/bin/../lib/gcc/riscv-none-embed/8.2.0/../../../../riscv-none-embed/lib/rv32imac/ilp32\libm.a(lib_a-s_nan.o)
                0x0000000000020306                nan
 .text.rint     0x0000000000020314      0x18c d:/软件工具/mounriver_studio_setup_v142/mounriver_studio/toolchain/risc-v embedded gcc/bin/../lib/gcc/riscv-none-embed/8.2.0/../../../../riscv-none-embed/lib/rv32imac/ilp32\libm.a(lib_a-s_rint.o)
                0x0000000000020314                rint
 .text.scalbn   0x00000000000204a0      0x140 d:/软件工具/mounriver_studio_setup_v142/mounriver_studio/toolchain/risc-v embedded gcc/bin/../lib/gcc/riscv-none-embed/8.2.0/../../../../riscv-none-embed/lib/rv32imac/ilp32\libm.a(lib_a-s_scalbn.o)
                0x00000000000204a0                scalbn
 .text.copysign
                0x00000000000205e0       0x16 d:/软件工具/mounriver_studio_setup_v142/mounriver_studio/toolchain/risc-v embedded gcc/bin/../lib/gcc/riscv-none-embed/8.2.0/../../../../riscv-none-embed/lib/rv32imac/ilp32\libm.a(lib_a-s_copysign.o)
                0x00000000000205e0                copysign
 .text.tmos_msg_enqueue
                0x00000000000205f6       0x1e R:\CODE\CHcode\CH582\TN09_Air700F\TN09_Air700F_app\LIB\libCH58xBLE.a(message.o)
                0x00000000000205f6                tmos_msg_enqueue
 .text.tmos_msg_deallocate
                0x0000000000020614       0x2c R:\CODE\CHcode\CH582\TN09_Air700F\TN09_Air700F_app\LIB\libCH58xBLE.a(message.o)
                0x0000000000020614                tmos_msg_deallocate
 .text.tmos_msg_allocate
                0x0000000000020640       0x46 R:\CODE\CHcode\CH582\TN09_Air700F\TN09_Air700F_app\LIB\libCH58xBLE.a(message.o)
                0x0000000000020640                tmos_msg_allocate
 .text.tmos_msg_receive
                0x0000000000020686       0x72 R:\CODE\CHcode\CH582\TN09_Air700F\TN09_Air700F_app\LIB\libCH58xBLE.a(message.o)
                0x0000000000020686                tmos_msg_receive
 .text.tmos_msg_send
                0x00000000000206f8       0x66 R:\CODE\CHcode\CH582\TN09_Air700F\TN09_Air700F_app\LIB\libCH58xBLE.a(message.o)
                0x00000000000206f8                tmos_msg_send
 .text.tmos_msg_init
                0x000000000002075e        0xa R:\CODE\CHcode\CH582\TN09_Air700F\TN09_Air700F_app\LIB\libCH58xBLE.a(message.o)
                0x000000000002075e                tmos_msg_init
 .text.tmosFindTask
                0x0000000000020768       0x24 R:\CODE\CHcode\CH582\TN09_Air700F\TN09_Air700F_app\LIB\libCH58xBLE.a(tmos.o)
 .text.TMOS_CB_PeriodicProcessEvent
                0x000000000002078c       0x86 R:\CODE\CHcode\CH582\TN09_Air700F\TN09_Air700F_app\LIB\libCH58xBLE.a(tmos.o)
                0x000000000002078c                TMOS_CB_PeriodicProcessEvent
 .text.TMOS_CB_ProcessEvent
                0x0000000000020812       0x84 R:\CODE\CHcode\CH582\TN09_Air700F\TN09_Air700F_app\LIB\libCH58xBLE.a(tmos.o)
                0x0000000000020812                TMOS_CB_ProcessEvent
 .text.tmos_rand
                0x0000000000020896       0x52 R:\CODE\CHcode\CH582\TN09_Air700F\TN09_Air700F_app\LIB\libCH58xBLE.a(tmos.o)
                0x0000000000020896                tmos_rand
 .text.tmos_proces_sleep
                0x00000000000208e8      0x132 R:\CODE\CHcode\CH582\TN09_Air700F\TN09_Air700F_app\LIB\libCH58xBLE.a(tmos.o)
                0x00000000000208e8                tmos_proces_sleep
 .text.tmos_start_periodic_callback_task
                0x0000000000020a1a       0xfc R:\CODE\CHcode\CH582\TN09_Air700F\TN09_Air700F_app\LIB\libCH58xBLE.a(tmos.o)
                0x0000000000020a1a                tmos_start_periodic_callback_task
 .text.tmos_set_event
                0x0000000000020b16       0x2e R:\CODE\CHcode\CH582\TN09_Air700F\TN09_Air700F_app\LIB\libCH58xBLE.a(tmos.o)
                0x0000000000020b16                tmos_set_event
 .text.tmos_clear_event
                0x0000000000020b44       0x32 R:\CODE\CHcode\CH582\TN09_Air700F\TN09_Air700F_app\LIB\libCH58xBLE.a(tmos.o)
                0x0000000000020b44                tmos_clear_event
 .text.tmos_update_callback_timer
                0x0000000000020b76       0xc4 R:\CODE\CHcode\CH582\TN09_Air700F\TN09_Air700F_app\LIB\libCH58xBLE.a(tmos.o)
                0x0000000000020b76                tmos_update_callback_timer
 .text.tmos_start_task
                0x0000000000020c3a      0x120 R:\CODE\CHcode\CH582\TN09_Air700F\TN09_Air700F_app\LIB\libCH58xBLE.a(tmos.o)
                0x0000000000020c3a                tmos_start_task
 .text.tmos_start_callback_task
                0x0000000000020d5a       0x9a R:\CODE\CHcode\CH582\TN09_Air700F\TN09_Air700F_app\LIB\libCH58xBLE.a(tmos.o)
                0x0000000000020d5a                tmos_start_callback_task
 .text.tmos_start_reload_task
                0x0000000000020df4       0x58 R:\CODE\CHcode\CH582\TN09_Air700F\TN09_Air700F_app\LIB\libCH58xBLE.a(tmos.o)
                0x0000000000020df4                tmos_start_reload_task
 .text.tmos_stop_task
                0x0000000000020e4c       0x52 R:\CODE\CHcode\CH582\TN09_Air700F\TN09_Air700F_app\LIB\libCH58xBLE.a(tmos.o)
                0x0000000000020e4c                tmos_stop_task
 .text.tmos_stop_callback_task
                0x0000000000020e9e       0x5c R:\CODE\CHcode\CH582\TN09_Air700F\TN09_Air700F_app\LIB\libCH58xBLE.a(tmos.o)
                0x0000000000020e9e                tmos_stop_callback_task
 .text.tmos_get_task_timer
                0x0000000000020efa       0x6c R:\CODE\CHcode\CH582\TN09_Air700F\TN09_Air700F_app\LIB\libCH58xBLE.a(tmos.o)
                0x0000000000020efa                tmos_get_task_timer
 .text.TMOS_TimerRegister
                0x0000000000020f66       0x1e R:\CODE\CHcode\CH582\TN09_Air700F\TN09_Air700F_app\LIB\libCH58xBLE.a(tmos.o)
                0x0000000000020f66                TMOS_TimerRegister
 .text.TMOS_ProcessRegister
                0x0000000000020f84       0x16 R:\CODE\CHcode\CH582\TN09_Air700F\TN09_Air700F_app\LIB\libCH58xBLE.a(tmos.o)
                0x0000000000020f84                TMOS_ProcessRegister
 .text.TMOS_Init
                0x0000000000020f9a      0x12e R:\CODE\CHcode\CH582\TN09_Air700F\TN09_Air700F_app\LIB\libCH58xBLE.a(tmos.o)
                0x0000000000020f9a                TMOS_Init
 .text.TMOS_ProcessEventRegister
                0x00000000000210c8       0x3c R:\CODE\CHcode\CH582\TN09_Air700F\TN09_Air700F_app\LIB\libCH58xBLE.a(tmos.o)
                0x00000000000210c8                TMOS_ProcessEventRegister
 .text.BLE_LibInit
                0x0000000000021104      0x174 R:\CODE\CHcode\CH582\TN09_Air700F\TN09_Air700F_app\LIB\libCH58xBLE.a(tmos.o)
                0x0000000000021104                BLE_LibInit
 .text.clockGetTickValve
                0x0000000000021278       0x70 R:\CODE\CHcode\CH582\TN09_Air700F\TN09_Air700F_app\LIB\libCH58xBLE.a(tmos_hw.o)
 .text.ll_get_sca_divisor
                0x00000000000212e8       0x40 R:\CODE\CHcode\CH582\TN09_Air700F\TN09_Air700F_app\LIB\libCH58xBLE.a(tmos_hw.o)
                0x00000000000212e8                ll_get_sca_divisor
 .text.ll_get_sca_own
                0x0000000000021328       0x46 R:\CODE\CHcode\CH582\TN09_Air700F\TN09_Air700F_app\LIB\libCH58xBLE.a(tmos_hw.o)
                0x0000000000021328                ll_get_sca_own
 .text.ble_ll_common_rand8
                0x000000000002136e       0x24 R:\CODE\CHcode\CH582\TN09_Air700F\TN09_Air700F_app\LIB\libCH58xBLE.a(tmos_hw.o)
                0x000000000002136e                ble_ll_common_rand8
 .text.ble_ll_common_rand16
                0x0000000000021392       0x24 R:\CODE\CHcode\CH582\TN09_Air700F\TN09_Air700F_app\LIB\libCH58xBLE.a(tmos_hw.o)
                0x0000000000021392                ble_ll_common_rand16
 .text.ble_ll_common_rand32
                0x00000000000213b6       0x20 R:\CODE\CHcode\CH582\TN09_Air700F\TN09_Air700F_app\LIB\libCH58xBLE.a(tmos_hw.o)
                0x00000000000213b6                ble_ll_common_rand32
 .text.TMOS_TempSample
                0x00000000000213d6       0x62 R:\CODE\CHcode\CH582\TN09_Air700F\TN09_Air700F_app\LIB\libCH58xBLE.a(tmos_hw.o)
                0x00000000000213d6                TMOS_TempSample
 .text.TMOS_TimerInit
                0x0000000000021438       0xca R:\CODE\CHcode\CH582\TN09_Air700F\TN09_Air700F_app\LIB\libCH58xBLE.a(tmos_hw.o)
                0x0000000000021438                TMOS_TimerInit
 .text.tmos_snv_init
                0x0000000000021502       0xc0 R:\CODE\CHcode\CH582\TN09_Air700F\TN09_Air700F_app\LIB\libCH58xBLE.a(tmos_snv.o)
                0x0000000000021502                tmos_snv_init
 .text.tmos_snv_clear
                0x00000000000215c2       0xb2 R:\CODE\CHcode\CH582\TN09_Air700F\TN09_Air700F_app\LIB\libCH58xBLE.a(tmos_snv.o)
                0x00000000000215c2                tmos_snv_clear
 .text.tmos_snv_read
                0x0000000000021674      0x292 R:\CODE\CHcode\CH582\TN09_Air700F\TN09_Air700F_app\LIB\libCH58xBLE.a(tmos_snv.o)
                0x0000000000021674                tmos_snv_read
 .text.tmos_snv_notify
                0x0000000000021906       0x5a R:\CODE\CHcode\CH582\TN09_Air700F\TN09_Air700F_app\LIB\libCH58xBLE.a(tmos_snv.o)
                0x0000000000021906                tmos_snv_notify
 .text.tmos_snv_write
                0x0000000000021960      0x2ce R:\CODE\CHcode\CH582\TN09_Air700F\TN09_Air700F_app\LIB\libCH58xBLE.a(tmos_snv.o)
                0x0000000000021960                tmos_snv_write
 .text.tmos_snv_compact
                0x0000000000021c2e        0x4 R:\CODE\CHcode\CH582\TN09_Air700F\TN09_Air700F_app\LIB\libCH58xBLE.a(tmos_snv.o)
                0x0000000000021c2e                tmos_snv_compact
 .text.disconnectNext
                0x0000000000021c32       0x22 R:\CODE\CHcode\CH582\TN09_Air700F\TN09_Air700F_app\LIB\libCH58xBLE.a(gap.o)
 .text.GAP_ParamInit
                0x0000000000021c54      0x160 R:\CODE\CHcode\CH582\TN09_Air700F\TN09_Air700F_app\LIB\libCH58xBLE.a(gap.o)
                0x0000000000021c54                GAP_ParamInit
 .text.sendTerminateEvent
                0x0000000000021db4       0x58 R:\CODE\CHcode\CH582\TN09_Air700F\TN09_Air700F_app\LIB\libCH58xBLE.a(gap.o)
                0x0000000000021db4                sendTerminateEvent
 .text.gapRegisterCentral
                0x0000000000021e0c        0x6 R:\CODE\CHcode\CH582\TN09_Air700F\TN09_Air700F_app\LIB\libCH58xBLE.a(gap.o)
                0x0000000000021e0c                gapRegisterCentral
 .text.gapRegisterCentralConn
                0x0000000000021e12        0x6 R:\CODE\CHcode\CH582\TN09_Air700F\TN09_Air700F_app\LIB\libCH58xBLE.a(gap.o)
                0x0000000000021e12                gapRegisterCentralConn
 .text.gapRegisterPeripheral
                0x0000000000021e18        0x6 R:\CODE\CHcode\CH582\TN09_Air700F\TN09_Air700F_app\LIB\libCH58xBLE.a(gap.o)
                0x0000000000021e18                gapRegisterPeripheral
 .text.gapRegisterPeripheralConn
                0x0000000000021e1e        0x6 R:\CODE\CHcode\CH582\TN09_Air700F\TN09_Air700F_app\LIB\libCH58xBLE.a(gap.o)
                0x0000000000021e1e                gapRegisterPeripheralConn
 .text.smGenerateRandBuf
                0x0000000000021e24       0x56 R:\CODE\CHcode\CH582\TN09_Air700F\TN09_Air700F_app\LIB\libCH58xBLE.a(gap.o)
                0x0000000000021e24                smGenerateRandBuf
 .text.gapL2capConnParamUpdateReq
                0x0000000000021e7a       0x36 R:\CODE\CHcode\CH582\TN09_Air700F\TN09_Air700F_app\LIB\libCH58xBLE.a(gap.o)
                0x0000000000021e7a                gapL2capConnParamUpdateReq
 .text.gapValidADType
                0x0000000000021eb0       0x16 R:\CODE\CHcode\CH582\TN09_Air700F\TN09_Air700F_app\LIB\libCH58xBLE.a(gap.o)
                0x0000000000021eb0                gapValidADType
 .text.gapFindADType
                0x0000000000021ec6       0x94 R:\CODE\CHcode\CH582\TN09_Air700F\TN09_Air700F_app\LIB\libCH58xBLE.a(gap.o)
                0x0000000000021ec6                gapFindADType
 .text.GAP_SecParamsInit
                0x0000000000021f5a       0xae R:\CODE\CHcode\CH582\TN09_Air700F\TN09_Air700F_app\LIB\libCH58xBLE.a(gap.o)
                0x0000000000021f5a                GAP_SecParamsInit
 .text.GAP_ParamsInit
                0x0000000000022008       0x50 R:\CODE\CHcode\CH582\TN09_Air700F\TN09_Air700F_app\LIB\libCH58xBLE.a(gap.o)
                0x0000000000022008                GAP_ParamsInit
 .text.gapAddAddrAdj
                0x0000000000022058       0x48 R:\CODE\CHcode\CH582\TN09_Air700F\TN09_Air700F_app\LIB\libCH58xBLE.a(gap.o)
                0x0000000000022058                gapAddAddrAdj
 .text.gapDetermineAddrType
                0x00000000000220a0       0x28 R:\CODE\CHcode\CH582\TN09_Air700F\TN09_Air700F_app\LIB\libCH58xBLE.a(gap.o)
                0x00000000000220a0                gapDetermineAddrType
 .text.gapFreeAuthLink
                0x00000000000220c8       0x4a R:\CODE\CHcode\CH582\TN09_Air700F\TN09_Air700F_app\LIB\libCH58xBLE.a(gap.o)
                0x00000000000220c8                gapFreeAuthLink
 .text.gapGetDevAddress
                0x0000000000022112       0x24 R:\CODE\CHcode\CH582\TN09_Air700F\TN09_Air700F_app\LIB\libCH58xBLE.a(gap.o)
                0x0000000000022112                gapGetDevAddress
 .text.gapGetDevAddressMode
                0x0000000000022136        0xa R:\CODE\CHcode\CH582\TN09_Air700F\TN09_Air700F_app\LIB\libCH58xBLE.a(gap.o)
                0x0000000000022136                gapGetDevAddressMode
 .text.gapGetIRK
                0x0000000000022140        0xc R:\CODE\CHcode\CH582\TN09_Air700F\TN09_Air700F_app\LIB\libCH58xBLE.a(gap.o)
                0x0000000000022140                gapGetIRK
 .text.gapGetSRK
                0x000000000002214c        0xc R:\CODE\CHcode\CH582\TN09_Air700F\TN09_Air700F_app\LIB\libCH58xBLE.a(gap.o)
                0x000000000002214c                gapGetSRK
 .text.gapGetSignCounter
                0x0000000000022158        0xe R:\CODE\CHcode\CH582\TN09_Air700F\TN09_Air700F_app\LIB\libCH58xBLE.a(gap.o)
                0x0000000000022158                gapGetSignCounter
 .text.gapIncSignCounter
                0x0000000000022166       0x28 R:\CODE\CHcode\CH582\TN09_Air700F\TN09_Air700F_app\LIB\libCH58xBLE.a(gap.o)
                0x0000000000022166                gapIncSignCounter
 .text.gapProcessConnEvt
                0x000000000002218e       0x48 R:\CODE\CHcode\CH582\TN09_Air700F\TN09_Air700F_app\LIB\libCH58xBLE.a(gap.o)
                0x000000000002218e                gapProcessConnEvt
 .text.gapProcessDisconnectCompleteEvt
                0x00000000000221d6       0xaa R:\CODE\CHcode\CH582\TN09_Air700F\TN09_Air700F_app\LIB\libCH58xBLE.a(gap.o)
                0x00000000000221d6                gapProcessDisconnectCompleteEvt
 .text.sendAuthEvent
                0x0000000000022280      0x120 R:\CODE\CHcode\CH582\TN09_Air700F\TN09_Air700F_app\LIB\libCH58xBLE.a(gap.o)
                0x0000000000022280                sendAuthEvent
 .text.gapSendBondCompleteEvent
                0x00000000000223a0       0x74 R:\CODE\CHcode\CH582\TN09_Air700F\TN09_Air700F_app\LIB\libCH58xBLE.a(gap.o)
                0x00000000000223a0                gapSendBondCompleteEvent
 .text.gapSendPairingReqEvent
                0x0000000000022414       0x96 R:\CODE\CHcode\CH582\TN09_Air700F\TN09_Air700F_app\LIB\libCH58xBLE.a(gap.o)
                0x0000000000022414                gapSendPairingReqEvent
 .text.gapSendSlaveSecurityReqEvent
                0x00000000000224aa       0x68 R:\CODE\CHcode\CH582\TN09_Air700F\TN09_Air700F_app\LIB\libCH58xBLE.a(gap.o)
                0x00000000000224aa                gapSendSlaveSecurityReqEvent
 .text.gapSendDeviceInitDoneEvent
                0x0000000000022512       0x88 R:\CODE\CHcode\CH582\TN09_Air700F\TN09_Air700F_app\LIB\libCH58xBLE.a(gap.o)
                0x0000000000022512                gapSendDeviceInitDoneEvent
 .text.gapSendLinkUpdateEvent
                0x000000000002259a       0xb2 R:\CODE\CHcode\CH582\TN09_Air700F\TN09_Air700F_app\LIB\libCH58xBLE.a(gap.o)
                0x000000000002259a                gapSendLinkUpdateEvent
 .text.gapSendPhyUpdateEvent
                0x000000000002264c       0x58 R:\CODE\CHcode\CH582\TN09_Air700F\TN09_Air700F_app\LIB\libCH58xBLE.a(gap.o)
                0x000000000002264c                gapSendPhyUpdateEvent
 .text.gapSendEstLinkEvent
                0x00000000000226a4       0xbc R:\CODE\CHcode\CH582\TN09_Air700F\TN09_Air700F_app\LIB\libCH58xBLE.a(gap.o)
                0x00000000000226a4                gapSendEstLinkEvent
 .text.gapProcessNewAddr
                0x0000000000022760       0x3e R:\CODE\CHcode\CH582\TN09_Air700F\TN09_Air700F_app\LIB\libCH58xBLE.a(gap.o)
                0x0000000000022760                gapProcessNewAddr
 .text.gapProcessRandomAddrComplete
                0x000000000002279e       0xb6 R:\CODE\CHcode\CH582\TN09_Air700F\TN09_Air700F_app\LIB\libCH58xBLE.a(gap.o)
                0x000000000002279e                gapProcessRandomAddrComplete
 .text.GAP_Authenticate
                0x0000000000022854       0xde R:\CODE\CHcode\CH582\TN09_Air700F\TN09_Air700F_app\LIB\libCH58xBLE.a(gap.o)
                0x0000000000022854                GAP_Authenticate
 .text.GAP_Bond
                0x0000000000022932       0xaa R:\CODE\CHcode\CH582\TN09_Air700F\TN09_Air700F_app\LIB\libCH58xBLE.a(gap.o)
                0x0000000000022932                GAP_Bond
 .text.GAP_GetParamValue
                0x00000000000229dc       0x20 R:\CODE\CHcode\CH582\TN09_Air700F\TN09_Air700F_app\LIB\libCH58xBLE.a(gap.o)
                0x00000000000229dc                GAP_GetParamValue
 .text.GAP_PasscodeUpdate
                0x00000000000229fc       0x54 R:\CODE\CHcode\CH582\TN09_Air700F\TN09_Air700F_app\LIB\libCH58xBLE.a(gap.o)
                0x00000000000229fc                GAP_PasscodeUpdate
 .text.GAP_RegisterForMsgs
                0x0000000000022a50        0xa R:\CODE\CHcode\CH582\TN09_Air700F\TN09_Air700F_app\LIB\libCH58xBLE.a(gap.o)
                0x0000000000022a50                GAP_RegisterForMsgs
 .text.GAP_ResolvePrivateAddr
                0x0000000000022a5a        0x4 R:\CODE\CHcode\CH582\TN09_Air700F\TN09_Air700F_app\LIB\libCH58xBLE.a(gap.o)
                0x0000000000022a5a                GAP_ResolvePrivateAddr
 .text.gapPairingCompleteCB
                0x0000000000022a5e      0x18c R:\CODE\CHcode\CH582\TN09_Air700F\TN09_Air700F_app\LIB\libCH58xBLE.a(gap.o)
                0x0000000000022a5e                gapPairingCompleteCB
 .text.gapPasskeyNeededCB
                0x0000000000022bea       0x8e R:\CODE\CHcode\CH582\TN09_Air700F\TN09_Air700F_app\LIB\libCH58xBLE.a(gap.o)
                0x0000000000022bea                gapPasskeyNeededCB
 .text.gapOobNeededCB
                0x0000000000022c78       0xa6 R:\CODE\CHcode\CH582\TN09_Air700F\TN09_Air700F_app\LIB\libCH58xBLE.a(gap.o)
                0x0000000000022c78                gapOobNeededCB
 .text.gapFreeEstLink
                0x0000000000022d1e       0x20 R:\CODE\CHcode\CH582\TN09_Air700F\TN09_Air700F_app\LIB\libCH58xBLE.a(gap.o)
                0x0000000000022d1e                gapFreeEstLink
 .text.gapUpdateConnSignCounter
                0x0000000000022d3e       0x7a R:\CODE\CHcode\CH582\TN09_Air700F\TN09_Air700F_app\LIB\libCH58xBLE.a(gap.o)
                0x0000000000022d3e                gapUpdateConnSignCounter
 .text.GAP_SendSlaveSecurityRequest
                0x0000000000022db8       0x4a R:\CODE\CHcode\CH582\TN09_Air700F\TN09_Air700F_app\LIB\libCH58xBLE.a(gap.o)
                0x0000000000022db8                GAP_SendSlaveSecurityRequest
 .text.GAP_Signable
                0x0000000000022e02       0x6a R:\CODE\CHcode\CH582\TN09_Air700F\TN09_Air700F_app\LIB\libCH58xBLE.a(gap.o)
                0x0000000000022e02                GAP_Signable
 .text.GAP_TerminateAuth
                0x0000000000022e6c       0x2a R:\CODE\CHcode\CH582\TN09_Air700F\TN09_Air700F_app\LIB\libCH58xBLE.a(gap.o)
                0x0000000000022e6c                GAP_TerminateAuth
 .text.GAP_NumActiveConnections
                0x0000000000022e96        0x4 R:\CODE\CHcode\CH582\TN09_Air700F\TN09_Air700F_app\LIB\libCH58xBLE.a(gap.o)
                0x0000000000022e96                GAP_NumActiveConnections
 .text.GAP_TerminateLinkReq
                0x0000000000022e9a       0x8e R:\CODE\CHcode\CH582\TN09_Air700F\TN09_Air700F_app\LIB\libCH58xBLE.a(gap.o)
                0x0000000000022e9a                GAP_TerminateLinkReq
 .text.GAP_SetParamValue
                0x0000000000022f28       0x6c R:\CODE\CHcode\CH582\TN09_Air700F\TN09_Air700F_app\LIB\libCH58xBLE.a(gap.o)
                0x0000000000022f28                GAP_SetParamValue
 .text.GAP_Init
                0x0000000000022f94       0x48 R:\CODE\CHcode\CH582\TN09_Air700F\TN09_Air700F_app\LIB\libCH58xBLE.a(gap.o)
                0x0000000000022f94                GAP_Init
 .text.GAP_ProcessEvent
                0x0000000000022fdc      0x664 R:\CODE\CHcode\CH582\TN09_Air700F\TN09_Air700F_app\LIB\libCH58xBLE.a(gap.o)
                0x0000000000022fdc                GAP_ProcessEvent
 .text.gapSendScanEnable
                0x0000000000023640       0x3a R:\CODE\CHcode\CH582\TN09_Air700F\TN09_Air700F_app\LIB\libCH58xBLE.a(gap_central.o)
 .text.gapCentProcessConnEvt
                0x000000000002367a      0x168 R:\CODE\CHcode\CH582\TN09_Air700F\TN09_Air700F_app\LIB\libCH58xBLE.a(gap_central.o)
                0x000000000002367a                gapCentProcessConnEvt
 .text.gapProcessScanningPeriodicAdvEvt
                0x00000000000237e2       0xa0 R:\CODE\CHcode\CH582\TN09_Air700F\TN09_Air700F_app\LIB\libCH58xBLE.a(gap_central.o)
                0x00000000000237e2                gapProcessScanningPeriodicAdvEvt
 .text.gapCancelLinkReq
                0x0000000000023882       0x38 R:\CODE\CHcode\CH582\TN09_Air700F\TN09_Air700F_app\LIB\libCH58xBLE.a(gap_central.o)
                0x0000000000023882                gapCancelLinkReq
 .text.gapProcessAdvertDevInfo
                0x00000000000238ba      0x242 R:\CODE\CHcode\CH582\TN09_Air700F\TN09_Air700F_app\LIB\libCH58xBLE.a(gap_central.o)
                0x00000000000238ba                gapProcessAdvertDevInfo
 .text.gapProcessExtAdvertDevInfo
                0x0000000000023afc      0x260 R:\CODE\CHcode\CH582\TN09_Air700F\TN09_Air700F_app\LIB\libCH58xBLE.a(gap_central.o)
                0x0000000000023afc                gapProcessExtAdvertDevInfo
 .text.gapProcessPeriodicAdvertisingSyncEstablishedEvt
                0x0000000000023d5c       0xae R:\CODE\CHcode\CH582\TN09_Air700F\TN09_Air700F_app\LIB\libCH58xBLE.a(gap_central.o)
                0x0000000000023d5c                gapProcessPeriodicAdvertisingSyncEstablishedEvt
 .text.gapProcessPeriodicAdvertisingSyncLostEvt
                0x0000000000023e0a       0x56 R:\CODE\CHcode\CH582\TN09_Air700F\TN09_Air700F_app\LIB\libCH58xBLE.a(gap_central.o)
                0x0000000000023e0a                gapProcessPeriodicAdvertisingSyncLostEvt
 .text.gapFreeScanRecs
                0x0000000000023e60       0xa6 R:\CODE\CHcode\CH582\TN09_Air700F\TN09_Air700F_app\LIB\libCH58xBLE.a(gap_central.o)
                0x0000000000023e60                gapFreeScanRecs
 .text.gapSendDevDiscEvent
                0x0000000000023f06      0x126 R:\CODE\CHcode\CH582\TN09_Air700F\TN09_Air700F_app\LIB\libCH58xBLE.a(gap_central.o)
                0x0000000000023f06                gapSendDevDiscEvent
 .text.gapSetScanParamStatus
                0x000000000002402c       0x58 R:\CODE\CHcode\CH582\TN09_Air700F\TN09_Air700F_app\LIB\libCH58xBLE.a(gap_central.o)