Archive member included to satisfy reference by file (symbol)

../StdPeriphDriver\libISP583.a(ISP583.o)
                              ./Task/app_db.o (FLASH_EEPROM_CMD)
d:/软件工具/mounriver_studio_setup_v142/mounriver_studio/toolchain/risc-v embedded gcc/bin/../lib/gcc/riscv-none-embed/8.2.0/../../../../riscv-none-embed/lib/rv32imac/ilp32\libm.a(lib_a-s_cos.o)
                              ./Task/app_gps.o (cos)
d:/软件工具/mounriver_studio_setup_v142/mounriver_studio/toolchain/risc-v embedded gcc/bin/../lib/gcc/riscv-none-embed/8.2.0/../../../../riscv-none-embed/lib/rv32imac/ilp32\libm.a(lib_a-s_sin.o)
                              ./Task/app_gps.o (sin)
d:/软件工具/mounriver_studio_setup_v142/mounriver_studio/toolchain/risc-v embedded gcc/bin/../lib/gcc/riscv-none-embed/8.2.0/../../../../riscv-none-embed/lib/rv32imac/ilp32\libm.a(lib_a-w_asin.o)
                              ./Task/app_gps.o (asin)
d:/软件工具/mounriver_studio_setup_v142/mounriver_studio/toolchain/risc-v embedded gcc/bin/../lib/gcc/riscv-none-embed/8.2.0/../../../../riscv-none-embed/lib/rv32imac/ilp32\libm.a(lib_a-w_pow.o)
                              ./Task/app_gps.o (pow)
d:/软件工具/mounriver_studio_setup_v142/mounriver_studio/toolchain/risc-v embedded gcc/bin/../lib/gcc/riscv-none-embed/8.2.0/../../../../riscv-none-embed/lib/rv32imac/ilp32\libm.a(lib_a-w_sqrt.o)
                              ./Task/app_gps.o (sqrt)
d:/软件工具/mounriver_studio_setup_v142/mounriver_studio/toolchain/risc-v embedded gcc/bin/../lib/gcc/riscv-none-embed/8.2.0/../../../../riscv-none-embed/lib/rv32imac/ilp32\libm.a(lib_a-e_asin.o)
                              d:/软件工具/mounriver_studio_setup_v142/mounriver_studio/toolchain/risc-v embedded gcc/bin/../lib/gcc/riscv-none-embed/8.2.0/../../../../riscv-none-embed/lib/rv32imac/ilp32\libm.a(lib_a-w_asin.o) (__ieee754_asin)
d:/软件工具/mounriver_studio_setup_v142/mounriver_studio/toolchain/risc-v embedded gcc/bin/../lib/gcc/riscv-none-embed/8.2.0/../../../../riscv-none-embed/lib/rv32imac/ilp32\libm.a(lib_a-e_pow.o)
                              d:/软件工具/mounriver_studio_setup_v142/mounriver_studio/toolchain/risc-v embedded gcc/bin/../lib/gcc/riscv-none-embed/8.2.0/../../../../riscv-none-embed/lib/rv32imac/ilp32\libm.a(lib_a-w_pow.o) (__ieee754_pow)
d:/软件工具/mounriver_studio_setup_v142/mounriver_studio/toolchain/risc-v embedded gcc/bin/../lib/gcc/riscv-none-embed/8.2.0/../../../../riscv-none-embed/lib/rv32imac/ilp32\libm.a(lib_a-e_rem_pio2.o)
                              d:/软件工具/mounriver_studio_setup_v142/mounriver_studio/toolchain/risc-v embedded gcc/bin/../lib/gcc/riscv-none-embed/8.2.0/../../../../riscv-none-embed/lib/rv32imac/ilp32\libm.a(lib_a-s_cos.o) (__ieee754_rem_pio2)
d:/软件工具/mounriver_studio_setup_v142/mounriver_studio/toolchain/risc-v embedded gcc/bin/../lib/gcc/riscv-none-embed/8.2.0/../../../../riscv-none-embed/lib/rv32imac/ilp32\libm.a(lib_a-e_sqrt.o)
                              d:/软件工具/mounriver_studio_setup_v142/mounriver_studio/toolchain/risc-v embedded gcc/bin/../lib/gcc/riscv-none-embed/8.2.0/../../../../riscv-none-embed/lib/rv32imac/ilp32\libm.a(lib_a-w_sqrt.o) (__ieee754_sqrt)
d:/软件工具/mounriver_studio_setup_v142/mounriver_studio/toolchain/risc-v embedded gcc/bin/../lib/gcc/riscv-none-embed/8.2.0/../../../../riscv-none-embed/lib/rv32imac/ilp32\libm.a(lib_a-k_cos.o)
                              d:/软件工具/mounriver_studio_setup_v142/mounriver_studio/toolchain/risc-v embedded gcc/bin/../lib/gcc/riscv-none-embed/8.2.0/../../../../riscv-none-embed/lib/rv32imac/ilp32\libm.a(lib_a-s_cos.o) (__kernel_cos)
d:/软件工具/mounriver_studio_setup_v142/mounriver_studio/toolchain/risc-v embedded gcc/bin/../lib/gcc/riscv-none-embed/8.2.0/../../../../riscv-none-embed/lib/rv32imac/ilp32\libm.a(lib_a-k_rem_pio2.o)
                              d:/软件工具/mounriver_studio_setup_v142/mounriver_studio/toolchain/risc-v embedded gcc/bin/../lib/gcc/riscv-none-embed/8.2.0/../../../../riscv-none-embed/lib/rv32imac/ilp32\libm.a(lib_a-e_rem_pio2.o) (__kernel_rem_pio2)
d:/软件工具/mounriver_studio_setup_v142/mounriver_studio/toolchain/risc-v embedded gcc/bin/../lib/gcc/riscv-none-embed/8.2.0/../../../../riscv-none-embed/lib/rv32imac/ilp32\libm.a(lib_a-k_sin.o)
                              d:/软件工具/mounriver_studio_setup_v142/mounriver_studio/toolchain/risc-v embedded gcc/bin/../lib/gcc/riscv-none-embed/8.2.0/../../../../riscv-none-embed/lib/rv32imac/ilp32\libm.a(lib_a-s_cos.o) (__kernel_sin)
d:/软件工具/mounriver_studio_setup_v142/mounriver_studio/toolchain/risc-v embedded gcc/bin/../lib/gcc/riscv-none-embed/8.2.0/../../../../riscv-none-embed/lib/rv32imac/ilp32\libm.a(lib_a-s_fabs.o)
                              d:/软件工具/mounriver_studio_setup_v142/mounriver_studio/toolchain/risc-v embedded gcc/bin/../lib/gcc/riscv-none-embed/8.2.0/../../../../riscv-none-embed/lib/rv32imac/ilp32\libm.a(lib_a-w_asin.o) (fabs)
[...]
Memory Configuration

Name             Origin             Length             Attributes
FLASH            0x0000000000000000 0x0000000000064000 xr
RAM              0x0000000020000000 0x0000000000008000 xrw
*default*        0x0000000000000000 0xffffffffffffffff

Linker script and memory map

LOAD ./Task/aes.o
LOAD ./Task/app_atcmd.o
LOAD ./Task/app_db.o
LOAD ./Task/app_gps.o
LOAD ./Task/app_instructioncmd.o
LOAD ./Task/app_jt808.o
LOAD ./Task/app_kernal.o
LOAD ./Task/app_mir3da.o
LOAD ./Task/app_net.o
LOAD ./Task/app_param.o
LOAD ./Task/app_port.o
LOAD ./Task/app_protocol.o
LOAD ./Task/app_server.o
LOAD ./Task/app_socket.o
LOAD ./Task/app_sys.o
LOAD ./Task/app_task.o
LOAD ./StdPeriphDriver/CH58x_adc.o
LOAD ./StdPeriphDriver/CH58x_clk.o
LOAD ./StdPeriphDriver/CH58x_flash.o
LOAD ./StdPeriphDriver/CH58x_gpio.o
LOAD ./StdPeriphDriver/CH58x_i2c.o
LOAD ./StdPeriphDriver/CH58x_pwm.o
LOAD ./StdPeriphDriver/CH58x_pwr.o
LOAD ./StdPeriphDriver/CH58x_spi0.o
LOAD ./StdPeriphDriver/CH58x_spi1.o
LOAD ./StdPeriphDriver/CH58x_sys.o
LOAD ./StdPeriphDriver/CH58x_timer0.o
LOAD ./StdPeriphDriver/CH58x_timer1.o
LOAD ./StdPeriphDriver/CH58x_timer2.o
LOAD ./StdPeriphDriver/CH58x_timer3.o
LOAD ./StdPeriphDriver/CH58x_uart0.o
LOAD ./StdPeriphDriver/CH58x_uart1.o
LOAD ./StdPeriphDriver/CH58x_uart2.o
LOAD ./StdPeriphDriver/CH58x_uart3.o
LOAD ./StdPeriphDriver/CH58x_usb2dev.o
LOAD ./StdPeriphDriver/CH58x_usb2hostBase.o
LOAD ./StdPeriphDriver/CH58x_usb2hostClass.o
LOAD ./StdPeriphDriver/CH58x_usbdev.o
LOAD ./StdPeriphDriver/CH58x_usbhostBase.o
LOAD ./StdPeriphDriver/CH58x_usbhostClass.o
LOAD ./Startup/startup_CH583.o
LOAD ./RVMSIS/core_riscv.o
LOAD ./HAL/KEY.o
LOAD ./HAL/LED.o
LOAD ./HAL/MCU.o
LOAD ./HAL/RTC.o
LOAD ./HAL/SLEEP.o
LOAD ./APP/app_broadcaster.o
LOAD ./APP/app_central.o
LOAD ./APP/app_main.o
LOAD ./APP/app_peripheral.o
LOAD ../StdPeriphDriver\libISP583.a
LOAD d:/软件工具/mounriver_studio_setup_v142/mounriver_studio/toolchain/risc-v embedded gcc/bin/../lib/gcc/riscv-none-embed/8.2.0/../../../../riscv-none-embed/lib/rv32imac/ilp32\libm.a
LOAD R:\ZTProject\ZT09_Air780E\ZT09_Air780E\zt09_air780e_app\LIB\libCH58xBLE.a
LOAD d:/软件工具/mounriver_studio_setup_v142/mounriver_studio/toolchain/risc-v embedded gcc/bin/../lib/gcc/riscv-none-embed/8.2.0/rv32imac/ilp32\libgcc.a
LOAD d:/软件工具/mounriver_studio_setup_v142/mounriver_studio/toolchain/risc-v embedded gcc/bin/../lib/gcc/riscv-none-embed/8.2.0/../../../../riscv-none-embed/lib/rv32imac/ilp32\libg_nano.a
LOAD d:/软件工具/mounriver_studio_setup_v142/mounriver_studio/toolchain/risc-v embedded gcc/bin/../lib/gcc/riscv-none-embed/8.2.0/../../../../riscv-none-embed/lib/rv32imac/ilp32\libc_nano.a
LOAD d:/软件工具/mounriver_studio_setup_v142/mounriver_studio/toolchain/risc-v embedded gcc/bin/../lib/gcc/riscv-none-embed/8.2.0/rv32imac/ilp32\libgcc.a
START GROUP
LOAD d:/软件工具/mounriver_studio_setup_v142/mounriver_studio/toolchain/risc-v embedded gcc/bin/../lib/gcc/riscv-none-embed/8.2.0/rv32imac/ilp32\libgcc.a
LOAD d:/软件工具/mounriver_studio_setup_v142/mounriver_studio/toolchain/risc-v embedded gcc/bin/../lib/gcc/riscv-none-embed/8.2.0/../../../../riscv-none-embed/lib/rv32imac/ilp32\libc_nano.a
LOAD d:/软件工具/mounriver_studio_setup_v142/mounriver_studio/toolchain/risc-v embedded gcc/bin/../lib/gcc/riscv-none-embed/8.2.0/../../../../riscv-none-embed/lib/rv32imac/ilp32\libnosys.a
END GROUP
START GROUP
LOAD d:/软件工具/mounriver_studio_setup_v142/mounriver_studio/toolchain/risc-v embedded gcc/bin/../lib/gcc/riscv-none-embed/8.2.0/rv32imac/ilp32\libgcc.a
LOAD d:/软件工具/mounriver_studio_setup_v142/mounriver_studio/toolchain/risc-v embedded gcc/bin/../lib/gcc/riscv-none-embed/8.2.0/../../../../riscv-none-embed/lib/rv32imac/ilp32\libc_nano.a
LOAD d:/软件工具/mounriver_studio_setup_v142/mounriver_studio/toolchain/risc-v embedded gcc/bin/../lib/gcc/riscv-none-embed/8.2.0/../../../../riscv-none-embed/lib/rv32imac/ilp32\libnosys.a
END GROUP

.init           0x0000000000000000        0x4
                0x0000000000000000                _sinit = .
                0x0000000000000000                . = ALIGN (0x4)
 *(SORT_NONE(.init))
 .init          0x0000000000000000        0x4 ./Startup/startup_CH583.o
                0x0000000000000000                _start
                0x0000000000000004                . = ALIGN (0x4)
                0x0000000000000004                _einit = .

.highcodelalign
                0x0000000000000004        0x0
                0x0000000000000004                . = ALIGN (0x4)
                0x0000000000000004                PROVIDE (_highcode_lma = .)

.highcode       0x0000000020000000     0x24f4 load address 0x0000000000000004
                0x0000000020000000                . = ALIGN (0x4)
                0x0000000020000000                PROVIDE (_highcode_vma_start = .)
 *(.vector)
 .vector        0x0000000020000000       0x90 ./Startup/startup_CH583.o
 *(SORT_NONE(.vector_handler))
 .vector_handler
                0x0000000020000090       0x36 ./Startup/startup_CH583.o
                0x0000000020000090                NMI_Handler
                0x0000000020000094                Ecall_M_Mode_Handler
                0x0000000020000096                Ecall_U_Mode_Handler
                0x0000000020000098                Break_Point_Handler
                0x000000002000009a                SysTick_Handler
                0x000000002000009c                SW_Handler
                0x000000002000009e                TMR0_IRQHandler
                0x00000000200000a4                SPI0_IRQHandler
                0x00000000200000a6                BB_IRQHandler
                0x00000000200000a8                LLE_IRQHandler
                0x00000000200000aa                USB_IRQHandler
                0x00000000200000ac                USB2_IRQHandler
                0x00000000200000ae                TMR1_IRQHandler
                0x00000000200000b0                TMR2_IRQHandler
                0x00000000200000b8                ADC_IRQHandler
                0x00000000200000ba                I2C_IRQHandler
                0x00000000200000bc                PWMX_IRQHandler
                0x00000000200000be                TMR3_IRQHandler
                0x00000000200000c4                WDOG_BAT_IRQHandler
 *(.highcode)
 .highcode      0x00000000200000c6      0x2d8 ./Task/app_port.o
                0x00000000200000c6                UART0_IRQHandler
                0x000000002000015e                UART1_IRQHandler
                0x00000000200001f6                UART2_IRQHandler
                0x000000002000028e                UART3_IRQHandler
                0x0000000020000326                GPIOA_IRQHandler
                0x000000002000037e                GPIOB_IRQHandler
 .highcode      0x000000002000039e      0x29e ./StdPeriphDriver/CH58x_pwr.o
                0x000000002000039e                LowPower_Idle
                0x00000000200003dc                LowPower_Halt
                0x0000000020000490                LowPower_Sleep
                0x000000002000055a                LowPower_Shutdown
 .highcode      0x000000002000063c      0x1c6 ./StdPeriphDriver/CH58x_sys.o
                0x000000002000063c                SetSysClock
                0x0000000020000792                HardFault_Handler
                0x00000000200007cc                mDelayuS
                0x00000000200007da                mDelaymS
 .highcode      0x0000000020000802       0x1a ./HAL/RTC.o
                0x0000000020000802                RTC_IRQHandler
 .highcode      0x000000002000081c        0x8 ./APP/app_main.o
                0x000000002000081c                Main_Circulation
 .highcode      0x0000000020000824      0x426 ../StdPeriphDriver\libISP583.a(ISP583.o)
                0x0000000020000824                FLASH_ROM_BEG
                0x0000000020000836                FLASH_ROM_END
                0x0000000020000844                FLASH_ROM_IN
                0x0000000020000852                FLASH_ROM_OUT
                0x0000000020000860                FLASH_ROM_ADDR
                0x00000000200008a8                FLASH_ROM_WAIT
                0x00000000200008e0                FLASH_EEPROM_CMD
 .highcode      0x0000000020000c4a      0x428 R:\ZTProject\ZT09_Air780E\ZT09_Air780E\zt09_air780e_app\LIB\libCH58xBLE.a(tmos.o)
                0x0000000020000c4a                tmos_memcpy
                0x0000000020000c6a                tmos_memcpy_word
                0x0000000020000c82                tmos_memset
                0x0000000020000c94                tmos_strlen
                0x0000000020000ca8                tmos_memdup
                0x0000000020000cda                tmos_memcmp
                0x0000000020000d08                tmos_revmemcpy
                0x0000000020000d24                tmos_isbufset
                0x0000000020000d46                tmos_proces_system_time
                0x0000000020000e80                TMOS_SystemProcess
 .highcode      0x0000000020001072       0x4c R:\ZTProject\ZT09_Air780E\ZT09_Air780E\zt09_air780e_app\LIB\libCH58xBLE.a(tmos_hw.o)
                0x00000000200010bc                TMOS_TimerIRQHandler
 .highcode      0x00000000200010be      0x2ca R:\ZTProject\ZT09_Air780E\ZT09_Air780E\zt09_air780e_app\LIB\libCH58xBLE.a(ll_connect.o)
                0x00000000200010be                ll_connect_send_data
                0x00000000200011e6                ll_connect_recv_data
                0x00000000200012c2                ll_connect_event_continue
 .highcode      0x0000000020001388      0x310 R:\ZTProject\ZT09_Air780E\ZT09_Air780E\zt09_air780e_app\LIB\libCH58xBLE.a(ll_hop.o)
                0x0000000020001388                LL_HopGetChannel
                0x000000002000142e                LL_HopGetChannel2
 .highcode      0x0000000020001698       0xa4 R:\ZTProject\ZT09_Air780E\ZT09_Air780E\zt09_air780e_app\LIB\libCH58xBLE.a(ll_scan.o)
                0x0000000020001698                ll_scan_duplicate_filter
 .highcode      0x000000002000173c       0x50 R:\ZTProject\ZT09_Air780E\ZT09_Air780E\zt09_air780e_app\LIB\libCH58xBLE.a(ll_whitelist.o)
                0x000000002000173c                LL_WhitelistLookup
 .highcode      0x000000002000178c      0x1d8 R:\ZTProject\ZT09_Air780E\ZT09_Air780E\zt09_air780e_app\LIB\libCH58xBLE.a(aes.o)
                0x000000002000178c                AES_DevAESEnc
 .highcode      0x0000000020001964      0x14a R:\ZTProject\ZT09_Air780E\ZT09_Air780E\zt09_air780e_app\LIB\libCH58xBLE.a(bb.o)
                0x0000000020001964                BB_IRQLibHandler
                0x0000000020001a64                BB_IRQLibFunction
 .highcode      0x0000000020001aae      0x3b8 R:\ZTProject\ZT09_Air780E\ZT09_Air780E\zt09_air780e_app\LIB\libCH58xBLE.a(ip.o)
                0x0000000020001aae                ll_rx_wait_finish
                0x0000000020001ae8                ble_ll_chkcrc
                0x0000000020001b86                ll_tx_wait_finish
                0x0000000020001c9a                BLE_CheckHoppingMap
 .highcode      0x0000000020001e66      0x234 R:\ZTProject\ZT09_Air780E\ZT09_Air780E\zt09_air780e_app\LIB\libCH58xBLE.a(lle.o)
                0x0000000020001e66                LLE_IRQLibHandler
                0x0000000020002050                LLE_IRQLibFunction
 .highcode      0x000000002000209a      0x1b6 R:\ZTProject\ZT09_Air780E\ZT09_Air780E\zt09_air780e_app\LIB\libCH58xBLE.a(rf_fh.o)
                0x000000002000209a                RF_HopGetChannel
                0x0000000020002108                RF_FrequencyHoppingGet
                0x00000000200021ba                RF_FrequencyHoppingChange
 .highcode      0x0000000020002250       0x2c R:\ZTProject\ZT09_Air780E\ZT09_Air780E\zt09_air780e_app\LIB\libCH58xBLE.a(rfend.o)
                0x0000000020002250                RFEND_WaitTune
 .highcode      0x000000002000227c      0x19e R:\ZTProject\ZT09_Air780E\ZT09_Air780E\zt09_air780e_app\LIB\libCH58xBLE.a(memory.o)
                0x000000002000227c                tmos_memory_allocate
                0x0000000020002342                tmos_memory_free
 .highcode      0x000000002000241a       0xd8 R:\ZTProject\ZT09_Air780E\ZT09_Air780E\zt09_air780e_app\LIB\libCH58xBLE.a(ll_resolvinglist.o)
                0x000000002000241a                LL_ResolvinglistPeerIdentifyAddressGetIrk
                0x000000002000246e                LL_ResolvinglistPeerRpaAddressGetIrk
                0x00000000200024b0                LL_ResolvinglistLocalRpaAddressGetIrk
 *(.highcode.*)
                0x00000000200024f4                . = ALIGN (0x4)
 *fill*         0x00000000200024f2        0x2 
                0x00000000200024f4                PROVIDE (_highcode_vma_end = .)

.text           0x00000000000024f8    0x3e518
                0x00000000000024f8                . = ALIGN (0x4)
 *(SORT_NONE(.handle_reset))
 .handle_reset  0x00000000000024f8       0xb2 ./Startup/startup_CH583.o
                0x00000000000024f8                handle_reset
 *(.text)
 .text          0x00000000000025aa       0xa8 d:/软件工具/mounriver_studio_setup_v142/mounriver_studio/toolchain/risc-v embedded gcc/bin/../lib/gcc/riscv-none-embed/8.2.0/../../../../riscv-none-embed/lib/rv32imac/ilp32\libg_nano.a(lib_a-memset.o)
                0x00000000000025aa                memset
 .text          0x0000000000002652      0x11e d:/软件工具/mounriver_studio_setup_v142/mounriver_studio/toolchain/risc-v embedded gcc/bin/../lib/gcc/riscv-none-embed/8.2.0/../../../../riscv-none-embed/lib/rv32imac/ilp32\libg_nano.a(lib_a-strcmp.o)
                0x0000000000002652                strcmp
 *(.text.*)
 .text.convertToIntArray
                0x0000000000002770       0x2a ./Task/aes.o
 .text.splitIntToArray
                0x000000000000279a       0x22 ./Task/aes.o
 .text.leftLoop4int
                0x00000000000027bc       0x34 ./Task/aes.o
 .text.extendKey
                0x00000000000027f0       0xf0 ./Task/aes.o
 .text.addRoundKey
                0x00000000000028e0       0x5e ./Task/aes.o
 .text.shiftRows
                0x000000000000293e       0x70 ./Task/aes.o
 .text.GFMul2   0x00000000000029ae       0x12 ./Task/aes.o
 .text.GFMul4   0x00000000000029c0        0xc ./Task/aes.o
 .text.convertArrayToStr
                0x00000000000029cc       0x2c ./Task/aes.o
 .text.deSubBytes
                0x00000000000029f8       0x38 ./Task/aes.o
 .text.rightLoop4int
                0x0000000000002a30       0x44 ./Task/aes.o
 .text.deShiftRows
                0x0000000000002a74       0x70 ./Task/aes.o
 .text.subBytes
                0x0000000000002ae4       0x38 ./Task/aes.o
 .text.GFMul    0x0000000000002b1c       0x84 ./Task/aes.o
 .text.deMixColumns
                0x0000000000002ba0       0xba ./Task/aes.o
 .text.aes      0x0000000000002c5a      0x146 ./Task/aes.o
                0x0000000000002c5a                aes
 .text.deAes    0x0000000000002da0      0x11c ./Task/aes.o
                0x0000000000002da0                deAes
 .text.encryptData
                0x0000000000002ebc       0xb0 ./Task/aes.o
                0x0000000000002ebc                encryptData
 .text.dencryptData
                0x0000000000002f6c       0x94 ./Task/aes.o
                0x0000000000002f6c                dencryptData
 .text.atCmdIMEIParser
                0x0000000000003000       0x2c ./Task/app_atcmd.o
                0x0000000000003000                atCmdIMEIParser
 .text.atCmdParserFunction
                0x000000000000302c      0x5f8 ./Task/app_atcmd.o
                0x000000000000302c                atCmdParserFunction
 .text.dbInfoWrite
                0x0000000000003624       0x34 ./Task/app_db.o
 .text.dbSectionWrite
                0x0000000000003658      0x14a ./Task/app_db.o
 .text.dbInfoClear
                0x00000000000037a2       0x36 ./Task/app_db.o
                0x00000000000037a2                dbInfoClear
 .text.dbInfoRead
                0x00000000000037d8       0x42 ./Task/app_db.o
                0x00000000000037d8                dbInfoRead
 .text.dbUpload
                0x000000000000381a      0x120 ./Task/app_db.o
                0x000000000000381a                dbUpload
 .text.dbCircularWrite
                0x000000000000393a       0xb4 ./Task/app_db.o
                0x000000000000393a                dbCircularWrite
 .text.dbSaveRelease
                0x00000000000039ee       0x50 ./Task/app_db.o
                0x00000000000039ee                dbSaveRelease
 .text.dbSave   0x0000000000003a3e       0x60 ./Task/app_db.o
                0x0000000000003a3e                dbSave
 .text.dbCircularRead
                0x0000000000003a9e      0x10a ./Task/app_db.o
                0x0000000000003a9e                dbCircularRead
 .text.initLastPoint
                0x0000000000003ba8       0x38 ./Task/app_gps.o
 .text.charstrToHexValue
                0x0000000000003be0       0xda ./Task/app_gps.o
                0x0000000000003be0                charstrToHexValue
 .text.parse_GSA
                0x0000000000003cba       0x3a ./Task/app_gps.o
                0x0000000000003cba                parse_GSA
 .text.parse_GSV
                0x0000000000003cf4      0x1fa ./Task/app_gps.o
                0x0000000000003cf4                parse_GSV
 .text.parse_GGA
                0x0000000000003eee       0x4c ./Task/app_gps.o
                0x0000000000003eee                parse_GGA
 .text.latitude_to_double
                0x0000000000003f3a       0xbc ./Task/app_gps.o
                0x0000000000003f3a                latitude_to_double
 .text.longitude_to_double
                0x0000000000003ff6       0xbc ./Task/app_gps.o
                0x0000000000003ff6                longitude_to_double
 .text.changeUTCTimeToLocalTime
                0x00000000000040b2      0x17e ./Task/app_gps.o
                0x00000000000040b2                changeUTCTimeToLocalTime
 .text.updateLocalRTCTime
                0x0000000000004230       0x86 ./Task/app_gps.o
                0x0000000000004230                updateLocalRTCTime
 .text.showgpsinfo
                0x00000000000042b6      0x1b6 ./Task/app_gps.o
                0x00000000000042b6                showgpsinfo
 .text.parse_RMC
                0x000000000000446c      0x242 ./Task/app_gps.o
                0x000000000000446c                parse_RMC
 .text.parseGPS
                0x00000000000046ae      0x164 ./Task/app_gps.o
                0x00000000000046ae                parseGPS
 .text.nmeaParser
                0x0000000000004812       0x80 ./Task/app_gps.o
                0x0000000000004812                nmeaParser
 .text.gpsClearCurrentGPSInfo
                0x0000000000004892       0x2e ./Task/app_gps.o
                0x0000000000004892                gpsClearCurrentGPSInfo
 .text.getCurrentGPSInfo
                0x00000000000048c0       0x16 ./Task/app_gps.o
                0x00000000000048c0                getCurrentGPSInfo
 .text.getLastFixedGPSInfo
                0x00000000000048d6        0x6 ./Task/app_gps.o
                0x00000000000048d6                getLastFixedGPSInfo
 .text.gpsUploadPointToServer
                0x00000000000048dc      0x422 ./Task/app_gps.o
                0x00000000000048dc                gpsUploadPointToServer
 .text.serverChangeCallBack
                0x0000000000004cfe       0x38 ./Task/app_instructioncmd.o
 .text.sendMsgWithMode
                0x0000000000004d36       0x7c ./Task/app_instructioncmd.o
 .text.dorequestSend123
                0x0000000000004db2       0xe0 ./Task/app_instructioncmd.o
                0x0000000000004db2                dorequestSend123
 .text.do123Instruction
                0x0000000000004e92       0x80 ./Task/app_instructioncmd.o
                0x0000000000004e92                do123Instruction
 .text.doAPNInstruction
                0x0000000000004f12       0xf4 ./Task/app_instructioncmd.o
                0x0000000000004f12                doAPNInstruction
 .text.doUPSInstruction
                0x0000000000005006       0xe8 ./Task/app_instructioncmd.o
                0x0000000000005006                doUPSInstruction
 .text.doLOWWInstruction
                0x00000000000050ee       0xaa ./Task/app_instructioncmd.o
                0x00000000000050ee                doLOWWInstruction
 .text.doLEDInstruction
                0x0000000000005198       0x7a ./Task/app_instructioncmd.o
                0x0000000000005198                doLEDInstruction
 .text.doPOITYPEInstruction
                0x0000000000005212       0xde ./Task/app_instructioncmd.o
                0x0000000000005212                doPOITYPEInstruction
 .text.doResetInstruction
                0x00000000000052f0       0x28 ./Task/app_instructioncmd.o
                0x00000000000052f0                doResetInstruction
 .text.doUTCInstruction
                0x0000000000005318       0xc4 ./Task/app_instructioncmd.o
                0x0000000000005318                doUTCInstruction
 .text.doDebugInstrucion
                0x00000000000053dc       0xcc ./Task/app_instructioncmd.o
                0x00000000000053dc                doDebugInstrucion
 .text.doACCCTLGNSSInstrucion
                0x00000000000054a8       0x94 ./Task/app_instructioncmd.o
                0x00000000000054a8                doACCCTLGNSSInstrucion
 .text.doAccdetmodeInstruction
                0x000000000000553c       0xac ./Task/app_instructioncmd.o
                0x000000000000553c                doAccdetmodeInstruction
 .text.doFenceInstrucion
                0x00000000000055e8       0x5c ./Task/app_instructioncmd.o
                0x00000000000055e8                doFenceInstrucion
 .text.doIccidInstrucion
                0x0000000000005644       0x2a ./Task/app_instructioncmd.o
                0x0000000000005644                doIccidInstrucion
 .text.doFactoryInstrucion
                0x000000000000566e       0x44 ./Task/app_instructioncmd.o
                0x000000000000566e                doFactoryInstrucion
 .text.doSetAgpsInstruction
                0x00000000000056b2       0xd2 ./Task/app_instructioncmd.o
                0x00000000000056b2                doSetAgpsInstruction
 .text.doTimerInstrucion
                0x0000000000005784       0xa4 ./Task/app_instructioncmd.o
                0x0000000000005784                doTimerInstrucion
 .text.doSOSInstruction
                0x0000000000005828      0x206 ./Task/app_instructioncmd.o
                0x0000000000005828                doSOSInstruction
 .text.doCenterInstruction
                0x0000000000005a2e      0x19a ./Task/app_instructioncmd.o
                0x0000000000005a2e                doCenterInstruction
 .text.doSosAlmInstruction
                0x0000000000005bc8      0x104 ./Task/app_instructioncmd.o
                0x0000000000005bc8                doSosAlmInstruction
 .text.instructionParser
                0x0000000000005ccc      0xd70 ./Task/app_instructioncmd.o
                0x0000000000005ccc                instructionParser
 .text.jt808GetSerial
                0x0000000000006a3c       0x12 ./Task/app_jt808.o
 .text.jt808PackMessageTail
                0x0000000000006a4e       0x54 ./Task/app_jt808.o
 .text.byteToBcd
                0x0000000000006aa2       0x1c ./Task/app_jt808.o
 .text.jt808gpsRestoreChange
                0x0000000000006abe       0xee ./Task/app_jt808.o
 .text.jt808Escape
                0x0000000000006bac       0xea ./Task/app_jt808.o
 .text.jt808UpdateStatus.part.5
                0x0000000000006c96       0x10 ./Task/app_jt808.o
 .text.jt808PackGpsinfo
                0x0000000000006ca6      0x1f2 ./Task/app_jt808.o
 .text.jt808PositionInfo.constprop.15
                0x0000000000006e98      0x1fe ./Task/app_jt808.o
 .text.jt808PackMessageHead.constprop.19
                0x0000000000007096       0x4a ./Task/app_jt808.o
 .text.jt808TerminalPosition.constprop.14
                0x00000000000070e0       0xae ./Task/app_jt808.o
 .text.jt808CreateSn
                0x000000000000718e       0x56 ./Task/app_jt808.o
                0x000000000000718e                jt808CreateSn
 .text.jt808UpdateStatus
                0x00000000000071e4       0x16 ./Task/app_jt808.o
                0x00000000000071e4                jt808UpdateStatus
 .text.jt808UpdateAlarm
                0x00000000000071fa       0x18 ./Task/app_jt808.o
                0x00000000000071fa                jt808UpdateAlarm
 .text.jt808RegisterTcpSend
                0x0000000000007212        0x6 ./Task/app_jt808.o
                0x0000000000007212                jt808RegisterTcpSend
 .text.jt808RegisterLoginInfo
                0x0000000000007218       0x64 ./Task/app_jt808.o
                0x0000000000007218                jt808RegisterLoginInfo
 .text.jt808RegisterManufactureId
                0x000000000000727c       0x16 ./Task/app_jt808.o
                0x000000000000727c                jt808RegisterManufactureId
 .text.jt808RegisterTerminalType
                0x0000000000007292       0x16 ./Task/app_jt808.o
                0x0000000000007292                jt808RegisterTerminalType
 .text.jt808RegisterTerminalId
                0x00000000000072a8       0x16 ./Task/app_jt808.o
                0x00000000000072a8                jt808RegisterTerminalId
 .text.jt808TcpSend
                0x00000000000072be       0x22 ./Task/app_jt808.o
                0x00000000000072be                jt808TcpSend
 .text.jt808BatchUpload.constprop.9
                0x00000000000072e0      0x10c ./Task/app_jt808.o
 .text.jt808TranmissionData.constprop.10
                0x00000000000073ec       0xca ./Task/app_jt808.o
 .text.jt808gpsRestoreDataSend
                0x00000000000074b6       0x24 ./Task/app_jt808.o
                0x00000000000074b6                jt808gpsRestoreDataSend
 .text.jt808SendToServer
                0x00000000000074da      0x4ae ./Task/app_jt808.o
                0x00000000000074da                jt808SendToServer
 .text.jt808ReceiveParser
                0x0000000000007988      0x39c ./Task/app_jt808.o
                0x0000000000007988                jt808ReceiveParser
 .text.systemTickInc
                0x0000000000007d24        0xc ./Task/app_kernal.o
                0x0000000000007d24                systemTickInc
 .text.startTimer
                0x0000000000007d30      0x106 ./Task/app_kernal.o
                0x0000000000007d30                startTimer
 .text.stopTimer
                0x0000000000007e36       0x76 ./Task/app_kernal.o
                0x0000000000007e36                stopTimer
 .text.kernalRun
                0x0000000000007eac       0xbe ./Task/app_kernal.o
                0x0000000000007eac                kernalRun
 .text.systemTaskSuspend
                0x0000000000007f6a       0x2c ./Task/app_kernal.o
                0x0000000000007f6a                systemTaskSuspend
 .text.systemTaskResume
                0x0000000000007f96       0x2e ./Task/app_kernal.o
                0x0000000000007f96                systemTaskResume
 .text.createSystemTask
                0x0000000000007fc4        0xc ./Task/app_kernal.o
                0x0000000000007fc4                createSystemTask
 .text.mir3da_register_read
                0x0000000000007fd0       0x24 ./Task/app_mir3da.o
                0x0000000000007fd0                mir3da_register_read
 .text.mir3da_register_write
                0x0000000000007ff4       0x22 ./Task/app_mir3da.o
                0x0000000000007ff4                mir3da_register_write
 .text.mir3da_init
                0x0000000000008016      0x10c ./Task/app_mir3da.o
                0x0000000000008016                mir3da_init
 .text.mir3da_set_enable
                0x0000000000008122       0x10 ./Task/app_mir3da.o
                0x0000000000008122                mir3da_set_enable
 .text.mir3da_open_interrupt
                0x0000000000008132       0x34 ./Task/app_mir3da.o
                0x0000000000008132                mir3da_open_interrupt
 .text.read_gsensor_id
                0x0000000000008166       0x80 ./Task/app_mir3da.o
                0x0000000000008166                read_gsensor_id
 .text.modulePressPowerKey
                0x00000000000081e6       0x20 ./Task/app_net.o
 .text.modulePressReleaseKey
                0x0000000000008206       0x32 ./Task/app_net.o
 .text.moduleInit
                0x0000000000008238       0x12 ./Task/app_net.o
 .text.modulePowerOn
                0x000000000000824a       0x74 ./Task/app_net.o
                0x000000000000824a                modulePowerOn
 .text.changeProcess
                0x00000000000082be       0x18 ./Task/app_net.o
 .text.createNode
                0x00000000000082d6       0xc0 ./Task/app_net.o
                0x00000000000082d6                createNode
 .text.outputNode
                0x0000000000008396      0x10a ./Task/app_net.o
                0x0000000000008396                outputNode
 .text.sendModuleCmd
                0x00000000000084a0       0xea ./Task/app_net.o
                0x00000000000084a0                sendModuleCmd
 .text.moduleExitFly
                0x000000000000858a        0xe ./Task/app_net.o
 .text.qirdCmdSend
                0x0000000000008598       0x32 ./Task/app_net.o
 .text.sendModuleDirect
                0x00000000000085ca       0x20 ./Task/app_net.o
                0x00000000000085ca                sendModuleDirect
 .text.modulePowerOff
                0x00000000000085ea       0x50 ./Task/app_net.o
                0x00000000000085ea                modulePowerOff
 .text.moduleReset
                0x000000000000863a       0x3e ./Task/app_net.o
                0x000000000000863a                moduleReset
 .text.openSocket
                0x0000000000008678       0x30 ./Task/app_net.o
                0x0000000000008678                openSocket
 .text.closeSocket
                0x00000000000086a8       0x2c ./Task/app_net.o
                0x00000000000086a8                closeSocket
 .text.netConnectTask
                0x00000000000086d4      0x40c ./Task/app_net.o
                0x00000000000086d4                netConnectTask
 .text.cgattParser
                0x0000000000008ae0       0x52 ./Task/app_net.o
                0x0000000000008ae0                cgattParser
 .text.cbcParser
                0x0000000000008b32       0x94 ./Task/app_net.o
                0x0000000000008b32                cbcParser
 .text.cipstartRspParser
                0x0000000000008bc6      0x180 ./Task/app_net.o
                0x0000000000008bc6                cipstartRspParser
 .text.cipstartParser
                0x0000000000008d46       0x42 ./Task/app_net.o
                0x0000000000008d46                cipstartParser
 .text.ciprxgetParser
                0x0000000000008d88      0x262 ./Task/app_net.o
                0x0000000000008d88                ciprxgetParser
 .text.cipackParser
                0x0000000000008fea       0xa0 ./Task/app_net.o
                0x0000000000008fea                cipackParser
 .text.cipsendParser
                0x000000000000908a       0x38 ./Task/app_net.o
                0x000000000000908a                cipsendParser
 .text.cipstatusParser
                0x00000000000090c2      0x114 ./Task/app_net.o
                0x00000000000090c2                cipstatusParser
 .text.moduleRecvParser
                0x00000000000091d6      0x8e0 ./Task/app_net.o
                0x00000000000091d6                moduleRecvParser
 .text.netResetCsqSearch
                0x0000000000009ab6        0xa ./Task/app_net.o
                0x0000000000009ab6                netResetCsqSearch
 .text.socketSendData
                0x0000000000009ac0       0x66 ./Task/app_net.o
                0x0000000000009ac0                socketSendData
 .text.moduleSleepCtl
                0x0000000000009b26       0x30 ./Task/app_net.o
                0x0000000000009b26                moduleSleepCtl
 .text.moduleGetCsq
                0x0000000000009b56        0x8 ./Task/app_net.o
                0x0000000000009b56                moduleGetCsq
 .text.moduleGetLbs
                0x0000000000009b5e       0x24 ./Task/app_net.o
                0x0000000000009b5e                moduleGetLbs
 .text.moduleGetWifiScan
                0x0000000000009b82       0x20 ./Task/app_net.o
                0x0000000000009b82                moduleGetWifiScan
 .text.sendMessage
                0x0000000000009ba2       0x54 ./Task/app_net.o
                0x0000000000009ba2                sendMessage
 .text.deleteMessage
                0x0000000000009bf6        0xe ./Task/app_net.o
                0x0000000000009bf6                deleteMessage
 .text.querySendData
                0x0000000000009c04       0x24 ./Task/app_net.o
                0x0000000000009c04                querySendData
 .text.queryBatVoltage
                0x0000000000009c28        0x2 ./Task/app_net.o
                0x0000000000009c28                queryBatVoltage
 .text.getModuleRssi
                0x0000000000009c2a        0xa ./Task/app_net.o
                0x0000000000009c2a                getModuleRssi
 .text.getModuleIMSI
                0x0000000000009c34        0xa ./Task/app_net.o
                0x0000000000009c34                getModuleIMSI
 .text.getModuleIMEI
                0x0000000000009c3e        0xa ./Task/app_net.o
                0x0000000000009c3e                getModuleIMEI
 .text.getModuleICCID
                0x0000000000009c48        0xa ./Task/app_net.o
                0x0000000000009c48                getModuleICCID
 .text.getMCC   0x0000000000009c52        0xa ./Task/app_net.o
                0x0000000000009c52                getMCC
 .text.getMNC   0x0000000000009c5c        0xa ./Task/app_net.o
                0x0000000000009c5c                getMNC
 .text.getLac   0x0000000000009c66        0xa ./Task/app_net.o
                0x0000000000009c66                getLac
 .text.getCid   0x0000000000009c70        0xc ./Task/app_net.o
                0x0000000000009c70                getCid
 .text.getTcpNack
                0x0000000000009c7c        0xc ./Task/app_net.o
                0x0000000000009c7c                getTcpNack
 .text.isModuleRunNormal
                0x0000000000009c88       0x10 ./Task/app_net.o
                0x0000000000009c88                isModuleRunNormal
 .text.stopCall
                0x0000000000009c98        0xc ./Task/app_net.o
                0x0000000000009c98                stopCall
 .text.callPhone
                0x0000000000009ca4       0x36 ./Task/app_net.o
                0x0000000000009ca4                callPhone
 .text.bootParamSaveAll
                0x0000000000009cda       0x40 ./Task/app_param.o
                0x0000000000009cda                bootParamSaveAll
 .text.bootParamGetAll
                0x0000000000009d1a       0x18 ./Task/app_param.o
                0x0000000000009d1a                bootParamGetAll
 .text.paramSaveAll
                0x0000000000009d32       0x36 ./Task/app_param.o
                0x0000000000009d32                paramSaveAll
 .text.paramGetAll
                0x0000000000009d68       0x1a ./Task/app_param.o
                0x0000000000009d68                paramGetAll
 .text.paramDefaultInit
                0x0000000000009d82      0x1f8 ./Task/app_param.o
                0x0000000000009d82                paramDefaultInit
 .text.paramInit
                0x0000000000009f7a       0x4e ./Task/app_param.o
                0x0000000000009f7a                paramInit
 .text.postUartRxData
                0x0000000000009fc8       0x86 ./Task/app_port.o
 .text.portUpdateAlarmTime
                0x000000000000a04e       0x28 ./Task/app_port.o
 .text.pushUartRxData
                0x000000000000a076      0x11e ./Task/app_port.o
 .text.iicStart
                0x000000000000a194       0x44 ./Task/app_port.o
 .text.iicStop  0x000000000000a1d8       0x66 ./Task/app_port.o
 .text.portGsensorPwrCtl.part.0
                0x000000000000a23e       0x24 ./Task/app_port.o
 .text.pollUartData
                0x000000000000a262       0x38 ./Task/app_port.o
                0x000000000000a262                pollUartData
 .text.portUartCfg
                0x000000000000a29a      0x3b8 ./Task/app_port.o
                0x000000000000a29a                portUartCfg
 .text.portUartSend
                0x000000000000a652       0x1c ./Task/app_port.o
                0x000000000000a652                portUartSend
 .text.portModuleGpioCfg
                0x000000000000a66e       0x78 ./Task/app_port.o
                0x000000000000a66e                portModuleGpioCfg
 .text.portLedGpioCfg
                0x000000000000a6e6       0x24 ./Task/app_port.o
                0x000000000000a6e6                portLedGpioCfg
 .text.portGpsGpioCfg
                0x000000000000a70a       0x2c ./Task/app_port.o
                0x000000000000a70a                portGpsGpioCfg
 .text.portGpioSetDefCfg
                0x000000000000a736       0x18 ./Task/app_port.o
                0x000000000000a736                portGpioSetDefCfg
 .text.portSysReset
                0x000000000000a74e       0x1e ./Task/app_port.o
                0x000000000000a74e                portSysReset
 .text.portGsensorPwrCtl
                0x000000000000a76c       0x2a ./Task/app_port.o
                0x000000000000a76c                portGsensorPwrCtl
 .text.portIICCfg
                0x000000000000a796       0x18 ./Task/app_port.o
                0x000000000000a796                portIICCfg
 .text.portRollCfg
                0x000000000000a7ae       0x26 ./Task/app_port.o
                0x000000000000a7ae                portRollCfg
 .text.sdaReadInput
                0x000000000000a7d4       0x1e ./Task/app_port.o
                0x000000000000a7d4                sdaReadInput
 .text.iicSendOneByte
                0x000000000000a7f2       0xec ./Task/app_port.o
 .text.iicReadOneByte
                0x000000000000a8de      0x10c ./Task/app_port.o
 .text.iicReadData
                0x000000000000a9ea       0x78 ./Task/app_port.o
                0x000000000000a9ea                iicReadData
 .text.iicWriteData
                0x000000000000aa62       0x3a ./Task/app_port.o
                0x000000000000aa62                iicWriteData
 .text.portGsensorCtl
                0x000000000000aa9c       0xa6 ./Task/app_port.o
                0x000000000000aa9c                portGsensorCtl
 .text.portGetRtcDateTime
                0x000000000000ab42       0x74 ./Task/app_port.o
                0x000000000000ab42                portGetRtcDateTime
 .text.portUpdateRtcDateTime
                0x000000000000abb6       0xfa ./Task/app_port.o
                0x000000000000abb6                portUpdateRtcDateTime
 .text.portSetNextAlarmTime
                0x000000000000acb0      0x102 ./Task/app_port.o
                0x000000000000acb0                portSetNextAlarmTime
 .text.portAdcCfg
                0x000000000000adb2        0xc ./Task/app_port.o
                0x000000000000adb2                portAdcCfg
 .text.portGetAdcVol
                0x000000000000adbe       0xae ./Task/app_port.o
                0x000000000000adbe                portGetAdcVol
 .text.portSleepEn
                0x000000000000ae6c        0x6 ./Task/app_port.o
                0x000000000000ae6c                portSleepEn
 .text.portSleepDn
                0x000000000000ae72        0x6 ./Task/app_port.o
                0x000000000000ae72                portSleepDn
 .text.portWdtCfg
                0x000000000000ae78        0xe ./Task/app_port.o
                0x000000000000ae78                portWdtCfg
 .text.portWdtFeed
                0x000000000000ae86        0xa ./Task/app_port.o
                0x000000000000ae86                portWdtFeed
 .text.portFsclkChange
                0x000000000000ae90       0x42 ./Task/app_port.o
                0x000000000000ae90                portFsclkChange
 .text.createProtocolTail_79
                0x000000000000aed2       0x68 ./Task/app_protocol.o
 .text.sendTcpDataDebugShow
                0x000000000000af3a       0x7c ./Task/app_protocol.o
 .text.createProtocolTail
                0x000000000000afb6       0x64 ./Task/app_protocol.o
 .text.createProtocol01
                0x000000000000b01a       0xd6 ./Task/app_protocol.o
                0x000000000000b01a                createProtocol01
 .text.createProtocol12
                0x000000000000b0f0      0x37a ./Task/app_protocol.o
                0x000000000000b0f0                createProtocol12
 .text.getBatteryLevel
                0x000000000000b46a       0x9c ./Task/app_protocol.o
                0x000000000000b46a                getBatteryLevel
 .text.createProtocol13
                0x000000000000b506      0x114 ./Task/app_protocol.o
                0x000000000000b506                createProtocol13
 .text.createProtocol21
                0x000000000000b61a       0x6e ./Task/app_protocol.o
                0x000000000000b61a                createProtocol21
 .text.createProtocol16
                0x000000000000b688      0x2a0 ./Task/app_protocol.o
                0x000000000000b688                createProtocol16
 .text.createProtocol19
                0x000000000000b928       0xfc ./Task/app_protocol.o
                0x000000000000b928                createProtocol19
 .text.createProtocol8A
                0x000000000000ba24       0x36 ./Task/app_protocol.o
                0x000000000000ba24                createProtocol8A
 .text.createProtocolSerial
                0x000000000000ba5a       0x16 ./Task/app_protocol.o
                0x000000000000ba5a                createProtocolSerial
 .text.gpsRestoreDataSend
                0x000000000000ba70      0x10a ./Task/app_protocol.o
                0x000000000000ba70                gpsRestoreDataSend
 .text.createProtocol61
                0x000000000000bb7a       0xb2 ./Task/app_protocol.o
                0x000000000000bb7a                createProtocol61
 .text.createProtocol62
                0x000000000000bc2c       0x8e ./Task/app_protocol.o
                0x000000000000bc2c                createProtocol62
 .text.createProtocolF3
                0x000000000000bcba      0x10c ./Task/app_protocol.o
                0x000000000000bcba                createProtocolF3
 .text.createProtocolF1
                0x000000000000bdc6       0x70 ./Task/app_protocol.o
                0x000000000000bdc6                createProtocolF1
 .text.gpsRestoreSave
                0x000000000000be36       0x50 ./Task/app_protocol.o
                0x000000000000be36                gpsRestoreSave
 .text.gpsRestoreUpload
                0x000000000000be86       0xd8 ./Task/app_protocol.o
                0x000000000000be86                gpsRestoreUpload
 .text.protocolSend
                0x000000000000bf5e      0x212 ./Task/app_protocol.o
                0x000000000000bf5e                protocolSend
 .text.save123InstructionId
                0x000000000000c170        0xc ./Task/app_protocol.o
                0x000000000000c170                save123InstructionId
 .text.reCover123InstructionId
                0x000000000000c17c        0xc ./Task/app_protocol.o
                0x000000000000c17c                reCover123InstructionId
 .text.getInsid
                0x000000000000c188        0xc ./Task/app_protocol.o
                0x000000000000c188                getInsid
 .text.protocolRxParser
                0x000000000000c194      0x164 ./Task/app_protocol.o
                0x000000000000c194                protocolRxParser
 .text.protocolSnRegister
                0x000000000000c2f8       0x2e ./Task/app_protocol.o
                0x000000000000c2f8                protocolSnRegister
 .text.protocolInfoResiter
                0x000000000000c326       0x18 ./Task/app_protocol.o
                0x000000000000c326                protocolInfoResiter
 .text.hbtRspTimeOut
                0x000000000000c33e       0x38 ./Task/app_server.o
 .text.moduleRspTimeout
                0x000000000000c376        0xe ./Task/app_server.o
 .text.privateServerSocketRecv
                0x000000000000c384       0xf4 ./Task/app_server.o
 .text.bleServerSocketRecv
                0x000000000000c478        0xa ./Task/app_server.o
 .text.hiddenServerSocketRecv
                0x000000000000c482        0xa ./Task/app_server.o
 .text.jt808ServerSocketRecv
                0x000000000000c48c        0x4 ./Task/app_server.o
 .text.jt808ServerSocketSend
                0x000000000000c490       0x10 ./Task/app_server.o
 .text.agpsSocketRecv
                0x000000000000c4a0       0x34 ./Task/app_server.o
 .text.moduleRspSuccess
                0x000000000000c4d4       0x30 ./Task/app_server.o
                0x000000000000c4d4                moduleRspSuccess
 .text.hbtRspSuccess
                0x000000000000c504       0x30 ./Task/app_server.o
                0x000000000000c504                hbtRspSuccess
 .text.privateServerReconnect
                0x000000000000c534       0x22 ./Task/app_server.o
                0x000000000000c534                privateServerReconnect
 .text.privateServerLoginSuccess
                0x000000000000c556       0x30 ./Task/app_server.o
                0x000000000000c556                privateServerLoginSuccess
 .text.privateServerConnTask
                0x000000000000c586      0x2d2 ./Task/app_server.o
                0x000000000000c586                privateServerConnTask
 .text.hiddenServerLoginSuccess
                0x000000000000c858       0x16 ./Task/app_server.o
                0x000000000000c858                hiddenServerLoginSuccess
 .text.hiddenServerCloseRequest
                0x000000000000c86e       0x22 ./Task/app_server.o
                0x000000000000c86e                hiddenServerCloseRequest
 .text.hiddenServerCloseClear
                0x000000000000c890       0x22 ./Task/app_server.o
                0x000000000000c890                hiddenServerCloseClear
 .text.jt808ServerReconnect
                0x000000000000c8b2       0x22 ./Task/app_server.o
                0x000000000000c8b2                jt808ServerReconnect
 .text.jt808ServerAuthSuccess
                0x000000000000c8d4       0x2e ./Task/app_server.o
                0x000000000000c8d4                jt808ServerAuthSuccess
 .text.jt808ServerConnTask
                0x000000000000c902      0x352 ./Task/app_server.o
                0x000000000000c902                jt808ServerConnTask
 .text.bleSerLoginReady
                0x000000000000cc54       0x12 ./Task/app_server.o
                0x000000000000cc54                bleSerLoginReady
 .text.bleServerConnTask
                0x000000000000cc66      0x1e4 ./Task/app_server.o
                0x000000000000cc66                bleServerConnTask
 .text.agpsRequestSet
                0x000000000000ce4a       0x22 ./Task/app_server.o
                0x000000000000ce4a                agpsRequestSet
 .text.agpsRequestClear
                0x000000000000ce6c       0x22 ./Task/app_server.o
                0x000000000000ce6c                agpsRequestClear
 .text.serverManageTask
                0x000000000000ce8e      0x310 ./Task/app_server.o
                0x000000000000ce8e                serverManageTask
 .text.primaryServerIsReady
                0x000000000000d19e       0x50 ./Task/app_server.o
                0x000000000000d19e                primaryServerIsReady
 .text.hiddenServerIsReady
                0x000000000000d1ee       0x2e ./Task/app_server.o
                0x000000000000d1ee                hiddenServerIsReady
 .text.socketListInit
                0x000000000000d21c       0x32 ./Task/app_socket.o
                0x000000000000d21c                socketListInit
 .text.socketAdd
                0x000000000000d24e       0x98 ./Task/app_socket.o
                0x000000000000d24e                socketAdd
 .text.socketDel
                0x000000000000d2e6       0x66 ./Task/app_socket.o
                0x000000000000d2e6                socketDel
 .text.socketDelAll
                0x000000000000d34c       0x38 ./Task/app_socket.o
                0x000000000000d34c                socketDelAll
 .text.socketGetUsedFlag
                0x000000000000d384       0x22 ./Task/app_socket.o
                0x000000000000d384                socketGetUsedFlag
 .text.socketGetConnStatus
                0x000000000000d3a6       0x22 ./Task/app_socket.o
                0x000000000000d3a6                socketGetConnStatus
 .text.socketSetConnState
                0x000000000000d3c8       0x1e ./Task/app_socket.o
                0x000000000000d3c8                socketSetConnState
 .text.socketRecv
                0x000000000000d3e6       0x2a ./Task/app_socket.o
                0x000000000000d3e6                socketRecv
 .text.socketSchedule
                0x000000000000d410      0x1c6 ./Task/app_socket.o
                0x000000000000d410                socketSchedule
 .text.asciiToHex
                0x000000000000d5d6       0x40 ./Task/app_sys.o
 .text.GetCrc16
                0x000000000000d616       0x3c ./Task/app_sys.o
                0x000000000000d616                GetCrc16
 .text.LogMessage
                0x000000000000d652       0xb2 ./Task/app_sys.o
                0x000000000000d652                LogMessage
 .text.LogMessageWL
                0x000000000000d704       0xb2 ./Task/app_sys.o
                0x000000000000d704                LogMessageWL
 .text.LogPrintf
                0x000000000000d7b6       0x6a ./Task/app_sys.o
                0x000000000000d7b6                LogPrintf
 .text.LogWL    0x000000000000d820       0x1a ./Task/app_sys.o
                0x000000000000d820                LogWL
 .text.mycmdPatch
                0x000000000000d83a       0x64 ./Task/app_sys.o
                0x000000000000d83a                mycmdPatch
 .text.getCharIndex
                0x000000000000d89e       0x1c ./Task/app_sys.o
                0x000000000000d89e                getCharIndex
 .text.my_strpach
                0x000000000000d8ba       0x4c ./Task/app_sys.o
                0x000000000000d8ba                my_strpach
 .text.my_getstrindex
                0x000000000000d906       0x70 ./Task/app_sys.o
                0x000000000000d906                my_getstrindex
 .text.my_strstr
                0x000000000000d976       0x50 ./Task/app_sys.o
                0x000000000000d976                my_strstr
 .text.distinguishOK
                0x000000000000d9c6       0x1a ./Task/app_sys.o
                0x000000000000d9c6                distinguishOK
 .text.getCharIndexWithNum
                0x000000000000d9e0       0x2c ./Task/app_sys.o
                0x000000000000d9e0                getCharIndexWithNum
 .text.byteToHexString
                0x000000000000da0c       0x48 ./Task/app_sys.o
                0x000000000000da0c                byteToHexString
 .text.changeHexStringToByteArray
                0x000000000000da54       0x64 ./Task/app_sys.o
                0x000000000000da54                changeHexStringToByteArray
 .text.changeHexStringToByteArray_10in
                0x000000000000dab8       0x6c ./Task/app_sys.o
                0x000000000000dab8                changeHexStringToByteArray_10in
 .text.stringToItem
                0x000000000000db24       0xc8 ./Task/app_sys.o
                0x000000000000db24                stringToItem
 .text.strToUppper
                0x000000000000dbec       0x2c ./Task/app_sys.o
                0x000000000000dbec                strToUppper
 .text.updateRTCtimeRequest
                0x000000000000dc18       0x14 ./Task/app_sys.o
                0x000000000000dc18                updateRTCtimeRequest
 .text.byteArrayInvert
                0x000000000000dc2c       0x2a ./Task/app_sys.o
                0x000000000000dc2c                byteArrayInvert
 .text.stringToLowwer
                0x000000000000dc56       0x30 ./Task/app_sys.o
                0x000000000000dc56                stringToLowwer
 .text.gpsUartRead
                0x000000000000dc86       0xde ./Task/app_task.o
                0x000000000000dc86                gpsUartRead
 .text.sendLbs  0x000000000000dd64       0x44 ./Task/app_task.o
 .text.changeGPSBaudRate
                0x000000000000dda8       0x66 ./Task/app_task.o
 .text.gpsCfg   0x000000000000de0e       0x40 ./Task/app_task.o
 .text.doDebugRecvPoll
                0x000000000000de4e       0x96 ./Task/app_task.o
                0x000000000000de4e                doDebugRecvPoll
 .text.ledTask  0x000000000000dee4       0xa0 ./Task/app_task.o
 .text.modeShutDownQuickly
                0x000000000000df84       0x5e ./Task/app_task.o
 .text.sysRunTimeCnt
                0x000000000000dfe2       0x32 ./Task/app_task.o
 .text.getTerminalAccState
                0x000000000000e014        0xc ./Task/app_task.o
                0x000000000000e014                getTerminalAccState
 .text.terminalAccon
                0x000000000000e020       0x1c ./Task/app_task.o
                0x000000000000e020                terminalAccon
 .text.terminalAccoff
                0x000000000000e03c       0x1a ./Task/app_task.o
                0x000000000000e03c                terminalAccoff
 .text.getTerminalChargeState
                0x000000000000e056        0xc ./Task/app_task.o
                0x000000000000e056                getTerminalChargeState
 .text.terminalAlarmSet
                0x000000000000e062       0x1a ./Task/app_task.o
                0x000000000000e062                terminalAlarmSet
 .text.terminalGPSUnFixed
                0x000000000000e07c       0x16 ./Task/app_task.o
                0x000000000000e07c                terminalGPSUnFixed
 .text.ledStatusUpdate
                0x000000000000e092       0x70 ./Task/app_task.o
                0x000000000000e092                ledStatusUpdate
 .text.gpsRequestSet
                0x000000000000e102       0x2e ./Task/app_task.o
                0x000000000000e102                gpsRequestSet
 .text.myTaskEventProcess
                0x000000000000e130      0x1da ./Task/app_task.o
 .text.gpsRequestClear
                0x000000000000e30a       0x32 ./Task/app_task.o
                0x000000000000e30a                gpsRequestClear
 .text.motionStateUpdate
                0x000000000000e33c      0x12e ./Task/app_task.o
 .text.gpsRequestGet
                0x000000000000e46a        0xe ./Task/app_task.o
                0x000000000000e46a                gpsRequestGet
 .text.gpsInWait
                0x000000000000e478       0x10 ./Task/app_task.o
                0x000000000000e478                gpsInWait
 .text.alarmRequestSet
                0x000000000000e488       0x32 ./Task/app_task.o
                0x000000000000e488                alarmRequestSet
 .text.alarmRequestClear
                0x000000000000e4ba       0x36 ./Task/app_task.o
                0x000000000000e4ba                alarmRequestClear
 .text.alarmRequestTask
                0x000000000000e4f0      0x22a ./Task/app_task.o
                0x000000000000e4f0                alarmRequestTask
 .text.motionOccur
                0x000000000000e71a       0x14 ./Task/app_task.o
                0x000000000000e71a                motionOccur
 .text.modeTryToStop
                0x000000000000e72e       0x14 ./Task/app_task.o
                0x000000000000e72e                modeTryToStop
 .text.bleScanCallBack
                0x000000000000e742       0xac ./Task/app_task.o
                0x000000000000e742                bleScanCallBack
 .text.bleConnCallBack
                0x000000000000e7ee       0x3a ./Task/app_task.o
                0x000000000000e7ee                bleConnCallBack
 .text.isModeRun
                0x000000000000e828       0x10 ./Task/app_task.o
                0x000000000000e828                isModeRun
 .text.lbsRequestSet
                0x000000000000e838       0x20 ./Task/app_task.o
                0x000000000000e838                lbsRequestSet
 .text.wifiRequestSet
                0x000000000000e858       0x20 ./Task/app_task.o
                0x000000000000e858                wifiRequestSet
 .text.wakeUpByInt
                0x000000000000e878       0x20 ./Task/app_task.o
                0x000000000000e878                wakeUpByInt
 .text.autoSleepTask
                0x000000000000e898       0xec ./Task/app_task.o
                0x000000000000e898                autoSleepTask
 .text.taskRunInSecond
                0x000000000000e984      0xc3a ./Task/app_task.o
                0x000000000000e984                taskRunInSecond
 .text.tiltSetRequest
                0x000000000000f5be       0x16 ./Task/app_task.o
                0x000000000000f5be                tiltSetRequest
 .text.myTaskPreInit
                0x000000000000f5d4       0xaa ./Task/app_task.o
                0x000000000000f5d4                myTaskPreInit
 .text.myTaskInit
                0x000000000000f67e       0x48 ./Task/app_task.o
                0x000000000000f67e                myTaskInit
 .text.ADC_ExtSingleChSampInit
                0x000000000000f6c6       0x24 ./StdPeriphDriver/CH58x_adc.o
                0x000000000000f6c6                ADC_ExtSingleChSampInit
 .text.ADC_InterTSSampInit
                0x000000000000f6ea       0x28 ./StdPeriphDriver/CH58x_adc.o
                0x000000000000f6ea                ADC_InterTSSampInit
 .text.ADC_ExcutSingleConver
                0x000000000000f712       0x20 ./StdPeriphDriver/CH58x_adc.o
                0x000000000000f712                ADC_ExcutSingleConver
 .text.HSECFG_Current
                0x000000000000f732       0x2e ./StdPeriphDriver/CH58x_clk.o
                0x000000000000f732                HSECFG_Current
 .text.LSECFG_Current
                0x000000000000f760       0x2e ./StdPeriphDriver/CH58x_clk.o
                0x000000000000f760                LSECFG_Current
 .text.LSECFG_Capacitance
                0x000000000000f78e       0x30 ./StdPeriphDriver/CH58x_clk.o
                0x000000000000f78e                LSECFG_Capacitance
 .text.Calibration_LSI
                0x000000000000f7be      0x226 ./StdPeriphDriver/CH58x_clk.o
                0x000000000000f7be                Calibration_LSI
 .text.RTC_InitTime
                0x000000000000f9e4      0x18e ./StdPeriphDriver/CH58x_clk.o
                0x000000000000f9e4                RTC_InitTime
 .text.RTC_GetTime
                0x000000000000fb72      0x15c ./StdPeriphDriver/CH58x_clk.o
                0x000000000000fb72                RTC_GetTime
 .text.RTC_GetCycle32k
                0x000000000000fcce       0x18 ./StdPeriphDriver/CH58x_clk.o
                0x000000000000fcce                RTC_GetCycle32k
 .text.GPIOA_ModeCfg
                0x000000000000fce6       0xa6 ./StdPeriphDriver/CH58x_gpio.o
                0x000000000000fce6                GPIOA_ModeCfg
 .text.GPIOB_ModeCfg
                0x000000000000fd8c       0xa6 ./StdPeriphDriver/CH58x_gpio.o
                0x000000000000fd8c                GPIOB_ModeCfg
 .text.GPIOA_ITModeCfg
                0x000000000000fe32       0x82 ./StdPeriphDriver/CH58x_gpio.o
                0x000000000000fe32                GPIOA_ITModeCfg
 .text.GPIOPinRemap
                0x000000000000feb4       0x1a ./StdPeriphDriver/CH58x_gpio.o
                0x000000000000feb4                GPIOPinRemap
 .text.PWR_DCDCCfg
                0x000000000000fece       0xae ./StdPeriphDriver/CH58x_pwr.o
                0x000000000000fece                PWR_DCDCCfg
 .text.GetSysClock
                0x000000000000ff7c       0x42 ./StdPeriphDriver/CH58x_sys.o
                0x000000000000ff7c                GetSysClock
 .text.SYS_ResetExecute
                0x000000000000ffbe       0x42 ./StdPeriphDriver/CH58x_sys.o
                0x000000000000ffbe                SYS_ResetExecute
 .text.SYS_DisableAllIrq
                0x0000000000010000       0x1c ./StdPeriphDriver/CH58x_sys.o
                0x0000000000010000                SYS_DisableAllIrq
 .text.SYS_RecoverIrq
                0x000000000001001c       0x14 ./StdPeriphDriver/CH58x_sys.o
                0x000000000001001c                SYS_RecoverIrq
 .text.SYS_GetSysTickCnt
                0x0000000000010030        0xa ./StdPeriphDriver/CH58x_sys.o
                0x0000000000010030                SYS_GetSysTickCnt
 .text.WWDG_ResetCfg
                0x000000000001003a       0x36 ./StdPeriphDriver/CH58x_sys.o
                0x000000000001003a                WWDG_ResetCfg
 .text.UART0_BaudRateCfg
                0x0000000000010070       0x32 ./StdPeriphDriver/CH58x_uart0.o
                0x0000000000010070                UART0_BaudRateCfg
 .text.UART0_DefInit
                0x00000000000100a2       0x34 ./StdPeriphDriver/CH58x_uart0.o
                0x00000000000100a2                UART0_DefInit
 .text.UART0_ByteTrigCfg
                0x00000000000100d6       0x1a ./StdPeriphDriver/CH58x_uart0.o
                0x00000000000100d6                UART0_ByteTrigCfg
 .text.UART0_INTCfg
                0x00000000000100f0       0x2a ./StdPeriphDriver/CH58x_uart0.o
                0x00000000000100f0                UART0_INTCfg
 .text.UART0_Reset
                0x000000000001011a        0xe ./StdPeriphDriver/CH58x_uart0.o
                0x000000000001011a                UART0_Reset
 .text.UART0_SendString
                0x0000000000010128       0x3a ./StdPeriphDriver/CH58x_uart0.o
                0x0000000000010128                UART0_SendString
 .text.UART0_RecvString
                0x0000000000010162       0x2a ./StdPeriphDriver/CH58x_uart0.o
                0x0000000000010162                UART0_RecvString
 .text.UART1_BaudRateCfg
                0x000000000001018c       0x32 ./StdPeriphDriver/CH58x_uart1.o
                0x000000000001018c                UART1_BaudRateCfg
 .text.UART1_DefInit
                0x00000000000101be       0x34 ./StdPeriphDriver/CH58x_uart1.o
                0x00000000000101be                UART1_DefInit
 .text.UART1_ByteTrigCfg
                0x00000000000101f2       0x1a ./StdPeriphDriver/CH58x_uart1.o
                0x00000000000101f2                UART1_ByteTrigCfg
 .text.UART1_INTCfg
                0x000000000001020c       0x2a ./StdPeriphDriver/CH58x_uart1.o
                0x000000000001020c                UART1_INTCfg
 .text.UART1_Reset
                0x0000000000010236        0xe ./StdPeriphDriver/CH58x_uart1.o
                0x0000000000010236                UART1_Reset
 .text.UART1_SendString
                0x0000000000010244       0x3a ./StdPeriphDriver/CH58x_uart1.o
                0x0000000000010244                UART1_SendString
 .text.UART1_RecvString
                0x000000000001027e       0x2a ./StdPeriphDriver/CH58x_uart1.o
                0x000000000001027e                UART1_RecvString
 .text.UART2_BaudRateCfg
                0x00000000000102a8       0x32 ./StdPeriphDriver/CH58x_uart2.o
                0x00000000000102a8                UART2_BaudRateCfg
 .text.UART2_DefInit
                0x00000000000102da       0x34 ./StdPeriphDriver/CH58x_uart2.o
                0x00000000000102da                UART2_DefInit
 .text.UART2_ByteTrigCfg
                0x000000000001030e       0x1a ./StdPeriphDriver/CH58x_uart2.o
                0x000000000001030e                UART2_ByteTrigCfg
 .text.UART2_INTCfg
                0x0000000000010328       0x2a ./StdPeriphDriver/CH58x_uart2.o
                0x0000000000010328                UART2_INTCfg
 .text.UART2_Reset
                0x0000000000010352        0xe ./StdPeriphDriver/CH58x_uart2.o
                0x0000000000010352                UART2_Reset
 .text.UART2_SendString
                0x0000000000010360       0x3a ./StdPeriphDriver/CH58x_uart2.o
                0x0000000000010360                UART2_SendString
 .text.UART2_RecvString
                0x000000000001039a       0x2a ./StdPeriphDriver/CH58x_uart2.o
                0x000000000001039a                UART2_RecvString
 .text.UART3_BaudRateCfg
                0x00000000000103c4       0x32 ./StdPeriphDriver/CH58x_uart3.o
                0x00000000000103c4                UART3_BaudRateCfg
 .text.UART3_DefInit
                0x00000000000103f6       0x34 ./StdPeriphDriver/CH58x_uart3.o
                0x00000000000103f6                UART3_DefInit
 .text.UART3_ByteTrigCfg
                0x000000000001042a       0x1a ./StdPeriphDriver/CH58x_uart3.o
                0x000000000001042a                UART3_ByteTrigCfg
 .text.UART3_INTCfg
                0x0000000000010444       0x2a ./StdPeriphDriver/CH58x_uart3.o
                0x0000000000010444                UART3_INTCfg
 .text.UART3_Reset
                0x000000000001046e        0xe ./StdPeriphDriver/CH58x_uart3.o
                0x000000000001046e                UART3_Reset
 .text.UART3_SendString
                0x000000000001047c       0x3a ./StdPeriphDriver/CH58x_uart3.o
                0x000000000001047c                UART3_SendString
 .text.UART3_RecvString
                0x00000000000104b6       0x2a ./StdPeriphDriver/CH58x_uart3.o
                0x00000000000104b6                UART3_RecvString
 .text.Lib_Calibration_LSI
                0x00000000000104e0        0x6 ./HAL/MCU.o
                0x00000000000104e0                Lib_Calibration_LSI
 .text.Lib_Read_Flash
                0x00000000000104e6       0x1c ./HAL/MCU.o
                0x00000000000104e6                Lib_Read_Flash
 .text.Lib_Write_Flash
                0x0000000000010502       0x42 ./HAL/MCU.o
                0x0000000000010502                Lib_Write_Flash
 .text.HAL_GetInterTempValue
                0x0000000000010544       0x72 ./HAL/MCU.o
                0x0000000000010544                HAL_GetInterTempValue
 .text.HAL_ProcessEvent
                0x00000000000105b6       0x8a ./HAL/MCU.o
                0x00000000000105b6                HAL_ProcessEvent
 .text.CH58X_BLEInit
                0x0000000000010640      0x138 ./HAL/MCU.o
                0x0000000000010640                CH58X_BLEInit
 .text.HAL_Init
                0x0000000000010778       0x3a ./HAL/MCU.o
                0x0000000000010778                HAL_Init
 .text.RTC_SetTignTime
                0x00000000000107b2       0x24 ./HAL/RTC.o
                0x00000000000107b2                RTC_SetTignTime
 .text.HAL_TimeInit
                0x00000000000107d6       0x3e ./HAL/RTC.o
                0x00000000000107d6                HAL_TimeInit
 .text.sleepSetState
                0x0000000000010814        0x6 ./HAL/SLEEP.o
                0x0000000000010814                sleepSetState
 .text.CH58X_LowPower
                0x000000000001081a       0x98 ./HAL/SLEEP.o
                0x000000000001081a                CH58X_LowPower
 .text.HAL_SleepInit
                0x00000000000108b2       0x42 ./HAL/SLEEP.o
                0x00000000000108b2                HAL_SleepInit
 .text.appCentralRssiReadCallBack
                0x00000000000108f4       0x12 ./APP/app_central.o
 .text.appCentralHciDataLenChangeCallBack
                0x0000000000010906       0x14 ./APP/app_central.o
 .text.doGattMsgEvent
                0x000000000001091a      0x4b8 ./APP/app_central.o
 .text.appCentralInit
                0x0000000000010dd2       0xa2 ./APP/app_central.o
                0x0000000000010dd2                appCentralInit
 .text.centralStartDisc
                0x0000000000010e74       0x2c ./APP/app_central.o
                0x0000000000010e74                centralStartDisc
 .text.centralEstablish
                0x0000000000010ea0       0x24 ./APP/app_central.o
                0x0000000000010ea0                centralEstablish
 .text.centralTerminate
                0x0000000000010ec4       0x24 ./APP/app_central.o
                0x0000000000010ec4                centralTerminate
 .text.centralWrite
                0x0000000000010ee8       0x84 ./APP/app_central.o
                0x0000000000010ee8                centralWrite
 .text.centralSendData
                0x0000000000010f6c       0x10 ./APP/app_central.o
                0x0000000000010f6c                centralSendData
 .text.appCentralTaskEventProcess.part.0
                0x0000000000010f7c      0x1de ./APP/app_central.o
 .text.appCentralTaskEventProcess
                0x000000000001115a       0x86 ./APP/app_central.o
 .text.scanListAdd
                0x00000000000111e0       0xe8 ./APP/app_central.o
                0x00000000000111e0                scanListAdd
 .text.scanListDisplay
                0x00000000000112c8       0x7c ./APP/app_central.o
                0x00000000000112c8                scanListDisplay
 .text.appCentralGapRoleEventCallBack
                0x0000000000011344      0x2a4 ./APP/app_central.o
 .text.startup.main
                0x00000000000115e8       0x32 ./APP/app_main.o
                0x00000000000115e8                main
 .text.appSendNotifyData
                0x000000000001161a       0x98 ./APP/app_peripheral.o
                0x000000000001161a                appSendNotifyData
 .text.cos      0x00000000000116b2       0x92 d:/软件工具/mounriver_studio_setup_v142/mounriver_studio/toolchain/risc-v embedded gcc/bin/../lib/gcc/riscv-none-embed/8.2.0/../../../../riscv-none-embed/lib/rv32imac/ilp32\libm.a(lib_a-s_cos.o)
                0x00000000000116b2                cos
 .text.sin      0x0000000000011744       0x94 d:/软件工具/mounriver_studio_setup_v142/mounriver_studio/toolchain/risc-v embedded gcc/bin/../lib/gcc/riscv-none-embed/8.2.0/../../../../riscv-none-embed/lib/rv32imac/ilp32\libm.a(lib_a-s_sin.o)
                0x0000000000011744                sin
 .text.asin     0x00000000000117d8       0xbe d:/软件工具/mounriver_studio_setup_v142/mounriver_studio/toolchain/risc-v embedded gcc/bin/../lib/gcc/riscv-none-embed/8.2.0/../../../../riscv-none-embed/lib/rv32imac/ilp32\libm.a(lib_a-w_asin.o)
                0x00000000000117d8                asin
 .text.pow      0x0000000000011896      0x326 d:/软件工具/mounriver_studio_setup_v142/mounriver_studio/toolchain/risc-v embedded gcc/bin/../lib/gcc/riscv-none-embed/8.2.0/../../../../riscv-none-embed/lib/rv32imac/ilp32\libm.a(lib_a-w_pow.o)
                0x0000000000011896                pow
 .text.sqrt     0x0000000000011bbc       0xba d:/软件工具/mounriver_studio_setup_v142/mounriver_studio/toolchain/risc-v embedded gcc/bin/../lib/gcc/riscv-none-embed/8.2.0/../../../../riscv-none-embed/lib/rv32imac/ilp32\libm.a(lib_a-w_sqrt.o)
                0x0000000000011bbc                sqrt
 .text.__ieee754_asin
                0x0000000000011c76      0x468 d:/软件工具/mounriver_studio_setup_v142/mounriver_studio/toolchain/risc-v embedded gcc/bin/../lib/gcc/riscv-none-embed/8.2.0/../../../../riscv-none-embed/lib/rv32imac/ilp32\libm.a(lib_a-e_asin.o)
                0x0000000000011c76                __ieee754_asin
 .text.__ieee754_pow
                0x00000000000120de      0xad8 d:/软件工具/mounriver_studio_setup_v142/mounriver_studio/toolchain/risc-v embedded gcc/bin/../lib/gcc/riscv-none-embed/8.2.0/../../../../riscv-none-embed/lib/rv32imac/ilp32\libm.a(lib_a-e_pow.o)
                0x00000000000120de                __ieee754_pow
 .text.__ieee754_rem_pio2
                0x0000000000012bb6      0x466 d:/软件工具/mounriver_studio_setup_v142/mounriver_studio/toolchain/risc-v embedded gcc/bin/../lib/gcc/riscv-none-embed/8.2.0/../../../../riscv-none-embed/lib/rv32imac/ilp32\libm.a(lib_a-e_rem_pio2.o)
                0x0000000000012bb6                __ieee754_rem_pio2
 .text.__ieee754_sqrt
                0x000000000001301c      0x1d6 d:/软件工具/mounriver_studio_setup_v142/mounriver_studio/toolchain/risc-v embedded gcc/bin/../lib/gcc/riscv-none-embed/8.2.0/../../../../riscv-none-embed/lib/rv32imac/ilp32\libm.a(lib_a-e_sqrt.o)
                0x000000000001301c                __ieee754_sqrt
 .text.__kernel_cos
                0x00000000000131f2      0x2b8 d:/软件工具/mounriver_studio_setup_v142/mounriver_studio/toolchain/risc-v embedded gcc/bin/../lib/gcc/riscv-none-embed/8.2.0/../../../../riscv-none-embed/lib/rv32imac/ilp32\libm.a(lib_a-k_cos.o)
                0x00000000000131f2                __kernel_cos
 .text.__kernel_rem_pio2
                0x00000000000134aa      0x952 d:/软件工具/mounriver_studio_setup_v142/mounriver_studio/toolchain/risc-v embedded gcc/bin/../lib/gcc/riscv-none-embed/8.2.0/../../../../riscv-none-embed/lib/rv32imac/ilp32\libm.a(lib_a-k_rem_pio2.o)
                0x00000000000134aa                __kernel_rem_pio2
 .text.__kernel_sin
                0x0000000000013dfc      0x19a d:/软件工具/mounriver_studio_setup_v142/mounriver_studio/toolchain/risc-v embedded gcc/bin/../lib/gcc/riscv-none-embed/8.2.0/../../../../riscv-none-embed/lib/rv32imac/ilp32\libm.a(lib_a-k_sin.o)
                0x0000000000013dfc                __kernel_sin
 .text.fabs     0x0000000000013f96        0x6 d:/软件工具/mounriver_studio_setup_v142/mounriver_studio/toolchain/risc-v embedded gcc/bin/../lib/gcc/riscv-none-embed/8.2.0/../../../../riscv-none-embed/lib/rv32imac/ilp32\libm.a(lib_a-s_fabs.o)
                0x0000000000013f96                fabs
 .text.finite   0x0000000000013f9c        0xe d:/软件工具/mounriver_studio_setup_v142/mounriver_studio/toolchain/risc-v embedded gcc/bin/../lib/gcc/riscv-none-embed/8.2.0/../../../../riscv-none-embed/lib/rv32imac/ilp32\libm.a(lib_a-s_finite.o)
                0x0000000000013f9c                finite
 .text.floor    0x0000000000013faa      0x158 d:/软件工具/mounriver_studio_setup_v142/mounriver_studio/toolchain/risc-v embedded gcc/bin/../lib/gcc/riscv-none-embed/8.2.0/../../../../riscv-none-embed/lib/rv32imac/ilp32\libm.a(lib_a-s_floor.o)
                0x0000000000013faa                floor
 .text.matherr  0x0000000000014102        0x4 d:/软件工具/mounriver_studio_setup_v142/mounriver_studio/toolchain/risc-v embedded gcc/bin/../lib/gcc/riscv-none-embed/8.2.0/../../../../riscv-none-embed/lib/rv32imac/ilp32\libm.a(lib_a-s_matherr.o)
                0x0000000000014102                matherr
 .text.nan      0x0000000000014106        0xe d:/软件工具/mounriver_studio_setup_v142/mounriver_studio/toolchain/risc-v embedded gcc/bin/../lib/gcc/riscv-none-embed/8.2.0/../../../../riscv-none-embed/lib/rv32imac/ilp32\libm.a(lib_a-s_nan.o)
                0x0000000000014106                nan
 .text.rint     0x0000000000014114      0x18c d:/软件工具/mounriver_studio_setup_v142/mounriver_studio/toolchain/risc-v embedded gcc/bin/../lib/gcc/riscv-none-embed/8.2.0/../../../../riscv-none-embed/lib/rv32imac/ilp32\libm.a(lib_a-s_rint.o)
                0x0000000000014114                rint
 .text.scalbn   0x00000000000142a0      0x140 d:/软件工具/mounriver_studio_setup_v142/mounriver_studio/toolchain/risc-v embedded gcc/bin/../lib/gcc/riscv-none-embed/8.2.0/../../../../riscv-none-embed/lib/rv32imac/ilp32\libm.a(lib_a-s_scalbn.o)
                0x00000000000142a0                scalbn
 .text.copysign
                0x00000000000143e0       0x16 d:/软件工具/mounriver_studio_setup_v142/mounriver_studio/toolchain/risc-v embedded gcc/bin/../lib/gcc/riscv-none-embed/8.2.0/../../../../riscv-none-embed/lib/rv32imac/ilp32\libm.a(lib_a-s_copysign.o)
                0x00000000000143e0                copysign
 .text.tmos_msg_enqueue
                0x00000000000143f6       0x1e R:\ZTProject\ZT09_Air780E\ZT09_Air780E\zt09_air780e_app\LIB\libCH58xBLE.a(message.o)
                0x00000000000143f6                tmos_msg_enqueue
 .text.tmos_msg_deallocate
                0x0000000000014414       0x2c R:\ZTProject\ZT09_Air780E\ZT09_Air780E\zt09_air780e_app\LIB\libCH58xBLE.a(message.o)
                0x0000000000014414                tmos_msg_deallocate
 .text.tmos_msg_allocate
                0x0000000000014440       0x46 R:\ZTProject\ZT09_Air780E\ZT09_Air780E\zt09_air780e_app\LIB\libCH58xBLE.a(message.o)
                0x0000000000014440                tmos_msg_allocate
 .text.tmos_msg_receive
                0x0000000000014486       0x6a R:\ZTProject\ZT09_Air780E\ZT09_Air780E\zt09_air780e_app\LIB\libCH58xBLE.a(message.o)
                0x0000000000014486                tmos_msg_receive
 .text.tmos_msg_send
                0x00000000000144f0       0x62 R:\ZTProject\ZT09_Air780E\ZT09_Air780E\zt09_air780e_app\LIB\libCH58xBLE.a(message.o)
                0x00000000000144f0                tmos_msg_send
 .text.tmos_msg_init
                0x0000000000014552        0x6 R:\ZTProject\ZT09_Air780E\ZT09_Air780E\zt09_air780e_app\LIB\libCH58xBLE.a(message.o)
                0x0000000000014552                tmos_msg_init
 .text.tmosFindTask
                0x0000000000014558       0x20 R:\ZTProject\ZT09_Air780E\ZT09_Air780E\zt09_air780e_app\LIB\libCH58xBLE.a(tmos.o)
 .text.TMOS_CB_PeriodicProcessEvent
                0x0000000000014578       0x82 R:\ZTProject\ZT09_Air780E\ZT09_Air780E\zt09_air780e_app\LIB\libCH58xBLE.a(tmos.o)
                0x0000000000014578                TMOS_CB_PeriodicProcessEvent
 .text.TMOS_CB_ProcessEvent
                0x00000000000145fa       0x80 R:\ZTProject\ZT09_Air780E\ZT09_Air780E\zt09_air780e_app\LIB\libCH58xBLE.a(tmos.o)
                0x00000000000145fa                TMOS_CB_ProcessEvent
 .text.tmos_rand
                0x000000000001467a       0x4e R:\ZTProject\ZT09_Air780E\ZT09_Air780E\zt09_air780e_app\LIB\libCH58xBLE.a(tmos.o)
                0x000000000001467a                tmos_rand
 .text.tmos_proces_sleep
                0x00000000000146c8      0x122 R:\ZTProject\ZT09_Air780E\ZT09_Air780E\zt09_air780e_app\LIB\libCH58xBLE.a(tmos.o)
                0x00000000000146c8                tmos_proces_sleep
 .text.tmos_start_periodic_callback_task
                0x00000000000147ea       0xf0 R:\ZTProject\ZT09_Air780E\ZT09_Air780E\zt09_air780e_app\LIB\libCH58xBLE.a(tmos.o)
                0x00000000000147ea                tmos_start_periodic_callback_task
 .text.tmos_set_event
                0x00000000000148da       0x2a R:\ZTProject\ZT09_Air780E\ZT09_Air780E\zt09_air780e_app\LIB\libCH58xBLE.a(tmos.o)
                0x00000000000148da                tmos_set_event
 .text.tmos_clear_event
                0x0000000000014904       0x2e R:\ZTProject\ZT09_Air780E\ZT09_Air780E\zt09_air780e_app\LIB\libCH58xBLE.a(tmos.o)
                0x0000000000014904                tmos_clear_event
 .text.tmos_update_callback_timer
                0x0000000000014932       0xbc R:\ZTProject\ZT09_Air780E\ZT09_Air780E\zt09_air780e_app\LIB\libCH58xBLE.a(tmos.o)
                0x0000000000014932                tmos_update_callback_timer
 .text.tmos_start_task
                0x00000000000149ee      0x114 R:\ZTProject\ZT09_Air780E\ZT09_Air780E\zt09_air780e_app\LIB\libCH58xBLE.a(tmos.o)
                0x00000000000149ee                tmos_start_task
 .text.tmos_start_callback_task
                0x0000000000014b02       0x96 R:\ZTProject\ZT09_Air780E\ZT09_Air780E\zt09_air780e_app\LIB\libCH58xBLE.a(tmos.o)
                0x0000000000014b02                tmos_start_callback_task
 .text.tmos_start_reload_task
                0x0000000000014b98       0x58 R:\ZTProject\ZT09_Air780E\ZT09_Air780E\zt09_air780e_app\LIB\libCH58xBLE.a(tmos.o)
                0x0000000000014b98                tmos_start_reload_task
 .text.tmos_stop_task
                0x0000000000014bf0       0x4a R:\ZTProject\ZT09_Air780E\ZT09_Air780E\zt09_air780e_app\LIB\libCH58xBLE.a(tmos.o)
                0x0000000000014bf0                tmos_stop_task
 .text.tmos_stop_callback_task
                0x0000000000014c3a       0x58 R:\ZTProject\ZT09_Air780E\ZT09_Air780E\zt09_air780e_app\LIB\libCH58xBLE.a(tmos.o)
                0x0000000000014c3a                tmos_stop_callback_task
 .text.tmos_get_task_timer
                0x0000000000014c92       0x68 R:\ZTProject\ZT09_Air780E\ZT09_Air780E\zt09_air780e_app\LIB\libCH58xBLE.a(tmos.o)
                0x0000000000014c92                tmos_get_task_timer
 .text.TMOS_TimerRegister
                0x0000000000014cfa       0x1a R:\ZTProject\ZT09_Air780E\ZT09_Air780E\zt09_air780e_app\LIB\libCH58xBLE.a(tmos.o)
                0x0000000000014cfa                TMOS_TimerRegister
 .text.TMOS_ProcessRegister
                0x0000000000014d14       0x16 R:\ZTProject\ZT09_Air780E\ZT09_Air780E\zt09_air780e_app\LIB\libCH58xBLE.a(tmos.o)
                0x0000000000014d14                TMOS_ProcessRegister
 .text.TMOS_Init
                0x0000000000014d2a      0x10e R:\ZTProject\ZT09_Air780E\ZT09_Air780E\zt09_air780e_app\LIB\libCH58xBLE.a(tmos.o)
                0x0000000000014d2a                TMOS_Init
 .text.TMOS_ProcessEventRegister
                0x0000000000014e38       0x38 R:\ZTProject\ZT09_Air780E\ZT09_Air780E\zt09_air780e_app\LIB\libCH58xBLE.a(tmos.o)
                0x0000000000014e38                TMOS_ProcessEventRegister
 .text.BLE_LibInit
                0x0000000000014e70      0x174 R:\ZTProject\ZT09_Air780E\ZT09_Air780E\zt09_air780e_app\LIB\libCH58xBLE.a(tmos.o)
                0x0000000000014e70                BLE_LibInit
 .text.clockGetTickValve
                0x0000000000014fe4       0x6c R:\ZTProject\ZT09_Air780E\ZT09_Air780E\zt09_air780e_app\LIB\libCH58xBLE.a(tmos_hw.o)
 .text.ll_get_sca_divisor
                0x0000000000015050       0x40 R:\ZTProject\ZT09_Air780E\ZT09_Air780E\zt09_air780e_app\LIB\libCH58xBLE.a(tmos_hw.o)
                0x0000000000015050                ll_get_sca_divisor
 .text.ll_get_sca_own
                0x0000000000015090       0x46 R:\ZTProject\ZT09_Air780E\ZT09_Air780E\zt09_air780e_app\LIB\libCH58xBLE.a(tmos_hw.o)
                0x0000000000015090                ll_get_sca_own
 .text.ble_ll_common_rand8
                0x00000000000150d6       0x24 R:\ZTProject\ZT09_Air780E\ZT09_Air780E\zt09_air780e_app\LIB\libCH58xBLE.a(tmos_hw.o)
                0x00000000000150d6                ble_ll_common_rand8
 .text.ble_ll_common_rand16
                0x00000000000150fa       0x24 R:\ZTProject\ZT09_Air780E\ZT09_Air780E\zt09_air780e_app\LIB\libCH58xBLE.a(tmos_hw.o)
                0x00000000000150fa                ble_ll_common_rand16
 .text.ble_ll_common_rand32
                0x000000000001511e       0x20 R:\ZTProject\ZT09_Air780E\ZT09_Air780E\zt09_air780e_app\LIB\libCH58xBLE.a(tmos_hw.o)
                0x000000000001511e                ble_ll_common_rand32
 .text.TMOS_TempSample
                0x000000000001513e       0x62 R:\ZTProject\ZT09_Air780E\ZT09_Air780E\zt09_air780e_app\LIB\libCH58xBLE.a(tmos_hw.o)
                0x000000000001513e                TMOS_TempSample
 .text.TMOS_TimerInit
                0x00000000000151a0       0xc2 R:\ZTProject\ZT09_Air780E\ZT09_Air780E\zt09_air780e_app\LIB\libCH58xBLE.a(tmos_hw.o)
                0x00000000000151a0                TMOS_TimerInit
 .text.tmos_snv_init
                0x0000000000015262       0xc0 R:\ZTProject\ZT09_Air780E\ZT09_Air780E\zt09_air780e_app\LIB\libCH58xBLE.a(tmos_snv.o)
                0x0000000000015262                tmos_snv_init
 .text.tmos_snv_clear
                0x0000000000015322       0xb2 R:\ZTProject\ZT09_Air780E\ZT09_Air780E\zt09_air780e_app\LIB\libCH58xBLE.a(tmos_snv.o)
                0x0000000000015322                tmos_snv_clear
 .text.tmos_snv_read
                0x00000000000153d4      0x292 R:\ZTProject\ZT09_Air780E\ZT09_Air780E\zt09_air780e_app\LIB\libCH58xBLE.a(tmos_snv.o)
                0x00000000000153d4                tmos_snv_read
 .text.tmos_snv_notify
                0x0000000000015666       0x5a R:\ZTProject\ZT09_Air780E\ZT09_Air780E\zt09_air780e_app\LIB\libCH58xBLE.a(tmos_snv.o)
                0x0000000000015666                tmos_snv_notify
 .text.tmos_snv_write
                0x00000000000156c0      0x2ce R:\ZTProject\ZT09_Air780E\ZT09_Air780E\zt09_air780e_app\LIB\libCH58xBLE.a(tmos_snv.o)
                0x00000000000156c0                tmos_snv_write
 .text.tmos_snv_compact
                0x000000000001598e        0x4 R:\ZTProject\ZT09_Air780E\ZT09_Air780E\zt09_air780e_app\LIB\libCH58xBLE.a(tmos_snv.o)
                0x000000000001598e                tmos_snv_compact
 .text.disconnectNext
                0x0000000000015992       0x22 R:\ZTProject\ZT09_Air780E\ZT09_Air780E\zt09_air780e_app\LIB\libCH58xBLE.a(gap.o)
 .text.GAP_ParamInit
                0x00000000000159b4       0xdc R:\ZTProject\ZT09_Air780E\ZT09_Air780E\zt09_air780e_app\LIB\libCH58xBLE.a(gap.o)
                0x00000000000159b4                GAP_ParamInit
 .text.sendTerminateEvent
                0x0000000000015a90       0x58 R:\ZTProject\ZT09_Air780E\ZT09_Air780E\zt09_air780e_app\LIB\libCH58xBLE.a(gap.o)
                0x0000000000015a90                sendTerminateEvent
 .text.gapRegisterCentral
                0x0000000000015ae8        0x6 R:\ZTProject\ZT09_Air780E\ZT09_Air780E\zt09_air780e_app\LIB\libCH58xBLE.a(gap.o)
                0x0000000000015ae8                gapRegisterCentral
 .text.gapRegisterCentralConn
                0x0000000000015aee        0x6 R:\ZTProject\ZT09_Air780E\ZT09_Air780E\zt09_air780e_app\LIB\libCH58xBLE.a(gap.o)
                0x0000000000015aee                gapRegisterCentralConn
 .text.gapRegisterPeripheral
                0x0000000000015af4        0x6 R:\ZTProject\ZT09_Air780E\ZT09_Air780E\zt09_air780e_app\LIB\libCH58xBLE.a(gap.o)
                0x0000000000015af4                gapRegisterPeripheral
 .text.gapRegisterPeripheralConn
                0x0000000000015afa        0x6 R:\ZTProject\ZT09_Air780E\ZT09_Air780E\zt09_air780e_app\LIB\libCH58xBLE.a(gap.o)
                0x0000000000015afa                gapRegisterPeripheralConn
 .text.smGenerateRandBuf
                0x0000000000015b00       0x56 R:\ZTProject\ZT09_Air780E\ZT09_Air780E\zt09_air780e_app\LIB\libCH58xBLE.a(gap.o)
                0x0000000000015b00                smGenerateRandBuf
 .text.gapL2capConnParamUpdateReq
                0x0000000000015b56       0x36 R:\ZTProject\ZT09_Air780E\ZT09_Air780E\zt09_air780e_app\LIB\libCH58xBLE.a(gap.o)
                0x0000000000015b56                gapL2capConnParamUpdateReq
 .text.gapValidADType
                0x0000000000015b8c       0x16 R:\ZTProject\ZT09_Air780E\ZT09_Air780E\zt09_air780e_app\LIB\libCH58xBLE.a(gap.o)
                0x0000000000015b8c                gapValidADType
 .text.gapFindADType
                0x0000000000015ba2       0x94 R:\ZTProject\ZT09_Air780E\ZT09_Air780E\zt09_air780e_app\LIB\libCH58xBLE.a(gap.o)
                0x0000000000015ba2                gapFindADType
 .text.GAP_SecParamsInit
                0x0000000000015c36       0xae R:\ZTProject\ZT09_Air780E\ZT09_Air780E\zt09_air780e_app\LIB\libCH58xBLE.a(gap.o)
                0x0000000000015c36                GAP_SecParamsInit
 .text.GAP_ParamsInit
                0x0000000000015ce4       0x50 R:\ZTProject\ZT09_Air780E\ZT09_Air780E\zt09_air780e_app\LIB\libCH58xBLE.a(gap.o)
                0x0000000000015ce4                GAP_ParamsInit
 .text.gapAddAddrAdj
                0x0000000000015d34       0x48 R:\ZTProject\ZT09_Air780E\ZT09_Air780E\zt09_air780e_app\LIB\libCH58xBLE.a(gap.o)
                0x0000000000015d34                gapAddAddrAdj
 .text.gapDetermineAddrType
                0x0000000000015d7c       0x28 R:\ZTProject\ZT09_Air780E\ZT09_Air780E\zt09_air780e_app\LIB\libCH58xBLE.a(gap.o)
                0x0000000000015d7c                gapDetermineAddrType
 .text.gapFreeAuthLink
                0x0000000000015da4       0x4a R:\ZTProject\ZT09_Air780E\ZT09_Air780E\zt09_air780e_app\LIB\libCH58xBLE.a(gap.o)
                0x0000000000015da4                gapFreeAuthLink
 .text.gapGetDevAddress
                0x0000000000015dee       0x24 R:\ZTProject\ZT09_Air780E\ZT09_Air780E\zt09_air780e_app\LIB\libCH58xBLE.a(gap.o)
                0x0000000000015dee                gapGetDevAddress
 .text.gapGetDevAddressMode
                0x0000000000015e12        0xa R:\ZTProject\ZT09_Air780E\ZT09_Air780E\zt09_air780e_app\LIB\libCH58xBLE.a(gap.o)
                0x0000000000015e12                gapGetDevAddressMode
 .text.gapGetIRK
                0x0000000000015e1c        0xc R:\ZTProject\ZT09_Air780E\ZT09_Air780E\zt09_air780e_app\LIB\libCH58xBLE.a(gap.o)
                0x0000000000015e1c                gapGetIRK
 .text.gapGetSRK
                0x0000000000015e28        0xc R:\ZTProject\ZT09_Air780E\ZT09_Air780E\zt09_air780e_app\LIB\libCH58xBLE.a(gap.o)
                0x0000000000015e28                gapGetSRK
 .text.gapGetSignCounter
                0x0000000000015e34        0xe R:\ZTProject\ZT09_Air780E\ZT09_Air780E\zt09_air780e_app\LIB\libCH58xBLE.a(gap.o)
                0x0000000000015e34                gapGetSignCounter
 .text.gapIncSignCounter
                0x0000000000015e42       0x28 R:\ZTProject\ZT09_Air780E\ZT09_Air780E\zt09_air780e_app\LIB\libCH58xBLE.a(gap.o)
                0x0000000000015e42                gapIncSignCounter
 .text.gapProcessConnEvt
                0x0000000000015e6a       0x48 R:\ZTProject\ZT09_Air780E\ZT09_Air780E\zt09_air780e_app\LIB\libCH58xBLE.a(gap.o)
                0x0000000000015e6a                gapProcessConnEvt
 .text.gapProcessDisconnectCompleteEvt
                0x0000000000015eb2       0xaa R:\ZTProject\ZT09_Air780E\ZT09_Air780E\zt09_air780e_app\LIB\libCH58xBLE.a(gap.o)
                0x0000000000015eb2                gapProcessDisconnectCompleteEvt
 .text.sendAuthEvent
                0x0000000000015f5c      0x120 R:\ZTProject\ZT09_Air780E\ZT09_Air780E\zt09_air780e_app\LIB\libCH58xBLE.a(gap.o)
                0x0000000000015f5c                sendAuthEvent
 .text.gapSendBondCompleteEvent
                0x000000000001607c       0x74 R:\ZTProject\ZT09_Air780E\ZT09_Air780E\zt09_air780e_app\LIB\libCH58xBLE.a(gap.o)
                0x000000000001607c                gapSendBondCompleteEvent
 .text.gapSendPairingReqEvent
                0x00000000000160f0       0x96 R:\ZTProject\ZT09_Air780E\ZT09_Air780E\zt09_air780e_app\LIB\libCH58xBLE.a(gap.o)
                0x00000000000160f0                gapSendPairingReqEvent
 .text.gapSendSlaveSecurityReqEvent
                0x0000000000016186       0x68 R:\ZTProject\ZT09_Air780E\ZT09_Air780E\zt09_air780e_app\LIB\libCH58xBLE.a(gap.o)
                0x0000000000016186                gapSendSlaveSecurityReqEvent
 .text.gapSendDeviceInitDoneEvent
                0x00000000000161ee       0x88 R:\ZTProject\ZT09_Air780E\ZT09_Air780E\zt09_air780e_app\LIB\libCH58xBLE.a(gap.o)
                0x00000000000161ee                gapSendDeviceInitDoneEvent
 .text.gapSendLinkUpdateEvent
                0x0000000000016276       0xb2 R:\ZTProject\ZT09_Air780E\ZT09_Air780E\zt09_air780e_app\LIB\libCH58xBLE.a(gap.o)
                0x0000000000016276                gapSendLinkUpdateEvent
 .text.gapSendPhyUpdateEvent
                0x0000000000016328       0x58 R:\ZTProject\ZT09_Air780E\ZT09_Air780E\zt09_air780e_app\LIB\libCH58xBLE.a(gap.o)
                0x0000000000016328                gapSendPhyUpdateEvent
 .text.gapSendEstLinkEvent
                0x0000000000016380       0xbc R:\ZTProject\ZT09_Air780E\ZT09_Air780E\zt09_air780e_app\LIB\libCH58xBLE.a(gap.o)
                0x0000000000016380                gapSendEstLinkEvent
 .text.gapProcessNewAddr
                0x000000000001643c       0x3e R:\ZTProject\ZT09_Air780E\ZT09_Air780E\zt09_air780e_app\LIB\libCH58xBLE.a(gap.o)
                0x000000000001643c                gapProcessNewAddr
 .text.gapProcessRandomAddrComplete
                0x000000000001647a       0xb6 R:\ZTProject\ZT09_Air780E\ZT09_Air780E\zt09_air780e_app\LIB\libCH58xBLE.a(gap.o)
                0x000000000001647a                gapProcessRandomAddrComplete
 .text.GAP_Authenticate
                0x0000000000016530       0xde R:\ZTProject\ZT09_Air780E\ZT09_Air780E\zt09_air780e_app\LIB\libCH58xBLE.a(gap.o)
                0x0000000000016530                GAP_Authenticate
 .text.GAP_Bond
                0x000000000001660e       0xaa R:\ZTProject\ZT09_Air780E\ZT09_Air780E\zt09_air780e_app\LIB\libCH58xBLE.a(gap.o)
                0x000000000001660e                GAP_Bond
 .text.GAP_GetParamValue
                0x00000000000166b8       0x20 R:\ZTProject\ZT09_Air780E\ZT09_Air780E\zt09_air780e_app\LIB\libCH58xBLE.a(gap.o)
                0x00000000000166b8                GAP_GetParamValue
 .text.GAP_PasscodeUpdate
                0x00000000000166d8       0x54 R:\ZTProject\ZT09_Air780E\ZT09_Air780E\zt09_air780e_app\LIB\libCH58xBLE.a(gap.o)
                0x00000000000166d8                GAP_PasscodeUpdate
 .text.GAP_RegisterForMsgs
                0x000000000001672c        0xa R:\ZTProject\ZT09_Air780E\ZT09_Air780E\zt09_air780e_app\LIB\libCH58xBLE.a(gap.o)
                0x000000000001672c                GAP_RegisterForMsgs
 .text.GAP_ResolvePrivateAddr
                0x0000000000016736        0x4 R:\ZTProject\ZT09_Air780E\ZT09_Air780E\zt09_air780e_app\LIB\libCH58xBLE.a(gap.o)
                0x0000000000016736                GAP_ResolvePrivateAddr
 .text.gapPairingCompleteCB
                0x000000000001673a      0x18c R:\ZTProject\ZT09_Air780E\ZT09_Air780E\zt09_air780e_app\LIB\libCH58xBLE.a(gap.o)
                0x000000000001673a                gapPairingCompleteCB
 .text.gapPasskeyNeededCB
                0x00000000000168c6       0x8e R:\ZTProject\ZT09_Air780E\ZT09_Air780E\zt09_air780e_app\LIB\libCH58xBLE.a(gap.o)
                0x00000000000168c6                gapPasskeyNeededCB
 .text.gapOobNeededCB
                0x0000000000016954       0xa6 R:\ZTProject\ZT09_Air780E\ZT09_Air780E\zt09_air780e_app\LIB\libCH58xBLE.a(gap.o)
                0x0000000000016954                gapOobNeededCB
 .text.gapFreeEstLink
                0x00000000000169fa       0x20 R:\ZTProject\ZT09_Air780E\ZT09_Air780E\zt09_air780e_app\LIB\libCH58xBLE.a(gap.o)
                0x00000000000169fa                gapFreeEstLink
 .text.gapUpdateConnSignCounter
                0x0000000000016a1a       0x7a R:\ZTProject\ZT09_Air780E\ZT09_Air780E\zt09_air780e_app\LIB\libCH58xBLE.a(gap.o)
                0x0000000000016a1a                gapUpdateConnSignCounter
 .text.GAP_SendSlaveSecurityRequest
                0x0000000000016a94       0x4a R:\ZTProject\ZT09_Air780E\ZT09_Air780E\zt09_air780e_app\LIB\libCH58xBLE.a(gap.o)
                0x0000000000016a94                GAP_SendSlaveSecurityRequest
 .text.GAP_Signable
                0x0000000000016ade       0x6a R:\ZTProject\ZT09_Air780E\ZT09_Air780E\zt09_air780e_app\LIB\libCH58xBLE.a(gap.o)
                0x0000000000016ade                GAP_Signable
 .text.GAP_TerminateAuth
                0x0000000000016b48       0x2a R:\ZTProject\ZT09_Air780E\ZT09_Air780E\zt09_air780e_app\LIB\libCH58xBLE.a(gap.o)
                0x0000000000016b48                GAP_TerminateAuth
 .text.GAP_NumActiveConnections
                0x0000000000016b72        0x4 R:\ZTProject\ZT09_Air780E\ZT09_Air780E\zt09_air780e_app\LIB\libCH58xBLE.a(gap.o)
                0x0000000000016b72                GAP_NumActiveConnections
 .text.GAP_TerminateLinkReq
                0x0000000000016b76       0x8e R:\ZTProject\ZT09_Air780E\ZT09_Air780E\zt09_air780e_app\LIB\libCH58xBLE.a(gap.o)
                0x0000000000016b76                GAP_TerminateLinkReq